Archive member included to satisfy reference by file (symbol)

/Users/geekzjk/opt/gcc-arm-none-eabi-9-2019-q4-major/bin/../lib/gcc/arm-none-eabi/9.2.1/../../../../arm-none-eabi/lib/thumb/v7e-m+fp/hard/libc_nano.a(lib_a-exit.o)
                              /Users/geekzjk/opt/gcc-arm-none-eabi-9-2019-q4-major/bin/../lib/gcc/arm-none-eabi/9.2.1/../../../../arm-none-eabi/lib/thumb/v7e-m+fp/hard/crt0.o (exit)
/Users/geekzjk/opt/gcc-arm-none-eabi-9-2019-q4-major/bin/../lib/gcc/arm-none-eabi/9.2.1/../../../../arm-none-eabi/lib/thumb/v7e-m+fp/hard/libc_nano.a(lib_a-impure.o)
                              /Users/geekzjk/opt/gcc-arm-none-eabi-9-2019-q4-major/bin/../lib/gcc/arm-none-eabi/9.2.1/../../../../arm-none-eabi/lib/thumb/v7e-m+fp/hard/libc_nano.a(lib_a-exit.o) (_global_impure_ptr)
/Users/geekzjk/opt/gcc-arm-none-eabi-9-2019-q4-major/bin/../lib/gcc/arm-none-eabi/9.2.1/../../../../arm-none-eabi/lib/thumb/v7e-m+fp/hard/libc_nano.a(lib_a-init.o)
                              /Users/geekzjk/opt/gcc-arm-none-eabi-9-2019-q4-major/bin/../lib/gcc/arm-none-eabi/9.2.1/../../../../arm-none-eabi/lib/thumb/v7e-m+fp/hard/crt0.o (__libc_init_array)
/Users/geekzjk/opt/gcc-arm-none-eabi-9-2019-q4-major/bin/../lib/gcc/arm-none-eabi/9.2.1/../../../../arm-none-eabi/lib/thumb/v7e-m+fp/hard/libc_nano.a(lib_a-memset.o)
                              /Users/geekzjk/opt/gcc-arm-none-eabi-9-2019-q4-major/bin/../lib/gcc/arm-none-eabi/9.2.1/../../../../arm-none-eabi/lib/thumb/v7e-m+fp/hard/crt0.o (memset)
/Users/geekzjk/opt/gcc-arm-none-eabi-9-2019-q4-major/bin/../lib/gcc/arm-none-eabi/9.2.1/../../../../arm-none-eabi/lib/thumb/v7e-m+fp/hard/libnosys.a(_exit.o)
                              /Users/geekzjk/opt/gcc-arm-none-eabi-9-2019-q4-major/bin/../lib/gcc/arm-none-eabi/9.2.1/../../../../arm-none-eabi/lib/thumb/v7e-m+fp/hard/libc_nano.a(lib_a-exit.o) (_exit)
/Users/geekzjk/opt/gcc-arm-none-eabi-9-2019-q4-major/bin/../lib/gcc/arm-none-eabi/9.2.1/thumb/v7e-m+fp/hard/libgcc.a(_arm_addsubdf3.o)
                              build/motor_driver.o (__aeabi_dadd)
/Users/geekzjk/opt/gcc-arm-none-eabi-9-2019-q4-major/bin/../lib/gcc/arm-none-eabi/9.2.1/thumb/v7e-m+fp/hard/libgcc.a(_arm_fixunsdfsi.o)
                              build/motor_driver.o (__aeabi_d2uiz)
/Users/geekzjk/opt/gcc-arm-none-eabi-9-2019-q4-major/bin/../lib/gcc/arm-none-eabi/9.2.1/thumb/v7e-m+fp/hard/libgcc.a(_aeabi_uldivmod.o)
                              build/stm32f4xx_hal_rcc.o (__aeabi_uldivmod)
/Users/geekzjk/opt/gcc-arm-none-eabi-9-2019-q4-major/bin/../lib/gcc/arm-none-eabi/9.2.1/thumb/v7e-m+fp/hard/libgcc.a(_udivmoddi4.o)
                              /Users/geekzjk/opt/gcc-arm-none-eabi-9-2019-q4-major/bin/../lib/gcc/arm-none-eabi/9.2.1/thumb/v7e-m+fp/hard/libgcc.a(_aeabi_uldivmod.o) (__udivmoddi4)
/Users/geekzjk/opt/gcc-arm-none-eabi-9-2019-q4-major/bin/../lib/gcc/arm-none-eabi/9.2.1/thumb/v7e-m+fp/hard/libgcc.a(_dvmd_tls.o)
                              /Users/geekzjk/opt/gcc-arm-none-eabi-9-2019-q4-major/bin/../lib/gcc/arm-none-eabi/9.2.1/thumb/v7e-m+fp/hard/libgcc.a(_aeabi_uldivmod.o) (__aeabi_ldiv0)

Allocating common symbols
Common symbol       size              file

motor_pid_current   0x38              build/motor_driver.o
drv8301_spi_tx_dat  0x2               build/motor_driver.o
motor_pid_position  0x38              build/motor_driver.o
motor_pid           0x38              build/user_main.o
uwTick              0x4               build/stm32f4xx_hal.o
adc_result          0x2               build/motor_driver.o
pFlash              0x20              build/stm32f4xx_hal_flash.o
hspi3               0x58              build/spi.o
hadc1               0x48              build/adc.o
hdma_adc1           0x60              build/adc.o
adc_result_raw      0x2               build/motor_driver.o
htim6               0x40              build/tim.o
htim1               0x40              build/tim.o
current_dc_offset   0x4               build/motor_driver.o
motor_pid_speed     0x38              build/motor_driver.o
motor               0x10              build/motor_driver.o
htim7               0x40              build/tim.o
drv8301_spi_rx_dat  0x2               build/motor_driver.o
hall_tick_10us      0x4               build/motor_driver.o

Discarded input sections

 .text          0x0000000000000000        0x0 /Users/geekzjk/opt/gcc-arm-none-eabi-9-2019-q4-major/bin/../lib/gcc/arm-none-eabi/9.2.1/thumb/v7e-m+fp/hard/crti.o
 .data          0x0000000000000000        0x0 /Users/geekzjk/opt/gcc-arm-none-eabi-9-2019-q4-major/bin/../lib/gcc/arm-none-eabi/9.2.1/thumb/v7e-m+fp/hard/crti.o
 .bss           0x0000000000000000        0x0 /Users/geekzjk/opt/gcc-arm-none-eabi-9-2019-q4-major/bin/../lib/gcc/arm-none-eabi/9.2.1/thumb/v7e-m+fp/hard/crti.o
 .data          0x0000000000000000        0x4 /Users/geekzjk/opt/gcc-arm-none-eabi-9-2019-q4-major/bin/../lib/gcc/arm-none-eabi/9.2.1/thumb/v7e-m+fp/hard/crtbegin.o
[...]
Memory Configuration

Name             Origin             Length             Attributes
RAM              0x0000000020000000 0x0000000000020000 xrw
CCMRAM           0x0000000010000000 0x0000000000010000 rw
FLASH            0x0000000008000000 0x0000000000100000 xr
*default*        0x0000000000000000 0xffffffffffffffff

Linker script and memory map

LOAD /Users/geekzjk/opt/gcc-arm-none-eabi-9-2019-q4-major/bin/../lib/gcc/arm-none-eabi/9.2.1/thumb/v7e-m+fp/hard/crti.o
LOAD /Users/geekzjk/opt/gcc-arm-none-eabi-9-2019-q4-major/bin/../lib/gcc/arm-none-eabi/9.2.1/thumb/v7e-m+fp/hard/crtbegin.o
LOAD /Users/geekzjk/opt/gcc-arm-none-eabi-9-2019-q4-major/bin/../lib/gcc/arm-none-eabi/9.2.1/../../../../arm-none-eabi/lib/thumb/v7e-m+fp/hard/crt0.o
LOAD build/main.o
LOAD build/gpio.o
LOAD build/adc.o
LOAD build/dma.o
LOAD build/spi.o
LOAD build/sys.o
LOAD build/tim.o
LOAD build/stm32f4xx_it.o
LOAD build/stm32f4xx_hal_msp.o
LOAD build/stm32f4xx_hal_adc.o
LOAD build/stm32f4xx_hal_adc_ex.o
LOAD build/stm32f4xx_hal_rcc.o
LOAD build/stm32f4xx_hal_rcc_ex.o
LOAD build/stm32f4xx_hal_flash.o
LOAD build/stm32f4xx_hal_flash_ex.o
LOAD build/stm32f4xx_hal_flash_ramfunc.o
LOAD build/stm32f4xx_hal_gpio.o
LOAD build/stm32f4xx_hal_dma_ex.o
LOAD build/stm32f4xx_hal_dma.o
LOAD build/stm32f4xx_hal_pwr.o
LOAD build/stm32f4xx_hal_pwr_ex.o
LOAD build/stm32f4xx_hal_cortex.o
LOAD build/stm32f4xx_hal.o
LOAD build/stm32f4xx_hal_exti.o
LOAD build/stm32f4xx_hal_spi.o
LOAD build/stm32f4xx_hal_tim.o
LOAD build/stm32f4xx_hal_tim_ex.o
LOAD build/system_stm32f4xx.o
LOAD build/user_main.o
LOAD build/motor_driver.o
LOAD build/algorithm.o
LOAD build/startup_stm32f405xx.o
LOAD /Users/geekzjk/opt/gcc-arm-none-eabi-9-2019-q4-major/bin/../lib/gcc/arm-none-eabi/9.2.1/../../../../arm-none-eabi/lib/thumb/v7e-m+fp/hard/libc_nano.a
LOAD /Users/geekzjk/opt/gcc-arm-none-eabi-9-2019-q4-major/bin/../lib/gcc/arm-none-eabi/9.2.1/../../../../arm-none-eabi/lib/thumb/v7e-m+fp/hard/libm.a
LOAD /Users/geekzjk/opt/gcc-arm-none-eabi-9-2019-q4-major/bin/../lib/gcc/arm-none-eabi/9.2.1/../../../../arm-none-eabi/lib/thumb/v7e-m+fp/hard/libnosys.a
START GROUP
LOAD /Users/geekzjk/opt/gcc-arm-none-eabi-9-2019-q4-major/bin/../lib/gcc/arm-none-eabi/9.2.1/thumb/v7e-m+fp/hard/libgcc.a
LOAD /Users/geekzjk/opt/gcc-arm-none-eabi-9-2019-q4-major/bin/../lib/gcc/arm-none-eabi/9.2.1/../../../../arm-none-eabi/lib/thumb/v7e-m+fp/hard/libc_nano.a
END GROUP
START GROUP
LOAD /Users/geekzjk/opt/gcc-arm-none-eabi-9-2019-q4-major/bin/../lib/gcc/arm-none-eabi/9.2.1/thumb/v7e-m+fp/hard/libgcc.a
LOAD /Users/geekzjk/opt/gcc-arm-none-eabi-9-2019-q4-major/bin/../lib/gcc/arm-none-eabi/9.2.1/../../../../arm-none-eabi/lib/thumb/v7e-m+fp/hard/libc_nano.a
END GROUP
LOAD /Users/geekzjk/opt/gcc-arm-none-eabi-9-2019-q4-major/bin/../lib/gcc/arm-none-eabi/9.2.1/thumb/v7e-m+fp/hard/crtend.o
LOAD /Users/geekzjk/opt/gcc-arm-none-eabi-9-2019-q4-major/bin/../lib/gcc/arm-none-eabi/9.2.1/thumb/v7e-m+fp/hard/crtn.o
                0x0000000020020000                _estack = 0x20020000
                0x0000000000000200                _Min_Heap_Size = 0x200
                0x0000000000000400                _Min_Stack_Size = 0x400

.isr_vector     0x0000000008000000      0x188
                0x0000000008000000                . = ALIGN (0x4)
 *(.isr_vector)
 .isr_vector    0x0000000008000000      0x188 build/startup_stm32f405xx.o
                0x0000000008000000                g_pfnVectors
                0x0000000008000188                . = ALIGN (0x4)

.text           0x0000000008000188     0x2ae0
                0x0000000008000188                . = ALIGN (0x4)
 *(.text)
 .text          0x0000000008000188       0x40 /Users/geekzjk/opt/gcc-arm-none-eabi-9-2019-q4-major/bin/../lib/gcc/arm-none-eabi/9.2.1/thumb/v7e-m+fp/hard/crtbegin.o
 .text          0x00000000080001c8       0x30 /Users/geekzjk/opt/gcc-arm-none-eabi-9-2019-q4-major/bin/../lib/gcc/arm-none-eabi/9.2.1/thumb/v7e-m+fp/hard/libgcc.a(_aeabi_uldivmod.o)
                0x00000000080001c8                __aeabi_uldivmod
 .text          0x00000000080001f8      0x2c4 /Users/geekzjk/opt/gcc-arm-none-eabi-9-2019-q4-major/bin/../lib/gcc/arm-none-eabi/9.2.1/thumb/v7e-m+fp/hard/libgcc.a(_udivmoddi4.o)
                0x00000000080001f8                __udivmoddi4
 .text          0x00000000080004bc        0x4 /Users/geekzjk/opt/gcc-arm-none-eabi-9-2019-q4-major/bin/../lib/gcc/arm-none-eabi/9.2.1/thumb/v7e-m+fp/hard/libgcc.a(_dvmd_tls.o)
                0x00000000080004bc                __aeabi_ldiv0
                0x00000000080004bc                __aeabi_idiv0
 *(.text*)
 .text.SystemClock_Config
                0x00000000080004c0       0x94 build/main.o
                0x00000000080004c0                SystemClock_Config
 .text.main     0x0000000008000554       0x30 build/main.o
                0x0000000008000554                main
 .text.Error_Handler
                0x0000000008000584        0x2 build/main.o
                0x0000000008000584                Error_Handler
 *fill*         0x0000000008000586        0x2 
 .text.MX_GPIO_Init
                0x0000000008000588      0x134 build/gpio.o
                0x0000000008000588                MX_GPIO_Init
 .text.MX_ADC1_Init
                0x00000000080006bc       0xa0 build/adc.o
                0x00000000080006bc                MX_ADC1_Init
 .text.HAL_ADC_MspInit
                0x000000000800075c       0xac build/adc.o
                0x000000000800075c                HAL_ADC_MspInit
 .text.MX_DMA_Init
                0x0000000008000808       0x34 build/dma.o
                0x0000000008000808                MX_DMA_Init
 .text.MX_SPI3_Init
                0x000000000800083c       0x48 build/spi.o
                0x000000000800083c                MX_SPI3_Init
 .text.HAL_SPI_MspInit
                0x0000000008000884       0x74 build/spi.o
                0x0000000008000884                HAL_SPI_MspInit
 .text.MX_TIM6_Init
                0x00000000080008f8       0x50 build/tim.o
                0x00000000080008f8                MX_TIM6_Init
 .text.MX_TIM7_Init
                0x0000000008000948       0x54 build/tim.o
                0x0000000008000948                MX_TIM7_Init
 .text.HAL_TIM_Base_MspInit
                0x000000000800099c       0x98 build/tim.o
                0x000000000800099c                HAL_TIM_Base_MspInit
 .text.HAL_TIM_MspPostInit
                0x0000000008000a34       0x88 build/tim.o
                0x0000000008000a34                HAL_TIM_MspPostInit
 .text.MX_TIM1_Init
                0x0000000008000abc      0x110 build/tim.o
                0x0000000008000abc                MX_TIM1_Init
 .text.NMI_Handler
                0x0000000008000bcc        0x2 build/stm32f4xx_it.o
                0x0000000008000bcc                NMI_Handler
 .text.HardFault_Handler
                0x0000000008000bce        0x2 build/stm32f4xx_it.o
                0x0000000008000bce                HardFault_Handler
 .text.MemManage_Handler
                0x0000000008000bd0        0x2 build/stm32f4xx_it.o
                0x0000000008000bd0                MemManage_Handler
 .text.BusFault_Handler
                0x0000000008000bd2        0x2 build/stm32f4xx_it.o
                0x0000000008000bd2                BusFault_Handler
 .text.UsageFault_Handler
                0x0000000008000bd4        0x2 build/stm32f4xx_it.o
                0x0000000008000bd4                UsageFault_Handler
 .text.SVC_Handler
                0x0000000008000bd6        0x2 build/stm32f4xx_it.o
                0x0000000008000bd6                SVC_Handler
 .text.DebugMon_Handler
                0x0000000008000bd8        0x2 build/stm32f4xx_it.o
                0x0000000008000bd8                DebugMon_Handler
 .text.PendSV_Handler
                0x0000000008000bda        0x2 build/stm32f4xx_it.o
                0x0000000008000bda                PendSV_Handler
 .text.SysTick_Handler
                0x0000000008000bdc        0x8 build/stm32f4xx_it.o
                0x0000000008000bdc                SysTick_Handler
 .text.EXTI4_IRQHandler
                0x0000000008000be4       0x16 build/stm32f4xx_it.o
                0x0000000008000be4                EXTI4_IRQHandler
 .text.EXTI9_5_IRQHandler
                0x0000000008000bfa       0x1e build/stm32f4xx_it.o
                0x0000000008000bfa                EXTI9_5_IRQHandler
 .text.TIM6_DAC_IRQHandler
                0x0000000008000c18       0x20 build/stm32f4xx_it.o
                0x0000000008000c18                TIM6_DAC_IRQHandler
 .text.TIM7_IRQHandler
                0x0000000008000c38       0x10 build/stm32f4xx_it.o
                0x0000000008000c38                TIM7_IRQHandler
 .text.DMA2_Stream0_IRQHandler
                0x0000000008000c48       0x10 build/stm32f4xx_it.o
                0x0000000008000c48                DMA2_Stream0_IRQHandler
 .text.HAL_MspInit
                0x0000000008000c58       0x38 build/stm32f4xx_hal_msp.o
                0x0000000008000c58                HAL_MspInit
 .text.ADC_Init
                0x0000000008000c90      0x134 build/stm32f4xx_hal_adc.o
 .text.HAL_ADC_Init
                0x0000000008000dc4       0x56 build/stm32f4xx_hal_adc.o
                0x0000000008000dc4                HAL_ADC_Init
 *fill*         0x0000000008000e1a        0x2 
 .text.HAL_ADC_ConfigChannel
                0x0000000008000e1c      0x190 build/stm32f4xx_hal_adc.o
                0x0000000008000e1c                HAL_ADC_ConfigChannel
 .text.HAL_RCC_OscConfig
                0x0000000008000fac      0x3ec build/stm32f4xx_hal_rcc.o
                0x0000000008000fac                HAL_RCC_OscConfig
 .text.HAL_RCC_GetSysClockFreq
                0x0000000008001398       0xcc build/stm32f4xx_hal_rcc.o
                0x0000000008001398                HAL_RCC_GetSysClockFreq
 .text.HAL_RCC_ClockConfig
                0x0000000008001464      0x160 build/stm32f4xx_hal_rcc.o
                0x0000000008001464                HAL_RCC_ClockConfig
 .text.HAL_GPIO_Init
                0x00000000080015c4      0x1cc build/stm32f4xx_hal_gpio.o
                0x00000000080015c4                HAL_GPIO_Init
 .text.HAL_GPIO_ReadPin
                0x0000000008001790        0xe build/stm32f4xx_hal_gpio.o
                0x0000000008001790                HAL_GPIO_ReadPin
 .text.HAL_GPIO_WritePin
                0x000000000800179e        0xc build/stm32f4xx_hal_gpio.o
                0x000000000800179e                HAL_GPIO_WritePin
 .text.HAL_GPIO_EXTI_Callback
                0x00000000080017aa        0x2 build/stm32f4xx_hal_gpio.o
                0x00000000080017aa                HAL_GPIO_EXTI_Callback
 .text.HAL_GPIO_EXTI_IRQHandler
                0x00000000080017ac       0x1c build/stm32f4xx_hal_gpio.o
                0x00000000080017ac                HAL_GPIO_EXTI_IRQHandler
 .text.DMA_CalcBaseAndBitshift
                0x00000000080017c8       0x44 build/stm32f4xx_hal_dma.o
 .text.DMA_CheckFifoParam
                0x000000000800180c       0x8e build/stm32f4xx_hal_dma.o
 *fill*         0x000000000800189a        0x2 
 .text.HAL_DMA_Init
                0x000000000800189c       0xcc build/stm32f4xx_hal_dma.o
                0x000000000800189c                HAL_DMA_Init
 .text.HAL_DMA_IRQHandler
                0x0000000008001968      0x1dc build/stm32f4xx_hal_dma.o
                0x0000000008001968                HAL_DMA_IRQHandler
 .text.HAL_NVIC_SetPriorityGrouping
                0x0000000008001b44       0x24 build/stm32f4xx_hal_cortex.o
                0x0000000008001b44                HAL_NVIC_SetPriorityGrouping
 .text.HAL_NVIC_SetPriority
                0x0000000008001b68       0x68 build/stm32f4xx_hal_cortex.o
                0x0000000008001b68                HAL_NVIC_SetPriority
 .text.HAL_NVIC_EnableIRQ
                0x0000000008001bd0       0x1c build/stm32f4xx_hal_cortex.o
                0x0000000008001bd0                HAL_NVIC_EnableIRQ
 .text.HAL_SYSTICK_Config
                0x0000000008001bec       0x2c build/stm32f4xx_hal_cortex.o
                0x0000000008001bec                HAL_SYSTICK_Config
 .text.HAL_InitTick
                0x0000000008001c18       0x4c build/stm32f4xx_hal.o
                0x0000000008001c18                HAL_InitTick
 .text.HAL_Init
                0x0000000008001c64       0x34 build/stm32f4xx_hal.o
                0x0000000008001c64                HAL_Init
 .text.HAL_IncTick
                0x0000000008001c98       0x18 build/stm32f4xx_hal.o
                0x0000000008001c98                HAL_IncTick
 .text.HAL_GetTick
                0x0000000008001cb0        0xc build/stm32f4xx_hal.o
                0x0000000008001cb0                HAL_GetTick
 .text.HAL_Delay
                0x0000000008001cbc       0x28 build/stm32f4xx_hal.o
                0x0000000008001cbc                HAL_Delay
 .text.HAL_SPI_Init
                0x0000000008001ce4       0x80 build/stm32f4xx_hal_spi.o
                0x0000000008001ce4                HAL_SPI_Init
 .text.TIM_OC1_SetConfig
                0x0000000008001d64       0x68 build/stm32f4xx_hal_tim.o
 .text.TIM_OC3_SetConfig
                0x0000000008001dcc       0x70 build/stm32f4xx_hal_tim.o
 .text.TIM_OC4_SetConfig
                0x0000000008001e3c       0x50 build/stm32f4xx_hal_tim.o
 .text.TIM_TI1_ConfigInputStage
                0x0000000008001e8c       0x24 build/stm32f4xx_hal_tim.o
 .text.TIM_TI2_ConfigInputStage
                0x0000000008001eb0       0x26 build/stm32f4xx_hal_tim.o
 .text.TIM_ITRx_SetConfig
                0x0000000008001ed6       0x10 build/stm32f4xx_hal_tim.o
 .text.HAL_TIM_Base_Start_IT
                0x0000000008001ee6       0x22 build/stm32f4xx_hal_tim.o
                0x0000000008001ee6                HAL_TIM_Base_Start_IT
 .text.HAL_TIM_PWM_MspInit
                0x0000000008001f08        0x2 build/stm32f4xx_hal_tim.o
                0x0000000008001f08                HAL_TIM_PWM_MspInit
 .text.HAL_TIM_PeriodElapsedCallback
                0x0000000008001f0a        0x2 build/stm32f4xx_hal_tim.o
                0x0000000008001f0a                HAL_TIM_PeriodElapsedCallback
 .text.HAL_TIM_OC_DelayElapsedCallback
                0x0000000008001f0c        0x2 build/stm32f4xx_hal_tim.o
                0x0000000008001f0c                HAL_TIM_OC_DelayElapsedCallback
 .text.HAL_TIM_IC_CaptureCallback
                0x0000000008001f0e        0x2 build/stm32f4xx_hal_tim.o
                0x0000000008001f0e                HAL_TIM_IC_CaptureCallback
 .text.HAL_TIM_PWM_PulseFinishedCallback
                0x0000000008001f10        0x2 build/stm32f4xx_hal_tim.o
                0x0000000008001f10                HAL_TIM_PWM_PulseFinishedCallback
 .text.HAL_TIM_TriggerCallback
                0x0000000008001f12        0x2 build/stm32f4xx_hal_tim.o
                0x0000000008001f12                HAL_TIM_TriggerCallback
 .text.HAL_TIM_IRQHandler
                0x0000000008001f14      0x17a build/stm32f4xx_hal_tim.o
                0x0000000008001f14                HAL_TIM_IRQHandler
 *fill*         0x000000000800208e        0x2 
 .text.TIM_Base_SetConfig
                0x0000000008002090       0xc8 build/stm32f4xx_hal_tim.o
                0x0000000008002090                TIM_Base_SetConfig
 .text.HAL_TIM_Base_Init
                0x0000000008002158       0x34 build/stm32f4xx_hal_tim.o
                0x0000000008002158                HAL_TIM_Base_Init
 .text.HAL_TIM_PWM_Init
                0x000000000800218c       0x34 build/stm32f4xx_hal_tim.o
                0x000000000800218c                HAL_TIM_PWM_Init
 .text.TIM_OC2_SetConfig
                0x00000000080021c0       0x70 build/stm32f4xx_hal_tim.o
                0x00000000080021c0                TIM_OC2_SetConfig
 .text.HAL_TIM_PWM_ConfigChannel
                0x0000000008002230       0xdc build/stm32f4xx_hal_tim.o
                0x0000000008002230                HAL_TIM_PWM_ConfigChannel
 .text.TIM_ETR_SetConfig
                0x000000000800230c       0x18 build/stm32f4xx_hal_tim.o
                0x000000000800230c                TIM_ETR_SetConfig
 .text.HAL_TIM_ConfigClockSource
                0x0000000008002324       0xda build/stm32f4xx_hal_tim.o
                0x0000000008002324                HAL_TIM_ConfigClockSource
 .text.TIM_CCxChannelCmd
                0x00000000080023fe       0x24 build/stm32f4xx_hal_tim.o
                0x00000000080023fe                TIM_CCxChannelCmd
 *fill*         0x0000000008002422        0x2 
 .text.HAL_TIM_PWM_Start
                0x0000000008002424       0x40 build/stm32f4xx_hal_tim.o
                0x0000000008002424                HAL_TIM_PWM_Start
 .text.HAL_TIM_PWM_Stop
                0x0000000008002464       0x68 build/stm32f4xx_hal_tim.o
                0x0000000008002464                HAL_TIM_PWM_Stop
 .text.TIM_CCxNChannelCmd
                0x00000000080024cc       0x24 build/stm32f4xx_hal_tim_ex.o
 .text.HAL_TIMEx_PWMN_Start
                0x00000000080024f0       0x2e build/stm32f4xx_hal_tim_ex.o
                0x00000000080024f0                HAL_TIMEx_PWMN_Start
 .text.HAL_TIMEx_PWMN_Stop
                0x000000000800251e       0x4c build/stm32f4xx_hal_tim_ex.o
                0x000000000800251e                HAL_TIMEx_PWMN_Stop
 *fill*         0x000000000800256a        0x2 
 .text.HAL_TIMEx_MasterConfigSynchronization
                0x000000000800256c       0x88 build/stm32f4xx_hal_tim_ex.o
                0x000000000800256c                HAL_TIMEx_MasterConfigSynchronization
 .text.HAL_TIMEx_ConfigBreakDeadTime
                0x00000000080025f4       0x52 build/stm32f4xx_hal_tim_ex.o
                0x00000000080025f4                HAL_TIMEx_ConfigBreakDeadTime
 .text.HAL_TIMEx_CommutCallback
                0x0000000008002646        0x2 build/stm32f4xx_hal_tim_ex.o
                0x0000000008002646                HAL_TIMEx_CommutCallback
 .text.HAL_TIMEx_BreakCallback
                0x0000000008002648        0x2 build/stm32f4xx_hal_tim_ex.o
                0x0000000008002648                HAL_TIMEx_BreakCallback
 *fill*         0x000000000800264a        0x2 
 .text.SystemInit
                0x000000000800264c       0x1c build/system_stm32f4xx.o
                0x000000000800264c                SystemInit
 .text.user_setup
                0x0000000008002668       0x1c build/user_main.o
                0x0000000008002668                user_setup
 .text.user_loop
                0x0000000008002684        0xa build/user_main.o
                0x0000000008002684                user_loop
 *fill*         0x000000000800268e        0x2 
 .text.read_hall
                0x0000000008002690       0x48 build/motor_driver.o
                0x0000000008002690                read_hall
 .text.mosfet_control
                0x00000000080026d8      0x1a4 build/motor_driver.o
                0x00000000080026d8                mosfet_control
 .text.phase_select
                0x000000000800287c       0xc8 build/motor_driver.o
                0x000000000800287c                phase_select
 .text.motor_start
                0x0000000008002944       0x30 build/motor_driver.o
                0x0000000008002944                motor_start
 .text.motor_change_phase
                0x0000000008002974       0x48 build/motor_driver.o
                0x0000000008002974                motor_change_phase
 .text.motor_get_speed
                0x00000000080029bc       0xe4 build/motor_driver.o
                0x00000000080029bc                motor_get_speed
 .text.motor_check_0_speed
                0x0000000008002aa0       0x60 build/motor_driver.o
                0x0000000008002aa0                motor_check_0_speed
 .text.motor_get_position
                0x0000000008002b00       0xa4 build/motor_driver.o
                0x0000000008002b00                motor_get_position
 .text.Reset_Handler
                0x0000000008002ba4       0x50 build/startup_stm32f405xx.o
                0x0000000008002ba4                Reset_Handler
 .text.Default_Handler
                0x0000000008002bf4        0x2 build/startup_stm32f405xx.o
                0x0000000008002bf4                DMA1_Stream3_IRQHandler
                0x0000000008002bf4                HASH_RNG_IRQHandler
                0x0000000008002bf4                EXTI2_IRQHandler
                0x0000000008002bf4                TIM8_CC_IRQHandler
                0x0000000008002bf4                TIM1_CC_IRQHandler
                0x0000000008002bf4                DMA2_Stream5_IRQHandler
                0x0000000008002bf4                DMA1_Stream5_IRQHandler
                0x0000000008002bf4                PVD_IRQHandler
                0x0000000008002bf4                SDIO_IRQHandler
                0x0000000008002bf4                TAMP_STAMP_IRQHandler
                0x0000000008002bf4                CAN2_RX1_IRQHandler
                0x0000000008002bf4                EXTI3_IRQHandler
                0x0000000008002bf4                TIM8_TRG_COM_TIM14_IRQHandler
                0x0000000008002bf4                TIM1_UP_TIM10_IRQHandler
                0x0000000008002bf4                TIM8_UP_TIM13_IRQHandler
                0x0000000008002bf4                I2C3_ER_IRQHandler
                0x0000000008002bf4                EXTI0_IRQHandler
                0x0000000008002bf4                I2C2_EV_IRQHandler
                0x0000000008002bf4                DMA1_Stream2_IRQHandler
                0x0000000008002bf4                CAN1_RX0_IRQHandler
                0x0000000008002bf4                FPU_IRQHandler
                0x0000000008002bf4                OTG_HS_WKUP_IRQHandler
                0x0000000008002bf4                CAN2_SCE_IRQHandler
                0x0000000008002bf4                DMA2_Stream2_IRQHandler
                0x0000000008002bf4                SPI1_IRQHandler
                0x0000000008002bf4                TIM1_BRK_TIM9_IRQHandler
                0x0000000008002bf4                CAN2_RX0_IRQHandler
                0x0000000008002bf4                DMA2_Stream3_IRQHandler
                0x0000000008002bf4                USART6_IRQHandler
                0x0000000008002bf4                USART3_IRQHandler
                0x0000000008002bf4                CAN1_RX1_IRQHandler
                0x0000000008002bf4                UART5_IRQHandler
                0x0000000008002bf4                TIM4_IRQHandler
                0x0000000008002bf4                I2C1_EV_IRQHandler
                0x0000000008002bf4                DMA1_Stream6_IRQHandler
                0x0000000008002bf4                DMA1_Stream1_IRQHandler
                0x0000000008002bf4                UART4_IRQHandler
                0x0000000008002bf4                TIM3_IRQHandler
                0x0000000008002bf4                RCC_IRQHandler
                0x0000000008002bf4                TIM8_BRK_TIM12_IRQHandler
                0x0000000008002bf4                Default_Handler
                0x0000000008002bf4                EXTI15_10_IRQHandler
                0x0000000008002bf4                ADC_IRQHandler
                0x0000000008002bf4                DMA1_Stream7_IRQHandler
                0x0000000008002bf4                CAN2_TX_IRQHandler
                0x0000000008002bf4                TIM5_IRQHandler
                0x0000000008002bf4                DMA2_Stream7_IRQHandler
                0x0000000008002bf4                I2C3_EV_IRQHandler
                0x0000000008002bf4                RTC_WKUP_IRQHandler
                0x0000000008002bf4                SPI2_IRQHandler
                0x0000000008002bf4                OTG_HS_EP1_IN_IRQHandler
                0x0000000008002bf4                DMA1_Stream0_IRQHandler
                0x0000000008002bf4                CAN1_TX_IRQHandler
                0x0000000008002bf4                FSMC_IRQHandler
                0x0000000008002bf4                OTG_HS_EP1_OUT_IRQHandler
                0x0000000008002bf4                WWDG_IRQHandler
                0x0000000008002bf4                TIM2_IRQHandler
                0x0000000008002bf4                OTG_FS_WKUP_IRQHandler
                0x0000000008002bf4                TIM1_TRG_COM_TIM11_IRQHandler
                0x0000000008002bf4                OTG_HS_IRQHandler
                0x0000000008002bf4                EXTI1_IRQHandler
                0x0000000008002bf4                USART2_IRQHandler
                0x0000000008002bf4                I2C2_ER_IRQHandler
                0x0000000008002bf4                DMA2_Stream1_IRQHandler
                0x0000000008002bf4                CAN1_SCE_IRQHandler
                0x0000000008002bf4                FLASH_IRQHandler
                0x0000000008002bf4                DMA2_Stream4_IRQHandler
                0x0000000008002bf4                USART1_IRQHandler
                0x0000000008002bf4                OTG_FS_IRQHandler
                0x0000000008002bf4                SPI3_IRQHandler
                0x0000000008002bf4                DMA1_Stream4_IRQHandler
                0x0000000008002bf4                I2C1_ER_IRQHandler
                0x0000000008002bf4                DMA2_Stream6_IRQHandler
                0x0000000008002bf4                RTC_Alarm_IRQHandler
 *fill*         0x0000000008002bf6        0x2 
 .text.__libc_init_array
                0x0000000008002bf8       0x48 /Users/geekzjk/opt/gcc-arm-none-eabi-9-2019-q4-major/bin/../lib/gcc/arm-none-eabi/9.2.1/../../../../arm-none-eabi/lib/thumb/v7e-m+fp/hard/libc_nano.a(lib_a-init.o)
                0x0000000008002bf8                __libc_init_array
 .text.memset   0x0000000008002c40       0x10 /Users/geekzjk/opt/gcc-arm-none-eabi-9-2019-q4-major/bin/../lib/gcc/arm-none-eabi/9.2.1/../../../../arm-none-eabi/lib/thumb/v7e-m+fp/hard/libc_nano.a(lib_a-memset.o)
                0x0000000008002c40                memset
 *(.glue_7)
 .glue_7        0x0000000008002c50        0x0 linker stubs
 *(.glue_7t)
 .glue_7t       0x0000000008002c50        0x0 linker stubs
 *(.eh_frame)
 .eh_frame      0x0000000008002c50        0x0 /Users/geekzjk/opt/gcc-arm-none-eabi-9-2019-q4-major/bin/../lib/gcc/arm-none-eabi/9.2.1/thumb/v7e-m+fp/hard/crtbegin.o
 *(.init)
 .init          0x0000000008002c50        0x4 /Users/geekzjk/opt/gcc-arm-none-eabi-9-2019-q4-major/bin/../lib/gcc/arm-none-eabi/9.2.1/thumb/v7e-m+fp/hard/crti.o
                0x0000000008002c50                _init
 .init          0x0000000008002c54        0x8 /Users/geekzjk/opt/gcc-arm-none-eabi-9-2019-q4-major/bin/../lib/gcc/arm-none-eabi/9.2.1/thumb/v7e-m+fp/hard/crtn.o
 *(.fini)
 .fini          0x0000000008002c5c        0x4 /Users/geekzjk/opt/gcc-arm-none-eabi-9-2019-q4-major/bin/../lib/gcc/arm-none-eabi/9.2.1/thumb/v7e-m+fp/hard/crti.o
                0x0000000008002c5c                _fini
 .fini          0x0000000008002c60        0x8 /Users/geekzjk/opt/gcc-arm-none-eabi-9-2019-q4-major/bin/../lib/gcc/arm-none-eabi/9.2.1/thumb/v7e-m+fp/hard/crtn.o
                0x0000000008002c68                . = ALIGN (0x4)
                0x0000000008002c68                _etext = .

.vfp11_veneer   0x0000000008002c68        0x0
 .vfp11_veneer  0x0000000008002c68        0x0 linker stubs

.v4_bx          0x0000000008002c68        0x0
 .v4_bx         0x0000000008002c68        0x0 linker stubs

.iplt           0x0000000008002c68        0x0
 .iplt          0x0000000008002c68        0x0 /Users/geekzjk/opt/gcc-arm-none-eabi-9-2019-q4-major/bin/../lib/gcc/arm-none-eabi/9.2.1/thumb/v7e-m+fp/hard/crtbegin.o

.rodata         0x0000000008002c68       0x20
                0x0000000008002c68                . = ALIGN (0x4)
 *(.rodata)
 *(.rodata*)
 .rodata.flagBitshiftOffset.8294
                0x0000000008002c68        0x8 build/stm32f4xx_hal_dma.o
 .rodata.AHBPrescTable
                0x0000000008002c70       0x10 build/system_stm32f4xx.o
                0x0000000008002c70                AHBPrescTable
 .rodata.hall_state_sequence
                0x0000000008002c80        0x8 build/motor_driver.o
                0x0000000008002c80                hall_state_sequence
                0x0000000008002c88                . = ALIGN (0x4)

.ARM.extab
 *(.ARM.extab* .gnu.linkonce.armextab.*)

.ARM            0x0000000008002c88        0x8
                0x0000000008002c88                __exidx_start = .
 *(.ARM.exidx*)
 .ARM.exidx     0x0000000008002c88        0x8 /Users/geekzjk/opt/gcc-arm-none-eabi-9-2019-q4-major/bin/../lib/gcc/arm-none-eabi/9.2.1/thumb/v7e-m+fp/hard/libgcc.a(_udivmoddi4.o)
                0x0000000008002c90                __exidx_end = .

.rel.dyn        0x0000000008002c90        0x0
 .rel.iplt      0x0000000008002c90        0x0 /Users/geekzjk/opt/gcc-arm-none-eabi-9-2019-q4-major/bin/../lib/gcc/arm-none-eabi/9.2.1/thumb/v7e-m+fp/hard/crtbegin.o

.preinit_array  0x0000000008002c90        0x0
                0x0000000008002c90                PROVIDE (__preinit_array_start = .)
 *(.preinit_array*)
                0x0000000008002c90                PROVIDE (__preinit_array_end = .)

.init_array     0x0000000008002c90        0x4
                0x0000000008002c90                PROVIDE (__init_array_start = .)
 *(SORT_BY_NAME(.init_array.*))
 *(.init_array*)
 .init_array    0x0000000008002c90        0x4 /Users/geekzjk/opt/gcc-arm-none-eabi-9-2019-q4-major/bin/../lib/gcc/arm-none-eabi/9.2.1/thumb/v7e-m+fp/hard/crtbegin.o
                0x0000000008002c94                PROVIDE (__init_array_end = .)

.fini_array     0x0000000008002c94        0x4
                [!provide]                        PROVIDE (__fini_array_start = .)
 *(SORT_BY_NAME(.fini_array.*))
 *(.fini_array*)
 .fini_array    0x0000000008002c94        0x4 /Users/geekzjk/opt/gcc-arm-none-eabi-9-2019-q4-major/bin/../lib/gcc/arm-none-eabi/9.2.1/thumb/v7e-m+fp/hard/crtbegin.o
                [!provide]                        PROVIDE (__fini_array_end = .)
                0x0000000008002c98                _sidata = LOADADDR (.data)

.data           0x0000000020000000        0xc load address 0x0000000008002c98
                0x0000000020000000                . = ALIGN (0x4)
                0x0000000020000000                _sdata = .
 *(.data)
 *(.data*)
 .data.uwTickFreq
                0x0000000020000000        0x1 build/stm32f4xx_hal.o
                0x0000000020000000                uwTickFreq
 *fill*         0x0000000020000001        0x3 
 .data.uwTickPrio
                0x0000000020000004        0x4 build/stm32f4xx_hal.o
                0x0000000020000004                uwTickPrio
 .data.SystemCoreClock
                0x0000000020000008        0x4 build/system_stm32f4xx.o
                0x0000000020000008                SystemCoreClock
                0x000000002000000c                . = ALIGN (0x4)
                0x000000002000000c                _edata = .
                0x0000000008002ca4                _siccmram = LOADADDR (.ccmram)

.igot.plt       0x000000002000000c        0x0 load address 0x0000000008002ca4
 .igot.plt      0x000000002000000c        0x0 /Users/geekzjk/opt/gcc-arm-none-eabi-9-2019-q4-major/bin/../lib/gcc/arm-none-eabi/9.2.1/thumb/v7e-m+fp/hard/crtbegin.o

.ccmram         0x0000000010000000        0x0 load address 0x0000000008002ca4
                0x0000000010000000                . = ALIGN (0x4)
                0x0000000010000000                _sccmram = .
 *(.ccmram)
 *(.ccmram*)
                0x0000000010000000                . = ALIGN (0x4)
                0x0000000010000000                _eccmram = .
                0x0000000010000000                . = ALIGN (0x4)

.bss            0x000000002000000c      0x2bc
                0x000000002000000c                _sbss = .
                0x000000002000000c                __bss_start__ = _sbss
 *(.bss)
 .bss           0x000000002000000c       0x1c /Users/geekzjk/opt/gcc-arm-none-eabi-9-2019-q4-major/bin/../lib/gcc/arm-none-eabi/9.2.1/thumb/v7e-m+fp/hard/crtbegin.o
 *(.bss*)
 .bss.filter_cnt.8929
                0x0000000020000028        0x1 build/motor_driver.o
 .bss.hall      0x0000000020000029        0x1 build/motor_driver.o
                0x0000000020000029                hall
 .bss.last_hall_state.8936
                0x000000002000002a        0x1 build/motor_driver.o
 *fill*         0x000000002000002b        0x1 
 .bss.last_hall_tick
                0x000000002000002c        0x4 build/motor_driver.o
                0x000000002000002c                last_hall_tick
 .bss.last_position.8931
                0x0000000020000030        0x4 build/motor_driver.o
 .bss.speed_rpm_tmp.8930
                0x0000000020000034        0x4 build/motor_driver.o
 *(COMMON)
 COMMON         0x0000000020000038       0xa8 build/adc.o
                0x0000000020000038                hadc1
                0x0000000020000080                hdma_adc1
 COMMON         0x00000000200000e0       0x58 build/spi.o
                0x00000000200000e0                hspi3
 COMMON         0x0000000020000138       0xc0 build/tim.o
                0x0000000020000138                htim6
                0x0000000020000178                htim1
                0x00000000200001b8                htim7
 COMMON         0x00000000200001f8        0x4 build/stm32f4xx_hal.o
                0x00000000200001f8                uwTick
 COMMON         0x00000000200001fc       0xcc build/motor_driver.o
                0x00000000200001fc                motor_pid_current
                0x0000000020000234                drv8301_spi_tx_dat
                0x0000000020000238                motor_pid_position
                0x0000000020000270                adc_result
                0x0000000020000272                adc_result_raw
                0x0000000020000274                current_dc_offset
                0x0000000020000278                motor_pid_speed
                0x00000000200002b0                motor
                0x00000000200002c0                drv8301_spi_rx_dat
                0x00000000200002c4                hall_tick_10us
                0x00000000200002c8                . = ALIGN (0x4)
                0x00000000200002c8                _ebss = .
                0x00000000200002c8                __bss_end__ = _ebss

._user_heap_stack
                0x00000000200002c8      0x600
                0x00000000200002c8                . = ALIGN (0x8)
                [!provide]                        PROVIDE (end = .)
                [!provide]                        PROVIDE (_end = .)
                0x00000000200004c8                . = (. + _Min_Heap_Size)
 *fill*         0x00000000200002c8      0x200 
                0x00000000200008c8                . = (. + _Min_Stack_Size)
 *fill*         0x00000000200004c8      0x400 
                0x00000000200008c8                . = ALIGN (0x8)

/DISCARD/
 libc.a(*)
 libm.a(*)
 libgcc.a(*)

.ARM.attributes
                0x0000000000000000       0x30
 *(.ARM.attributes)
 .ARM.attributes
                0x0000000000000000       0x1e /Users/geekzjk/opt/gcc-arm-none-eabi-9-2019-q4-major/bin/../lib/gcc/arm-none-eabi/9.2.1/thumb/v7e-m+fp/hard/crti.o
 .ARM.attributes
                0x000000000000001e       0x34 /Users/geekzjk/opt/gcc-arm-none-eabi-9-2019-q4-major/bin/../lib/gcc/arm-none-eabi/9.2.1/thumb/v7e-m+fp/hard/crtbegin.o
 .ARM.attributes
                0x0000000000000052       0x34 build/main.o
 .ARM.attributes
                0x0000000000000086       0x34 build/gpio.o
 .ARM.attributes
                0x00000000000000ba       0x34 build/adc.o
 .ARM.attributes
                0x00000000000000ee       0x34 build/dma.o
 .ARM.attributes
                0x0000000000000122       0x34 build/spi.o
 .ARM.attributes
                0x0000000000000156       0x34 build/tim.o
 .ARM.attributes
                0x000000000000018a       0x34 build/stm32f4xx_it.o
 .ARM.attributes
                0x00000000000001be       0x34 build/stm32f4xx_hal_msp.o
 .ARM.attributes
                0x00000000000001f2       0x34 build/stm32f4xx_hal_adc.o
 .ARM.attributes
                0x0000000000000226       0x34 build/stm32f4xx_hal_rcc.o
 .ARM.attributes
                0x000000000000025a       0x34 build/stm32f4xx_hal_gpio.o
 .ARM.attributes
                0x000000000000028e       0x34 build/stm32f4xx_hal_dma.o
 .ARM.attributes
                0x00000000000002c2       0x34 build/stm32f4xx_hal_cortex.o
 .ARM.attributes
                0x00000000000002f6       0x34 build/stm32f4xx_hal.o
 .ARM.attributes
                0x000000000000032a       0x34 build/stm32f4xx_hal_spi.o
 .ARM.attributes
                0x000000000000035e       0x34 build/stm32f4xx_hal_tim.o
 .ARM.attributes
                0x0000000000000392       0x34 build/stm32f4xx_hal_tim_ex.o
 .ARM.attributes
                0x00000000000003c6       0x34 build/system_stm32f4xx.o
 .ARM.attributes
                0x00000000000003fa       0x34 build/user_main.o
 .ARM.attributes
                0x000000000000042e       0x34 build/motor_driver.o
 .ARM.attributes
                0x0000000000000462       0x21 build/startup_stm32f405xx.o
 .ARM.attributes
                0x0000000000000483       0x34 /Users/geekzjk/opt/gcc-arm-none-eabi-9-2019-q4-major/bin/../lib/gcc/arm-none-eabi/9.2.1/../../../../arm-none-eabi/lib/thumb/v7e-m+fp/hard/libc_nano.a(lib_a-init.o)
 .ARM.attributes
                0x00000000000004b7       0x34 /Users/geekzjk/opt/gcc-arm-none-eabi-9-2019-q4-major/bin/../lib/gcc/arm-none-eabi/9.2.1/../../../../arm-none-eabi/lib/thumb/v7e-m+fp/hard/libc_nano.a(lib_a-memset.o)
 .ARM.attributes
                0x00000000000004eb       0x1e /Users/geekzjk/opt/gcc-arm-none-eabi-9-2019-q4-major/bin/../lib/gcc/arm-none-eabi/9.2.1/thumb/v7e-m+fp/hard/libgcc.a(_aeabi_uldivmod.o)
 .ARM.attributes
                0x0000000000000509       0x34 /Users/geekzjk/opt/gcc-arm-none-eabi-9-2019-q4-major/bin/../lib/gcc/arm-none-eabi/9.2.1/thumb/v7e-m+fp/hard/libgcc.a(_udivmoddi4.o)
 .ARM.attributes
                0x000000000000053d       0x1e /Users/geekzjk/opt/gcc-arm-none-eabi-9-2019-q4-major/bin/../lib/gcc/arm-none-eabi/9.2.1/thumb/v7e-m+fp/hard/libgcc.a(_dvmd_tls.o)
 .ARM.attributes
                0x000000000000055b       0x1e /Users/geekzjk/opt/gcc-arm-none-eabi-9-2019-q4-major/bin/../lib/gcc/arm-none-eabi/9.2.1/thumb/v7e-m+fp/hard/crtn.o
OUTPUT(build/ODriveSingleMotor.elf elf32-littlearm)

.debug_info     0x0000000000000000    0x174aa
 .debug_info    0x0000000000000000     0x130d build/main.o
 .debug_info    0x000000000000130d      0x918 build/gpio.o
 .debug_info    0x0000000000001c25      0xd1e build/adc.o
 .debug_info    0x0000000000002943      0x62f build/dma.o
 .debug_info    0x0000000000002f72      0xbfa build/spi.o
 .debug_info    0x0000000000003b6c     0x13dd build/tim.o
 .debug_info    0x0000000000004f49     0x1b05 build/stm32f4xx_it.o
 .debug_info    0x0000000000006a4e      0x3e5 build/stm32f4xx_hal_msp.o
 .debug_info    0x0000000000006e33     0x10b4 build/stm32f4xx_hal_adc.o
 .debug_info    0x0000000000007ee7      0xc44 build/stm32f4xx_hal_rcc.o
 .debug_info    0x0000000000008b2b      0x915 build/stm32f4xx_hal_gpio.o
 .debug_info    0x0000000000009440      0xc8b build/stm32f4xx_hal_dma.o
 .debug_info    0x000000000000a0cb     0x122c build/stm32f4xx_hal_cortex.o
 .debug_info    0x000000000000b2f7      0xb4c build/stm32f4xx_hal.o
 .debug_info    0x000000000000be43     0x2087 build/stm32f4xx_hal_spi.o
 .debug_info    0x000000000000deca     0x39b3 build/stm32f4xx_hal_tim.o
 .debug_info    0x000000000001187d     0x187c build/stm32f4xx_hal_tim_ex.o
 .debug_info    0x00000000000130f9      0x63c build/system_stm32f4xx.o
 .debug_info    0x0000000000013735     0x194b build/user_main.o
 .debug_info    0x0000000000015080     0x2408 build/motor_driver.o
 .debug_info    0x0000000000017488       0x22 build/startup_stm32f405xx.o

.debug_abbrev   0x0000000000000000     0x2f1a
 .debug_abbrev  0x0000000000000000      0x22b build/main.o
 .debug_abbrev  0x000000000000022b      0x19b build/gpio.o
 .debug_abbrev  0x00000000000003c6      0x1f9 build/adc.o
 .debug_abbrev  0x00000000000005bf      0x156 build/dma.o
 .debug_abbrev  0x0000000000000715      0x1f1 build/spi.o
 .debug_abbrev  0x0000000000000906      0x21f build/tim.o
 .debug_abbrev  0x0000000000000b25      0x27a build/stm32f4xx_it.o
 .debug_abbrev  0x0000000000000d9f      0x11c build/stm32f4xx_hal_msp.o
 .debug_abbrev  0x0000000000000ebb      0x2be build/stm32f4xx_hal_adc.o
 .debug_abbrev  0x0000000000001179      0x2cd build/stm32f4xx_hal_rcc.o
 .debug_abbrev  0x0000000000001446      0x258 build/stm32f4xx_hal_gpio.o
 .debug_abbrev  0x000000000000169e      0x312 build/stm32f4xx_hal_dma.o
 .debug_abbrev  0x00000000000019b0      0x3a8 build/stm32f4xx_hal_cortex.o
 .debug_abbrev  0x0000000000001d58      0x21c build/stm32f4xx_hal.o
 .debug_abbrev  0x0000000000001f74      0x2d2 build/stm32f4xx_hal_spi.o
 .debug_abbrev  0x0000000000002246      0x2af build/stm32f4xx_hal_tim.o
 .debug_abbrev  0x00000000000024f5      0x2ab build/stm32f4xx_hal_tim_ex.o
 .debug_abbrev  0x00000000000027a0      0x14a build/system_stm32f4xx.o
 .debug_abbrev  0x00000000000028ea      0x26f build/user_main.o
 .debug_abbrev  0x0000000000002b59      0x3af build/motor_driver.o
 .debug_abbrev  0x0000000000002f08       0x12 build/startup_stm32f405xx.o

.debug_loc      0x0000000000000000     0xbe6d
 .debug_loc     0x0000000000000000       0x59 build/main.o
 .debug_loc     0x0000000000000059       0x39 build/gpio.o
 .debug_loc     0x0000000000000092      0x119 build/adc.o
 .debug_loc     0x00000000000001ab       0x38 build/dma.o
 .debug_loc     0x00000000000001e3      0x108 build/spi.o
 .debug_loc     0x00000000000002eb      0x276 build/tim.o
 .debug_loc     0x0000000000000561       0xc0 build/stm32f4xx_it.o
 .debug_loc     0x0000000000000621       0x2c build/stm32f4xx_hal_msp.o
 .debug_loc     0x000000000000064d      0xda2 build/stm32f4xx_hal_adc.o
 .debug_loc     0x00000000000013ef      0x6c7 build/stm32f4xx_hal_rcc.o
 .debug_loc     0x0000000000001ab6      0x5c7 build/stm32f4xx_hal_gpio.o
 .debug_loc     0x000000000000207d      0xd6d build/stm32f4xx_hal_dma.o
 .debug_loc     0x0000000000002dea      0x7d4 build/stm32f4xx_hal_cortex.o
 .debug_loc     0x00000000000035be      0x1e1 build/stm32f4xx_hal.o
 .debug_loc     0x000000000000379f     0x241b build/stm32f4xx_hal_spi.o
 .debug_loc     0x0000000000005bba     0x457e build/stm32f4xx_hal_tim.o
 .debug_loc     0x000000000000a138     0x15b0 build/stm32f4xx_hal_tim_ex.o
 .debug_loc     0x000000000000b6e8      0x16c build/system_stm32f4xx.o
 .debug_loc     0x000000000000b854       0x40 build/user_main.o
 .debug_loc     0x000000000000b894      0x5d9 build/motor_driver.o

.debug_aranges  0x0000000000000000      0xd80
 .debug_aranges
                0x0000000000000000       0x30 build/main.o
 .debug_aranges
                0x0000000000000030       0x20 build/gpio.o
 .debug_aranges
                0x0000000000000050       0x30 build/adc.o
 .debug_aranges
                0x0000000000000080       0x20 build/dma.o
 .debug_aranges
                0x00000000000000a0       0x30 build/spi.o
 .debug_aranges
                0x00000000000000d0       0x48 build/tim.o
 .debug_aranges
                0x0000000000000118       0x88 build/stm32f4xx_it.o
 .debug_aranges
                0x00000000000001a0       0x20 build/stm32f4xx_hal_msp.o
 .debug_aranges
                0x00000000000001c0       0xe8 build/stm32f4xx_hal_adc.o
 .debug_aranges
                0x00000000000002a8       0x88 build/stm32f4xx_hal_rcc.o
 .debug_aranges
                0x0000000000000330       0x58 build/stm32f4xx_hal_gpio.o
 .debug_aranges
                0x0000000000000388       0x90 build/stm32f4xx_hal_dma.o
 .debug_aranges
                0x0000000000000418       0xa8 build/stm32f4xx_hal_cortex.o
 .debug_aranges
                0x00000000000004c0       0xf0 build/stm32f4xx_hal.o
 .debug_aranges
                0x00000000000005b0      0x1d0 build/stm32f4xx_hal_spi.o
 .debug_aranges
                0x0000000000000780      0x3a8 build/stm32f4xx_hal_tim.o
 .debug_aranges
                0x0000000000000b28      0x150 build/stm32f4xx_hal_tim_ex.o
 .debug_aranges
                0x0000000000000c78       0x28 build/system_stm32f4xx.o
 .debug_aranges
                0x0000000000000ca0       0x28 build/user_main.o
 .debug_aranges
                0x0000000000000cc8       0x90 build/motor_driver.o
 .debug_aranges
                0x0000000000000d58       0x28 build/startup_stm32f405xx.o

.debug_ranges   0x0000000000000000      0xcb0
 .debug_ranges  0x0000000000000000       0x20 build/main.o
 .debug_ranges  0x0000000000000020       0x10 build/gpio.o
 .debug_ranges  0x0000000000000030       0x20 build/adc.o
 .debug_ranges  0x0000000000000050       0x10 build/dma.o
 .debug_ranges  0x0000000000000060       0x20 build/spi.o
 .debug_ranges  0x0000000000000080       0x38 build/tim.o
 .debug_ranges  0x00000000000000b8       0x78 build/stm32f4xx_it.o
 .debug_ranges  0x0000000000000130       0x10 build/stm32f4xx_hal_msp.o
 .debug_ranges  0x0000000000000140       0xd8 build/stm32f4xx_hal_adc.o
 .debug_ranges  0x0000000000000218       0x90 build/stm32f4xx_hal_rcc.o
 .debug_ranges  0x00000000000002a8       0x48 build/stm32f4xx_hal_gpio.o
 .debug_ranges  0x00000000000002f0       0x80 build/stm32f4xx_hal_dma.o
 .debug_ranges  0x0000000000000370       0xf8 build/stm32f4xx_hal_cortex.o
 .debug_ranges  0x0000000000000468       0xe0 build/stm32f4xx_hal.o
 .debug_ranges  0x0000000000000548      0x1c0 build/stm32f4xx_hal_spi.o
 .debug_ranges  0x0000000000000708      0x398 build/stm32f4xx_hal_tim.o
 .debug_ranges  0x0000000000000aa0      0x140 build/stm32f4xx_hal_tim_ex.o
 .debug_ranges  0x0000000000000be0       0x18 build/system_stm32f4xx.o
 .debug_ranges  0x0000000000000bf8       0x18 build/user_main.o
 .debug_ranges  0x0000000000000c10       0x80 build/motor_driver.o
 .debug_ranges  0x0000000000000c90       0x20 build/startup_stm32f405xx.o

.debug_line     0x0000000000000000     0xd5d5
 .debug_line    0x0000000000000000      0x390 build/main.o
 .debug_line    0x0000000000000390      0x299 build/gpio.o
 .debug_line    0x0000000000000629      0x3f7 build/adc.o
 .debug_line    0x0000000000000a20      0x1cf build/dma.o
 .debug_line    0x0000000000000bef      0x32a build/spi.o
 .debug_line    0x0000000000000f19      0x5de build/tim.o
 .debug_line    0x00000000000014f7      0x4f4 build/stm32f4xx_it.o
 .debug_line    0x00000000000019eb      0x1c8 build/stm32f4xx_hal_msp.o
 .debug_line    0x0000000000001bb3     0x1087 build/stm32f4xx_hal_adc.o
 .debug_line    0x0000000000002c3a      0xb3c build/stm32f4xx_hal_rcc.o
 .debug_line    0x0000000000003776      0x72d build/stm32f4xx_hal_gpio.o
 .debug_line    0x0000000000003ea3      0xe2b build/stm32f4xx_hal_dma.o
 .debug_line    0x0000000000004cce      0x7a6 build/stm32f4xx_hal_cortex.o
 .debug_line    0x0000000000005474      0x569 build/stm32f4xx_hal.o
 .debug_line    0x00000000000059dd     0x2456 build/stm32f4xx_hal_spi.o
 .debug_line    0x0000000000007e33     0x36cb build/stm32f4xx_hal_tim.o
 .debug_line    0x000000000000b4fe     0x11f7 build/stm32f4xx_hal_tim_ex.o
 .debug_line    0x000000000000c6f5      0x28d build/system_stm32f4xx.o
 .debug_line    0x000000000000c982      0x391 build/user_main.o
 .debug_line    0x000000000000cd13      0x84e build/motor_driver.o
 .debug_line    0x000000000000d561       0x74 build/startup_stm32f405xx.o

.debug_str      0x0000000000000000     0x43eb
 .debug_str     0x0000000000000000      0xcba build/main.o
                                        0xd7f (size before relaxing)
 .debug_str     0x0000000000000cba      0x5a4 build/gpio.o
                                        0x940 (size before relaxing)
 .debug_str     0x000000000000125e       0xbb build/adc.o
                                        0x8e0 (size before relaxing)
 .debug_str     0x0000000000001319        0xa build/dma.o
                                        0x881 (size before relaxing)
 .debug_str     0x0000000000001323       0x43 build/spi.o
                                        0x8c2 (size before relaxing)
 .debug_str     0x0000000000001366      0x299 build/tim.o
                                       0x1056 (size before relaxing)
 .debug_str     0x00000000000015ff      0x5f0 build/stm32f4xx_it.o
                                       0x10a8 (size before relaxing)
 .debug_str     0x0000000000001bef       0x24 build/stm32f4xx_hal_msp.o
                                        0x39a (size before relaxing)
 .debug_str     0x0000000000001c13      0x2e6 build/stm32f4xx_hal_adc.o
                                        0xa15 (size before relaxing)
 .debug_str     0x0000000000001ef9      0x1d1 build/stm32f4xx_hal_rcc.o
                                        0x790 (size before relaxing)
 .debug_str     0x00000000000020ca      0x10c build/stm32f4xx_hal_gpio.o
                                        0x5b2 (size before relaxing)
 .debug_str     0x00000000000021d6      0x2bd build/stm32f4xx_hal_dma.o
                                        0x838 (size before relaxing)
 .debug_str     0x0000000000002493      0x4c4 build/stm32f4xx_hal_cortex.o
                                        0xccb (size before relaxing)
 .debug_str     0x0000000000002957      0x229 build/stm32f4xx_hal.o
                                        0xb8c (size before relaxing)
 .debug_str     0x0000000000002b80      0x510 build/stm32f4xx_hal_spi.o
                                        0xc9b (size before relaxing)
 .debug_str     0x0000000000003090      0xcdd build/stm32f4xx_hal_tim.o
                                       0x158f (size before relaxing)
 .debug_str     0x0000000000003d6d      0x423 build/stm32f4xx_hal_tim_ex.o
                                        0xda7 (size before relaxing)
 .debug_str     0x0000000000004190       0x42 build/system_stm32f4xx.o
                                        0x416 (size before relaxing)
 .debug_str     0x00000000000041d2       0x2b build/user_main.o
                                        0xf66 (size before relaxing)
 .debug_str     0x00000000000041fd      0x1ca build/motor_driver.o
                                       0x123a (size before relaxing)
 .debug_str     0x00000000000043c7       0x24 build/startup_stm32f405xx.o
                                         0x4e (size before relaxing)

.comment        0x0000000000000000       0x79
 .comment       0x0000000000000000       0x79 build/main.o
                                         0x7a (size before relaxing)
 .comment       0x0000000000000079       0x7a build/gpio.o
 .comment       0x0000000000000079       0x7a build/adc.o
 .comment       0x0000000000000079       0x7a build/dma.o
 .comment       0x0000000000000079       0x7a build/spi.o
 .comment       0x0000000000000079       0x7a build/tim.o
 .comment       0x0000000000000079       0x7a build/stm32f4xx_it.o
 .comment       0x0000000000000079       0x7a build/stm32f4xx_hal_msp.o
 .comment       0x0000000000000079       0x7a build/stm32f4xx_hal_adc.o
 .comment       0x0000000000000079       0x7a build/stm32f4xx_hal_rcc.o
 .comment       0x0000000000000079       0x7a build/stm32f4xx_hal_gpio.o
 .comment       0x0000000000000079       0x7a build/stm32f4xx_hal_dma.o
 .comment       0x0000000000000079       0x7a build/stm32f4xx_hal_cortex.o
 .comment       0x0000000000000079       0x7a build/stm32f4xx_hal.o
 .comment       0x0000000000000079       0x7a build/stm32f4xx_hal_spi.o
 .comment       0x0000000000000079       0x7a build/stm32f4xx_hal_tim.o
 .comment       0x0000000000000079       0x7a build/stm32f4xx_hal_tim_ex.o
 .comment       0x0000000000000079       0x7a build/system_stm32f4xx.o
 .comment       0x0000000000000079       0x7a build/user_main.o
 .comment       0x0000000000000079       0x7a build/motor_driver.o

.debug_frame    0x0000000000000000     0x2728
 .debug_frame   0x0000000000000000       0x60 build/main.o
 .debug_frame   0x0000000000000060       0x3c build/gpio.o
 .debug_frame   0x000000000000009c       0x74 build/adc.o
 .debug_frame   0x0000000000000110       0x2c build/dma.o
 .debug_frame   0x000000000000013c       0x68 build/spi.o
 .debug_frame   0x00000000000001a4       0xdc build/tim.o
 .debug_frame   0x0000000000000280      0x138 build/stm32f4xx_it.o
 .debug_frame   0x00000000000003b8       0x28 build/stm32f4xx_hal_msp.o
 .debug_frame   0x00000000000003e0      0x29c build/stm32f4xx_hal_adc.o
 .debug_frame   0x000000000000067c      0x1ac build/stm32f4xx_hal_rcc.o
 .debug_frame   0x0000000000000828       0xf0 build/stm32f4xx_hal_gpio.o
 .debug_frame   0x0000000000000918      0x1b8 build/stm32f4xx_hal_dma.o
 .debug_frame   0x0000000000000ad0      0x16c build/stm32f4xx_hal_cortex.o
 .debug_frame   0x0000000000000c3c      0x200 build/stm32f4xx_hal.o
 .debug_frame   0x0000000000000e3c      0x630 build/stm32f4xx_hal_spi.o
 .debug_frame   0x000000000000146c      0xbd0 build/stm32f4xx_hal_tim.o
 .debug_frame   0x000000000000203c      0x428 build/stm32f4xx_hal_tim_ex.o
 .debug_frame   0x0000000000002464       0x30 build/system_stm32f4xx.o
 .debug_frame   0x0000000000002494       0x48 build/user_main.o
 .debug_frame   0x00000000000024dc      0x1a0 build/motor_driver.o
 .debug_frame   0x000000000000267c       0x2c /Users/geekzjk/opt/gcc-arm-none-eabi-9-2019-q4-major/bin/../lib/gcc/arm-none-eabi/9.2.1/../../../../arm-none-eabi/lib/thumb/v7e-m+fp/hard/libc_nano.a(lib_a-init.o)
 .debug_frame   0x00000000000026a8       0x20 /Users/geekzjk/opt/gcc-arm-none-eabi-9-2019-q4-major/bin/../lib/gcc/arm-none-eabi/9.2.1/../../../../arm-none-eabi/lib/thumb/v7e-m+fp/hard/libc_nano.a(lib_a-memset.o)
 .debug_frame   0x00000000000026c8       0x2c /Users/geekzjk/opt/gcc-arm-none-eabi-9-2019-q4-major/bin/../lib/gcc/arm-none-eabi/9.2.1/thumb/v7e-m+fp/hard/libgcc.a(_aeabi_uldivmod.o)
 .debug_frame   0x00000000000026f4       0x34 /Users/geekzjk/opt/gcc-arm-none-eabi-9-2019-q4-major/bin/../lib/gcc/arm-none-eabi/9.2.1/thumb/v7e-m+fp/hard/libgcc.a(_udivmoddi4.o)

Cross Reference Table

Symbol                                            File
ADC_IRQHandler                                    build/startup_stm32f405xx.o
AHBPrescTable                                     build/system_stm32f4xx.o
                                                  build/stm32f4xx_hal_rcc.o
APBPrescTable                                     build/system_stm32f4xx.o
                                                  build/stm32f4xx_hal_rcc.o
BusFault_Handler                                  build/stm32f4xx_it.o
CAN1_RX0_IRQHandler                               build/startup_stm32f405xx.o
CAN1_RX1_IRQHandler                               build/startup_stm32f405xx.o
CAN1_SCE_IRQHandler                               build/startup_stm32f405xx.o
CAN1_TX_IRQHandler                                build/startup_stm32f405xx.o
CAN2_RX0_IRQHandler                               build/startup_stm32f405xx.o
CAN2_RX1_IRQHandler                               build/startup_stm32f405xx.o
CAN2_SCE_IRQHandler                               build/startup_stm32f405xx.o
CAN2_TX_IRQHandler                                build/startup_stm32f405xx.o
DMA1_Stream0_IRQHandler                           build/startup_stm32f405xx.o
DMA1_Stream1_IRQHandler                           build/startup_stm32f405xx.o
DMA1_Stream2_IRQHandler                           build/startup_stm32f405xx.o
DMA1_Stream3_IRQHandler                           build/startup_stm32f405xx.o
DMA1_Stream4_IRQHandler                           build/startup_stm32f405xx.o
DMA1_Stream5_IRQHandler                           build/startup_stm32f405xx.o
DMA1_Stream6_IRQHandler                           build/startup_stm32f405xx.o
DMA1_Stream7_IRQHandler                           build/startup_stm32f405xx.o
DMA2_Stream0_IRQHandler                           build/stm32f4xx_it.o
DMA2_Stream1_IRQHandler                           build/startup_stm32f405xx.o
DMA2_Stream2_IRQHandler                           build/startup_stm32f405xx.o
DMA2_Stream3_IRQHandler                           build/startup_stm32f405xx.o
DMA2_Stream4_IRQHandler                           build/startup_stm32f405xx.o
DMA2_Stream5_IRQHandler                           build/startup_stm32f405xx.o
DMA2_Stream6_IRQHandler                           build/startup_stm32f405xx.o
DMA2_Stream7_IRQHandler                           build/startup_stm32f405xx.o
DebugMon_Handler                                  build/stm32f4xx_it.o
Default_Handler                                   build/startup_stm32f405xx.o
EXTI0_IRQHandler                                  build/startup_stm32f405xx.o
EXTI15_10_IRQHandler                              build/startup_stm32f405xx.o
EXTI1_IRQHandler                                  build/startup_stm32f405xx.o
EXTI2_IRQHandler                                  build/startup_stm32f405xx.o
EXTI3_IRQHandler                                  build/startup_stm32f405xx.o
EXTI4_IRQHandler                                  build/stm32f4xx_it.o
EXTI9_5_IRQHandler                                build/stm32f4xx_it.o
Error_Handler                                     build/main.o
                                                  build/tim.o
                                                  build/spi.o
                                                  build/adc.o
FLASH_Erase_Sector                                build/stm32f4xx_hal_flash_ex.o
                                                  build/stm32f4xx_hal_flash.o
FLASH_FlushCaches                                 build/stm32f4xx_hal_flash_ex.o
                                                  build/stm32f4xx_hal_flash.o
FLASH_IRQHandler                                  build/startup_stm32f405xx.o
FLASH_WaitForLastOperation                        build/stm32f4xx_hal_flash.o
                                                  build/stm32f4xx_hal_flash_ex.o
FPU_IRQHandler                                    build/startup_stm32f405xx.o
FSMC_IRQHandler                                   build/startup_stm32f405xx.o
HAL_ADCEx_InjectedConfigChannel                   build/stm32f4xx_hal_adc_ex.o
HAL_ADCEx_InjectedConvCpltCallback                build/stm32f4xx_hal_adc_ex.o
                                                  build/stm32f4xx_hal_adc.o
HAL_ADCEx_InjectedGetValue                        build/stm32f4xx_hal_adc_ex.o
HAL_ADCEx_InjectedPollForConversion               build/stm32f4xx_hal_adc_ex.o
HAL_ADCEx_InjectedStart                           build/stm32f4xx_hal_adc_ex.o
HAL_ADCEx_InjectedStart_IT                        build/stm32f4xx_hal_adc_ex.o
HAL_ADCEx_InjectedStop                            build/stm32f4xx_hal_adc_ex.o
HAL_ADCEx_InjectedStop_IT                         build/stm32f4xx_hal_adc_ex.o
HAL_ADCEx_MultiModeConfigChannel                  build/stm32f4xx_hal_adc_ex.o
HAL_ADCEx_MultiModeGetValue                       build/stm32f4xx_hal_adc_ex.o
HAL_ADCEx_MultiModeStart_DMA                      build/stm32f4xx_hal_adc_ex.o
HAL_ADCEx_MultiModeStop_DMA                       build/stm32f4xx_hal_adc_ex.o
HAL_ADC_AnalogWDGConfig                           build/stm32f4xx_hal_adc.o
HAL_ADC_ConfigChannel                             build/stm32f4xx_hal_adc.o
                                                  build/adc.o
HAL_ADC_ConvCpltCallback                          build/stm32f4xx_hal_adc.o
                                                  build/stm32f4xx_hal_adc_ex.o
HAL_ADC_ConvHalfCpltCallback                      build/stm32f4xx_hal_adc.o
                                                  build/stm32f4xx_hal_adc_ex.o
HAL_ADC_DeInit                                    build/stm32f4xx_hal_adc.o
HAL_ADC_ErrorCallback                             build/stm32f4xx_hal_adc.o
                                                  build/stm32f4xx_hal_adc_ex.o
HAL_ADC_GetError                                  build/stm32f4xx_hal_adc.o
HAL_ADC_GetState                                  build/stm32f4xx_hal_adc.o
HAL_ADC_GetValue                                  build/stm32f4xx_hal_adc.o
HAL_ADC_IRQHandler                                build/stm32f4xx_hal_adc.o
HAL_ADC_Init                                      build/stm32f4xx_hal_adc.o
                                                  build/adc.o
HAL_ADC_LevelOutOfWindowCallback                  build/stm32f4xx_hal_adc.o
HAL_ADC_MspDeInit                                 build/adc.o
HAL_ADC_MspInit                                   build/adc.o
HAL_ADC_PollForConversion                         build/stm32f4xx_hal_adc.o
HAL_ADC_PollForEvent                              build/stm32f4xx_hal_adc.o
HAL_ADC_Start                                     build/stm32f4xx_hal_adc.o
HAL_ADC_Start_DMA                                 build/stm32f4xx_hal_adc.o
HAL_ADC_Start_IT                                  build/stm32f4xx_hal_adc.o
HAL_ADC_Stop                                      build/stm32f4xx_hal_adc.o
HAL_ADC_Stop_DMA                                  build/stm32f4xx_hal_adc.o
HAL_ADC_Stop_IT                                   build/stm32f4xx_hal_adc.o
HAL_DBGMCU_DisableDBGSleepMode                    build/stm32f4xx_hal.o
HAL_DBGMCU_DisableDBGStandbyMode                  build/stm32f4xx_hal.o
HAL_DBGMCU_DisableDBGStopMode                     build/stm32f4xx_hal.o
HAL_DBGMCU_EnableDBGSleepMode                     build/stm32f4xx_hal.o
HAL_DBGMCU_EnableDBGStandbyMode                   build/stm32f4xx_hal.o
HAL_DBGMCU_EnableDBGStopMode                      build/stm32f4xx_hal.o
HAL_DMAEx_ChangeMemory                            build/stm32f4xx_hal_dma_ex.o
HAL_DMAEx_MultiBufferStart                        build/stm32f4xx_hal_dma_ex.o
HAL_DMAEx_MultiBufferStart_IT                     build/stm32f4xx_hal_dma_ex.o
HAL_DMA_Abort                                     build/stm32f4xx_hal_dma.o
                                                  build/stm32f4xx_hal_spi.o
                                                  build/stm32f4xx_hal_adc_ex.o
                                                  build/stm32f4xx_hal_adc.o
HAL_DMA_Abort_IT                                  build/stm32f4xx_hal_dma.o
                                                  build/stm32f4xx_hal_tim_ex.o
                                                  build/stm32f4xx_hal_tim.o
                                                  build/stm32f4xx_hal_spi.o
HAL_DMA_DeInit                                    build/stm32f4xx_hal_dma.o
                                                  build/adc.o
HAL_DMA_GetError                                  build/stm32f4xx_hal_dma.o
HAL_DMA_GetState                                  build/stm32f4xx_hal_dma.o
HAL_DMA_IRQHandler                                build/stm32f4xx_hal_dma.o
                                                  build/stm32f4xx_it.o
HAL_DMA_Init                                      build/stm32f4xx_hal_dma.o
                                                  build/adc.o
HAL_DMA_PollForTransfer                           build/stm32f4xx_hal_dma.o
HAL_DMA_RegisterCallback                          build/stm32f4xx_hal_dma.o
HAL_DMA_Start                                     build/stm32f4xx_hal_dma.o
HAL_DMA_Start_IT                                  build/stm32f4xx_hal_dma.o
                                                  build/stm32f4xx_hal_tim_ex.o
                                                  build/stm32f4xx_hal_tim.o
                                                  build/stm32f4xx_hal_spi.o
                                                  build/stm32f4xx_hal_adc_ex.o
                                                  build/stm32f4xx_hal_adc.o
HAL_DMA_UnRegisterCallback                        build/stm32f4xx_hal_dma.o
HAL_DeInit                                        build/stm32f4xx_hal.o
HAL_Delay                                         build/stm32f4xx_hal.o
                                                  build/motor_driver.o
                                                  build/user_main.o
HAL_DisableCompensationCell                       build/stm32f4xx_hal.o
HAL_EXTI_ClearConfigLine                          build/stm32f4xx_hal_exti.o
HAL_EXTI_ClearPending                             build/stm32f4xx_hal_exti.o
HAL_EXTI_GenerateSWI                              build/stm32f4xx_hal_exti.o
HAL_EXTI_GetConfigLine                            build/stm32f4xx_hal_exti.o
HAL_EXTI_GetHandle                                build/stm32f4xx_hal_exti.o
HAL_EXTI_GetPending                               build/stm32f4xx_hal_exti.o
HAL_EXTI_IRQHandler                               build/stm32f4xx_hal_exti.o
HAL_EXTI_RegisterCallback                         build/stm32f4xx_hal_exti.o
HAL_EXTI_SetConfigLine                            build/stm32f4xx_hal_exti.o
HAL_EnableCompensationCell                        build/stm32f4xx_hal.o
HAL_FLASHEx_Erase                                 build/stm32f4xx_hal_flash_ex.o
HAL_FLASHEx_Erase_IT                              build/stm32f4xx_hal_flash_ex.o
HAL_FLASHEx_OBGetConfig                           build/stm32f4xx_hal_flash_ex.o
HAL_FLASHEx_OBProgram                             build/stm32f4xx_hal_flash_ex.o
HAL_FLASH_EndOfOperationCallback                  build/stm32f4xx_hal_flash.o
HAL_FLASH_GetError                                build/stm32f4xx_hal_flash.o
HAL_FLASH_IRQHandler                              build/stm32f4xx_hal_flash.o
HAL_FLASH_Lock                                    build/stm32f4xx_hal_flash.o
HAL_FLASH_OB_Launch                               build/stm32f4xx_hal_flash.o
HAL_FLASH_OB_Lock                                 build/stm32f4xx_hal_flash.o
HAL_FLASH_OB_Unlock                               build/stm32f4xx_hal_flash.o
HAL_FLASH_OperationErrorCallback                  build/stm32f4xx_hal_flash.o
HAL_FLASH_Program                                 build/stm32f4xx_hal_flash.o
HAL_FLASH_Program_IT                              build/stm32f4xx_hal_flash.o
HAL_FLASH_Unlock                                  build/stm32f4xx_hal_flash.o
HAL_GPIO_DeInit                                   build/stm32f4xx_hal_gpio.o
                                                  build/spi.o
                                                  build/adc.o
HAL_GPIO_EXTI_Callback                            build/stm32f4xx_hal_gpio.o
HAL_GPIO_EXTI_IRQHandler                          build/stm32f4xx_hal_gpio.o
                                                  build/stm32f4xx_it.o
HAL_GPIO_Init                                     build/stm32f4xx_hal_gpio.o
                                                  build/stm32f4xx_hal_rcc.o
                                                  build/tim.o
                                                  build/spi.o
                                                  build/adc.o
                                                  build/gpio.o
HAL_GPIO_LockPin                                  build/stm32f4xx_hal_gpio.o
HAL_GPIO_ReadPin                                  build/stm32f4xx_hal_gpio.o
                                                  build/motor_driver.o
HAL_GPIO_TogglePin                                build/stm32f4xx_hal_gpio.o
HAL_GPIO_WritePin                                 build/stm32f4xx_hal_gpio.o
                                                  build/motor_driver.o
                                                  build/gpio.o
HAL_GetDEVID                                      build/stm32f4xx_hal.o
HAL_GetHalVersion                                 build/stm32f4xx_hal.o
HAL_GetREVID                                      build/stm32f4xx_hal.o
HAL_GetTick                                       build/stm32f4xx_hal.o
                                                  build/stm32f4xx_hal_spi.o
                                                  build/stm32f4xx_hal_pwr_ex.o
                                                  build/stm32f4xx_hal_dma.o
                                                  build/stm32f4xx_hal_flash.o
                                                  build/stm32f4xx_hal_rcc_ex.o
                                                  build/stm32f4xx_hal_rcc.o
                                                  build/stm32f4xx_hal_adc_ex.o
                                                  build/stm32f4xx_hal_adc.o
HAL_GetTickFreq                                   build/stm32f4xx_hal.o
HAL_GetTickPrio                                   build/stm32f4xx_hal.o
HAL_GetUIDw0                                      build/stm32f4xx_hal.o
HAL_GetUIDw1                                      build/stm32f4xx_hal.o
HAL_GetUIDw2                                      build/stm32f4xx_hal.o
HAL_IncTick                                       build/stm32f4xx_hal.o
                                                  build/stm32f4xx_it.o
HAL_Init                                          build/stm32f4xx_hal.o
                                                  build/main.o
HAL_InitTick                                      build/stm32f4xx_hal.o
                                                  build/stm32f4xx_hal_rcc_ex.o
                                                  build/stm32f4xx_hal_rcc.o
HAL_MPU_ConfigRegion                              build/stm32f4xx_hal_cortex.o
HAL_MPU_Disable                                   build/stm32f4xx_hal_cortex.o
HAL_MPU_Enable                                    build/stm32f4xx_hal_cortex.o
HAL_MspDeInit                                     build/stm32f4xx_hal.o
HAL_MspInit                                       build/stm32f4xx_hal_msp.o
HAL_NVIC_ClearPendingIRQ                          build/stm32f4xx_hal_cortex.o
HAL_NVIC_DisableIRQ                               build/stm32f4xx_hal_cortex.o
                                                  build/tim.o
HAL_NVIC_EnableIRQ                                build/stm32f4xx_hal_cortex.o
                                                  build/tim.o
                                                  build/dma.o
                                                  build/gpio.o
HAL_NVIC_GetActive                                build/stm32f4xx_hal_cortex.o
HAL_NVIC_GetPendingIRQ                            build/stm32f4xx_hal_cortex.o
HAL_NVIC_GetPriority                              build/stm32f4xx_hal_cortex.o
HAL_NVIC_GetPriorityGrouping                      build/stm32f4xx_hal_cortex.o
HAL_NVIC_SetPendingIRQ                            build/stm32f4xx_hal_cortex.o
HAL_NVIC_SetPriority                              build/stm32f4xx_hal_cortex.o
                                                  build/stm32f4xx_hal.o
                                                  build/tim.o
                                                  build/dma.o
                                                  build/gpio.o
HAL_NVIC_SetPriorityGrouping                      build/stm32f4xx_hal_cortex.o
                                                  build/stm32f4xx_hal.o
HAL_NVIC_SystemReset                              build/stm32f4xx_hal_cortex.o
HAL_PWREx_ControlVoltageScaling                   build/stm32f4xx_hal_pwr_ex.o
HAL_PWREx_DisableBkUpReg                          build/stm32f4xx_hal_pwr_ex.o
HAL_PWREx_DisableFlashPowerDown                   build/stm32f4xx_hal_pwr_ex.o
HAL_PWREx_EnableBkUpReg                           build/stm32f4xx_hal_pwr_ex.o
HAL_PWREx_EnableFlashPowerDown                    build/stm32f4xx_hal_pwr_ex.o
HAL_PWREx_GetVoltageRange                         build/stm32f4xx_hal_pwr_ex.o
HAL_PWR_ConfigPVD                                 build/stm32f4xx_hal_pwr.o
HAL_PWR_DeInit                                    build/stm32f4xx_hal_pwr.o
HAL_PWR_DisableBkUpAccess                         build/stm32f4xx_hal_pwr.o
HAL_PWR_DisablePVD                                build/stm32f4xx_hal_pwr.o
HAL_PWR_DisableSEVOnPend                          build/stm32f4xx_hal_pwr.o
HAL_PWR_DisableSleepOnExit                        build/stm32f4xx_hal_pwr.o
HAL_PWR_DisableWakeUpPin                          build/stm32f4xx_hal_pwr.o
HAL_PWR_EnableBkUpAccess                          build/stm32f4xx_hal_pwr.o
HAL_PWR_EnablePVD                                 build/stm32f4xx_hal_pwr.o
HAL_PWR_EnableSEVOnPend                           build/stm32f4xx_hal_pwr.o
HAL_PWR_EnableSleepOnExit                         build/stm32f4xx_hal_pwr.o
HAL_PWR_EnableWakeUpPin                           build/stm32f4xx_hal_pwr.o
HAL_PWR_EnterSLEEPMode                            build/stm32f4xx_hal_pwr.o
HAL_PWR_EnterSTANDBYMode                          build/stm32f4xx_hal_pwr.o
HAL_PWR_EnterSTOPMode                             build/stm32f4xx_hal_pwr.o
HAL_PWR_PVDCallback                               build/stm32f4xx_hal_pwr.o
HAL_PWR_PVD_IRQHandler                            build/stm32f4xx_hal_pwr.o
HAL_RCCEx_DisablePLLI2S                           build/stm32f4xx_hal_rcc_ex.o
HAL_RCCEx_EnablePLLI2S                            build/stm32f4xx_hal_rcc_ex.o
HAL_RCCEx_GetPeriphCLKConfig                      build/stm32f4xx_hal_rcc_ex.o
HAL_RCCEx_GetPeriphCLKFreq                        build/stm32f4xx_hal_rcc_ex.o
HAL_RCCEx_PeriphCLKConfig                         build/stm32f4xx_hal_rcc_ex.o
HAL_RCC_CSSCallback                               build/stm32f4xx_hal_rcc.o
HAL_RCC_ClockConfig                               build/stm32f4xx_hal_rcc.o
                                                  build/main.o
HAL_RCC_DeInit                                    build/stm32f4xx_hal_rcc_ex.o
                                                  build/stm32f4xx_hal_rcc.o
HAL_RCC_DisableCSS                                build/stm32f4xx_hal_rcc.o
HAL_RCC_EnableCSS                                 build/stm32f4xx_hal_rcc.o
HAL_RCC_GetClockConfig                            build/stm32f4xx_hal_rcc.o
HAL_RCC_GetHCLKFreq                               build/stm32f4xx_hal_rcc.o
HAL_RCC_GetOscConfig                              build/stm32f4xx_hal_rcc.o
HAL_RCC_GetPCLK1Freq                              build/stm32f4xx_hal_rcc.o
HAL_RCC_GetPCLK2Freq                              build/stm32f4xx_hal_rcc.o
HAL_RCC_GetSysClockFreq                           build/stm32f4xx_hal_rcc.o
HAL_RCC_MCOConfig                                 build/stm32f4xx_hal_rcc.o
HAL_RCC_NMI_IRQHandler                            build/stm32f4xx_hal_rcc.o
HAL_RCC_OscConfig                                 build/stm32f4xx_hal_rcc.o
                                                  build/main.o
HAL_ResumeTick                                    build/stm32f4xx_hal.o
HAL_SPI_Abort                                     build/stm32f4xx_hal_spi.o
HAL_SPI_AbortCpltCallback                         build/stm32f4xx_hal_spi.o
HAL_SPI_Abort_IT                                  build/stm32f4xx_hal_spi.o
HAL_SPI_DMAPause                                  build/stm32f4xx_hal_spi.o
HAL_SPI_DMAResume                                 build/stm32f4xx_hal_spi.o
HAL_SPI_DMAStop                                   build/stm32f4xx_hal_spi.o
HAL_SPI_DeInit                                    build/stm32f4xx_hal_spi.o
HAL_SPI_ErrorCallback                             build/stm32f4xx_hal_spi.o
HAL_SPI_GetError                                  build/stm32f4xx_hal_spi.o
HAL_SPI_GetState                                  build/stm32f4xx_hal_spi.o
HAL_SPI_IRQHandler                                build/stm32f4xx_hal_spi.o
HAL_SPI_Init                                      build/stm32f4xx_hal_spi.o
                                                  build/spi.o
HAL_SPI_MspDeInit                                 build/spi.o
HAL_SPI_MspInit                                   build/spi.o
HAL_SPI_Receive                                   build/stm32f4xx_hal_spi.o
                                                  build/motor_driver.o
HAL_SPI_Receive_DMA                               build/stm32f4xx_hal_spi.o
HAL_SPI_Receive_IT                                build/stm32f4xx_hal_spi.o
HAL_SPI_RxCpltCallback                            build/stm32f4xx_hal_spi.o
HAL_SPI_RxHalfCpltCallback                        build/stm32f4xx_hal_spi.o
HAL_SPI_Transmit                                  build/stm32f4xx_hal_spi.o
                                                  build/motor_driver.o
HAL_SPI_TransmitReceive                           build/stm32f4xx_hal_spi.o
HAL_SPI_TransmitReceive_DMA                       build/stm32f4xx_hal_spi.o
HAL_SPI_TransmitReceive_IT                        build/stm32f4xx_hal_spi.o
HAL_SPI_Transmit_DMA                              build/stm32f4xx_hal_spi.o
HAL_SPI_Transmit_IT                               build/stm32f4xx_hal_spi.o
HAL_SPI_TxCpltCallback                            build/stm32f4xx_hal_spi.o
HAL_SPI_TxHalfCpltCallback                        build/stm32f4xx_hal_spi.o
HAL_SPI_TxRxCpltCallback                          build/stm32f4xx_hal_spi.o
HAL_SPI_TxRxHalfCpltCallback                      build/stm32f4xx_hal_spi.o
HAL_SYSTICK_CLKSourceConfig                       build/stm32f4xx_hal_cortex.o
HAL_SYSTICK_Callback                              build/stm32f4xx_hal_cortex.o
HAL_SYSTICK_Config                                build/stm32f4xx_hal_cortex.o
                                                  build/stm32f4xx_hal.o
HAL_SYSTICK_IRQHandler                            build/stm32f4xx_hal_cortex.o
HAL_SetTickFreq                                   build/stm32f4xx_hal.o
HAL_SuspendTick                                   build/stm32f4xx_hal.o
HAL_TIMEx_BreakCallback                           build/stm32f4xx_hal_tim_ex.o
                                                  build/stm32f4xx_hal_tim.o
HAL_TIMEx_CommutCallback                          build/stm32f4xx_hal_tim_ex.o
                                                  build/stm32f4xx_hal_tim.o
HAL_TIMEx_CommutHalfCpltCallback                  build/stm32f4xx_hal_tim_ex.o
HAL_TIMEx_ConfigBreakDeadTime                     build/stm32f4xx_hal_tim_ex.o
                                                  build/tim.o
HAL_TIMEx_ConfigCommutEvent                       build/stm32f4xx_hal_tim_ex.o
HAL_TIMEx_ConfigCommutEvent_DMA                   build/stm32f4xx_hal_tim_ex.o
HAL_TIMEx_ConfigCommutEvent_IT                    build/stm32f4xx_hal_tim_ex.o
HAL_TIMEx_HallSensor_DeInit                       build/stm32f4xx_hal_tim_ex.o
HAL_TIMEx_HallSensor_GetState                     build/stm32f4xx_hal_tim_ex.o
HAL_TIMEx_HallSensor_Init                         build/stm32f4xx_hal_tim_ex.o
HAL_TIMEx_HallSensor_MspDeInit                    build/stm32f4xx_hal_tim_ex.o
HAL_TIMEx_HallSensor_MspInit                      build/stm32f4xx_hal_tim_ex.o
HAL_TIMEx_HallSensor_Start                        build/stm32f4xx_hal_tim_ex.o
HAL_TIMEx_HallSensor_Start_DMA                    build/stm32f4xx_hal_tim_ex.o
HAL_TIMEx_HallSensor_Start_IT                     build/stm32f4xx_hal_tim_ex.o
HAL_TIMEx_HallSensor_Stop                         build/stm32f4xx_hal_tim_ex.o
HAL_TIMEx_HallSensor_Stop_DMA                     build/stm32f4xx_hal_tim_ex.o
HAL_TIMEx_HallSensor_Stop_IT                      build/stm32f4xx_hal_tim_ex.o
HAL_TIMEx_MasterConfigSynchronization             build/stm32f4xx_hal_tim_ex.o
                                                  build/tim.o
HAL_TIMEx_OCN_Start                               build/stm32f4xx_hal_tim_ex.o
HAL_TIMEx_OCN_Start_DMA                           build/stm32f4xx_hal_tim_ex.o
HAL_TIMEx_OCN_Start_IT                            build/stm32f4xx_hal_tim_ex.o
HAL_TIMEx_OCN_Stop                                build/stm32f4xx_hal_tim_ex.o
HAL_TIMEx_OCN_Stop_DMA                            build/stm32f4xx_hal_tim_ex.o
HAL_TIMEx_OCN_Stop_IT                             build/stm32f4xx_hal_tim_ex.o
HAL_TIMEx_OnePulseN_Start                         build/stm32f4xx_hal_tim_ex.o
HAL_TIMEx_OnePulseN_Start_IT                      build/stm32f4xx_hal_tim_ex.o
HAL_TIMEx_OnePulseN_Stop                          build/stm32f4xx_hal_tim_ex.o
HAL_TIMEx_OnePulseN_Stop_IT                       build/stm32f4xx_hal_tim_ex.o
HAL_TIMEx_PWMN_Start                              build/stm32f4xx_hal_tim_ex.o
                                                  build/motor_driver.o
HAL_TIMEx_PWMN_Start_DMA                          build/stm32f4xx_hal_tim_ex.o
HAL_TIMEx_PWMN_Start_IT                           build/stm32f4xx_hal_tim_ex.o
HAL_TIMEx_PWMN_Stop                               build/stm32f4xx_hal_tim_ex.o
                                                  build/motor_driver.o
HAL_TIMEx_PWMN_Stop_DMA                           build/stm32f4xx_hal_tim_ex.o
HAL_TIMEx_PWMN_Stop_IT                            build/stm32f4xx_hal_tim_ex.o
HAL_TIMEx_RemapConfig                             build/stm32f4xx_hal_tim_ex.o
HAL_TIM_Base_DeInit                               build/stm32f4xx_hal_tim.o
HAL_TIM_Base_GetState                             build/stm32f4xx_hal_tim.o
HAL_TIM_Base_Init                                 build/stm32f4xx_hal_tim.o
                                                  build/tim.o
HAL_TIM_Base_MspDeInit                            build/tim.o
HAL_TIM_Base_MspInit                              build/tim.o
HAL_TIM_Base_Start                                build/stm32f4xx_hal_tim.o
HAL_TIM_Base_Start_DMA                            build/stm32f4xx_hal_tim.o
HAL_TIM_Base_Start_IT                             build/stm32f4xx_hal_tim.o
                                                  build/motor_driver.o
                                                  build/user_main.o
HAL_TIM_Base_Stop                                 build/stm32f4xx_hal_tim.o
HAL_TIM_Base_Stop_DMA                             build/stm32f4xx_hal_tim.o
HAL_TIM_Base_Stop_IT                              build/stm32f4xx_hal_tim.o
HAL_TIM_ConfigClockSource                         build/stm32f4xx_hal_tim.o
                                                  build/tim.o
HAL_TIM_ConfigOCrefClear                          build/stm32f4xx_hal_tim.o
HAL_TIM_ConfigTI1Input                            build/stm32f4xx_hal_tim.o
HAL_TIM_DMABurst_ReadStart                        build/stm32f4xx_hal_tim.o
HAL_TIM_DMABurst_ReadStop                         build/stm32f4xx_hal_tim.o
HAL_TIM_DMABurst_WriteStart                       build/stm32f4xx_hal_tim.o
HAL_TIM_DMABurst_WriteStop                        build/stm32f4xx_hal_tim.o
HAL_TIM_Encoder_DeInit                            build/stm32f4xx_hal_tim.o
HAL_TIM_Encoder_GetState                          build/stm32f4xx_hal_tim.o
HAL_TIM_Encoder_Init                              build/stm32f4xx_hal_tim.o
HAL_TIM_Encoder_MspDeInit                         build/stm32f4xx_hal_tim.o
HAL_TIM_Encoder_MspInit                           build/stm32f4xx_hal_tim.o
HAL_TIM_Encoder_Start                             build/stm32f4xx_hal_tim.o
HAL_TIM_Encoder_Start_DMA                         build/stm32f4xx_hal_tim.o
HAL_TIM_Encoder_Start_IT                          build/stm32f4xx_hal_tim.o
HAL_TIM_Encoder_Stop                              build/stm32f4xx_hal_tim.o
HAL_TIM_Encoder_Stop_DMA                          build/stm32f4xx_hal_tim.o
HAL_TIM_Encoder_Stop_IT                           build/stm32f4xx_hal_tim.o
HAL_TIM_ErrorCallback                             build/stm32f4xx_hal_tim.o
HAL_TIM_GenerateEvent                             build/stm32f4xx_hal_tim.o
HAL_TIM_IC_CaptureCallback                        build/stm32f4xx_hal_tim.o
HAL_TIM_IC_CaptureHalfCpltCallback                build/stm32f4xx_hal_tim.o
HAL_TIM_IC_ConfigChannel                          build/stm32f4xx_hal_tim.o
HAL_TIM_IC_DeInit                                 build/stm32f4xx_hal_tim.o
HAL_TIM_IC_GetState                               build/stm32f4xx_hal_tim.o
HAL_TIM_IC_Init                                   build/stm32f4xx_hal_tim.o
HAL_TIM_IC_MspDeInit                              build/stm32f4xx_hal_tim.o
HAL_TIM_IC_MspInit                                build/stm32f4xx_hal_tim.o
HAL_TIM_IC_Start                                  build/stm32f4xx_hal_tim.o
HAL_TIM_IC_Start_DMA                              build/stm32f4xx_hal_tim.o
HAL_TIM_IC_Start_IT                               build/stm32f4xx_hal_tim.o
HAL_TIM_IC_Stop                                   build/stm32f4xx_hal_tim.o
HAL_TIM_IC_Stop_DMA                               build/stm32f4xx_hal_tim.o
HAL_TIM_IC_Stop_IT                                build/stm32f4xx_hal_tim.o
HAL_TIM_IRQHandler                                build/stm32f4xx_hal_tim.o
                                                  build/stm32f4xx_it.o
HAL_TIM_MspPostInit                               build/tim.o
HAL_TIM_OC_ConfigChannel                          build/stm32f4xx_hal_tim.o
HAL_TIM_OC_DeInit                                 build/stm32f4xx_hal_tim.o
HAL_TIM_OC_DelayElapsedCallback                   build/stm32f4xx_hal_tim.o
HAL_TIM_OC_GetState                               build/stm32f4xx_hal_tim.o
HAL_TIM_OC_Init                                   build/stm32f4xx_hal_tim.o
HAL_TIM_OC_MspDeInit                              build/stm32f4xx_hal_tim.o
HAL_TIM_OC_MspInit                                build/stm32f4xx_hal_tim.o
HAL_TIM_OC_Start                                  build/stm32f4xx_hal_tim.o
HAL_TIM_OC_Start_DMA                              build/stm32f4xx_hal_tim.o
HAL_TIM_OC_Start_IT                               build/stm32f4xx_hal_tim.o
HAL_TIM_OC_Stop                                   build/stm32f4xx_hal_tim.o
HAL_TIM_OC_Stop_DMA                               build/stm32f4xx_hal_tim.o
HAL_TIM_OC_Stop_IT                                build/stm32f4xx_hal_tim.o
HAL_TIM_OnePulse_ConfigChannel                    build/stm32f4xx_hal_tim.o
HAL_TIM_OnePulse_DeInit                           build/stm32f4xx_hal_tim.o
HAL_TIM_OnePulse_GetState                         build/stm32f4xx_hal_tim.o
HAL_TIM_OnePulse_Init                             build/stm32f4xx_hal_tim.o
HAL_TIM_OnePulse_MspDeInit                        build/stm32f4xx_hal_tim.o
HAL_TIM_OnePulse_MspInit                          build/stm32f4xx_hal_tim.o
HAL_TIM_OnePulse_Start                            build/stm32f4xx_hal_tim.o
HAL_TIM_OnePulse_Start_IT                         build/stm32f4xx_hal_tim.o
HAL_TIM_OnePulse_Stop                             build/stm32f4xx_hal_tim.o
HAL_TIM_OnePulse_Stop_IT                          build/stm32f4xx_hal_tim.o
HAL_TIM_PWM_ConfigChannel                         build/stm32f4xx_hal_tim.o
                                                  build/tim.o
HAL_TIM_PWM_DeInit                                build/stm32f4xx_hal_tim.o
HAL_TIM_PWM_GetState                              build/stm32f4xx_hal_tim.o
HAL_TIM_PWM_Init                                  build/stm32f4xx_hal_tim.o
                                                  build/tim.o
HAL_TIM_PWM_MspDeInit                             build/stm32f4xx_hal_tim.o
HAL_TIM_PWM_MspInit                               build/stm32f4xx_hal_tim.o
HAL_TIM_PWM_PulseFinishedCallback                 build/stm32f4xx_hal_tim.o
HAL_TIM_PWM_PulseFinishedHalfCpltCallback         build/stm32f4xx_hal_tim.o
HAL_TIM_PWM_Start                                 build/stm32f4xx_hal_tim.o
                                                  build/motor_driver.o
HAL_TIM_PWM_Start_DMA                             build/stm32f4xx_hal_tim.o
HAL_TIM_PWM_Start_IT                              build/stm32f4xx_hal_tim.o
HAL_TIM_PWM_Stop                                  build/stm32f4xx_hal_tim.o
                                                  build/motor_driver.o
HAL_TIM_PWM_Stop_DMA                              build/stm32f4xx_hal_tim.o
HAL_TIM_PWM_Stop_IT                               build/stm32f4xx_hal_tim.o
HAL_TIM_PeriodElapsedCallback                     build/stm32f4xx_hal_tim.o
HAL_TIM_PeriodElapsedHalfCpltCallback             build/stm32f4xx_hal_tim.o
HAL_TIM_ReadCapturedValue                         build/stm32f4xx_hal_tim.o
HAL_TIM_SlaveConfigSynchro                        build/stm32f4xx_hal_tim.o
HAL_TIM_SlaveConfigSynchro_IT                     build/stm32f4xx_hal_tim.o
HAL_TIM_TriggerCallback                           build/stm32f4xx_hal_tim.o
HAL_TIM_TriggerHalfCpltCallback                   build/stm32f4xx_hal_tim.o
HASH_RNG_IRQHandler                               build/startup_stm32f405xx.o
HardFault_Handler                                 build/stm32f4xx_it.o
I2C1_ER_IRQHandler                                build/startup_stm32f405xx.o
I2C1_EV_IRQHandler                                build/startup_stm32f405xx.o
I2C2_ER_IRQHandler                                build/startup_stm32f405xx.o
I2C2_EV_IRQHandler                                build/startup_stm32f405xx.o
I2C3_ER_IRQHandler                                build/startup_stm32f405xx.o
I2C3_EV_IRQHandler                                build/startup_stm32f405xx.o
MX_ADC1_Init                                      build/adc.o
                                                  build/main.o
MX_DMA_Init                                       build/dma.o
                                                  build/main.o
MX_GPIO_Init                                      build/gpio.o
                                                  build/main.o
MX_SPI3_Init                                      build/spi.o
                                                  build/main.o
MX_SYS_Init                                       build/sys.o
MX_TIM1_Init                                      build/tim.o
                                                  build/main.o
MX_TIM6_Init                                      build/tim.o
                                                  build/main.o
MX_TIM7_Init                                      build/tim.o
                                                  build/main.o
MemManage_Handler                                 build/stm32f4xx_it.o
NMI_Handler                                       build/stm32f4xx_it.o
OTG_FS_IRQHandler                                 build/startup_stm32f405xx.o
OTG_FS_WKUP_IRQHandler                            build/startup_stm32f405xx.o
OTG_HS_EP1_IN_IRQHandler                          build/startup_stm32f405xx.o
OTG_HS_EP1_OUT_IRQHandler                         build/startup_stm32f405xx.o
OTG_HS_IRQHandler                                 build/startup_stm32f405xx.o
OTG_HS_WKUP_IRQHandler                            build/startup_stm32f405xx.o
PVD_IRQHandler                                    build/startup_stm32f405xx.o
PendSV_Handler                                    build/stm32f4xx_it.o
RCC_IRQHandler                                    build/startup_stm32f405xx.o
RTC_Alarm_IRQHandler                              build/startup_stm32f405xx.o
RTC_WKUP_IRQHandler                               build/startup_stm32f405xx.o
Reset_Handler                                     build/startup_stm32f405xx.o
SDIO_IRQHandler                                   build/startup_stm32f405xx.o
SPI1_IRQHandler                                   build/startup_stm32f405xx.o
SPI2_IRQHandler                                   build/startup_stm32f405xx.o
SPI3_IRQHandler                                   build/startup_stm32f405xx.o
SVC_Handler                                       build/stm32f4xx_it.o
SysTick_Handler                                   build/stm32f4xx_it.o
SystemClock_Config                                build/main.o
SystemCoreClock                                   build/system_stm32f4xx.o
                                                  build/stm32f4xx_hal_spi.o
                                                  build/stm32f4xx_hal.o
                                                  build/stm32f4xx_hal_dma.o
                                                  build/stm32f4xx_hal_rcc_ex.o
                                                  build/stm32f4xx_hal_rcc.o
                                                  build/stm32f4xx_hal_adc_ex.o
                                                  build/stm32f4xx_hal_adc.o
SystemCoreClockUpdate                             build/system_stm32f4xx.o
SystemInit                                        build/system_stm32f4xx.o
                                                  build/startup_stm32f405xx.o
TAMP_STAMP_IRQHandler                             build/startup_stm32f405xx.o
TIM1_BRK_TIM9_IRQHandler                          build/startup_stm32f405xx.o
TIM1_CC_IRQHandler                                build/startup_stm32f405xx.o
TIM1_TRG_COM_TIM11_IRQHandler                     build/startup_stm32f405xx.o
TIM1_UP_TIM10_IRQHandler                          build/startup_stm32f405xx.o
TIM2_IRQHandler                                   build/startup_stm32f405xx.o
TIM3_IRQHandler                                   build/startup_stm32f405xx.o
TIM4_IRQHandler                                   build/startup_stm32f405xx.o
TIM5_IRQHandler                                   build/startup_stm32f405xx.o
TIM6_DAC_IRQHandler                               build/stm32f4xx_it.o
TIM7_IRQHandler                                   build/stm32f4xx_it.o
TIM8_BRK_TIM12_IRQHandler                         build/startup_stm32f405xx.o
TIM8_CC_IRQHandler                                build/startup_stm32f405xx.o
TIM8_TRG_COM_TIM14_IRQHandler                     build/startup_stm32f405xx.o
TIM8_UP_TIM13_IRQHandler                          build/startup_stm32f405xx.o
TIMEx_DMACommutationCplt                          build/stm32f4xx_hal_tim_ex.o
                                                  build/stm32f4xx_hal_tim.o
TIMEx_DMACommutationHalfCplt                      build/stm32f4xx_hal_tim_ex.o
                                                  build/stm32f4xx_hal_tim.o
TIM_Base_SetConfig                                build/stm32f4xx_hal_tim.o
                                                  build/stm32f4xx_hal_tim_ex.o
TIM_CCxChannelCmd                                 build/stm32f4xx_hal_tim.o
                                                  build/stm32f4xx_hal_tim_ex.o
TIM_DMACaptureCplt                                build/stm32f4xx_hal_tim.o
                                                  build/stm32f4xx_hal_tim_ex.o
TIM_DMACaptureHalfCplt                            build/stm32f4xx_hal_tim.o
                                                  build/stm32f4xx_hal_tim_ex.o
TIM_DMADelayPulseCplt                             build/stm32f4xx_hal_tim.o
                                                  build/stm32f4xx_hal_tim_ex.o
TIM_DMADelayPulseHalfCplt                         build/stm32f4xx_hal_tim.o
                                                  build/stm32f4xx_hal_tim_ex.o
TIM_DMAError                                      build/stm32f4xx_hal_tim.o
                                                  build/stm32f4xx_hal_tim_ex.o
TIM_ETR_SetConfig                                 build/stm32f4xx_hal_tim.o
TIM_OC2_SetConfig                                 build/stm32f4xx_hal_tim.o
                                                  build/stm32f4xx_hal_tim_ex.o
TIM_TI1_SetConfig                                 build/stm32f4xx_hal_tim.o
                                                  build/stm32f4xx_hal_tim_ex.o
UART4_IRQHandler                                  build/startup_stm32f405xx.o