Archive member included to satisfy reference by file (symbol)

/Users/geekzjk/opt/gcc-arm-none-eabi-6-2017-q2-update/bin/../lib/gcc/arm-none-eabi/6.3.1/../../../../arm-none-eabi/lib/thumb/v7e-m/fpv4-sp/hard/libc_nano.a(lib_a-exit.o)
                              /Users/geekzjk/opt/gcc-arm-none-eabi-6-2017-q2-update/bin/../lib/gcc/arm-none-eabi/6.3.1/../../../../arm-none-eabi/lib/thumb/v7e-m/fpv4-sp/hard/crt0.o (exit)
/Users/geekzjk/opt/gcc-arm-none-eabi-6-2017-q2-update/bin/../lib/gcc/arm-none-eabi/6.3.1/../../../../arm-none-eabi/lib/thumb/v7e-m/fpv4-sp/hard/libc_nano.a(lib_a-impure.o)
                              /Users/geekzjk/opt/gcc-arm-none-eabi-6-2017-q2-update/bin/../lib/gcc/arm-none-eabi/6.3.1/../../../../arm-none-eabi/lib/thumb/v7e-m/fpv4-sp/hard/libc_nano.a(lib_a-exit.o) (_global_impure_ptr)
/Users/geekzjk/opt/gcc-arm-none-eabi-6-2017-q2-update/bin/../lib/gcc/arm-none-eabi/6.3.1/../../../../arm-none-eabi/lib/thumb/v7e-m/fpv4-sp/hard/libc_nano.a(lib_a-init.o)
                              /Users/geekzjk/opt/gcc-arm-none-eabi-6-2017-q2-update/bin/../lib/gcc/arm-none-eabi/6.3.1/../../../../arm-none-eabi/lib/thumb/v7e-m/fpv4-sp/hard/crt0.o (__libc_init_array)
/Users/geekzjk/opt/gcc-arm-none-eabi-6-2017-q2-update/bin/../lib/gcc/arm-none-eabi/6.3.1/../../../../arm-none-eabi/lib/thumb/v7e-m/fpv4-sp/hard/libc_nano.a(lib_a-memset.o)
                              /Users/geekzjk/opt/gcc-arm-none-eabi-6-2017-q2-update/bin/../lib/gcc/arm-none-eabi/6.3.1/../../../../arm-none-eabi/lib/thumb/v7e-m/fpv4-sp/hard/crt0.o (memset)
/Users/geekzjk/opt/gcc-arm-none-eabi-6-2017-q2-update/bin/../lib/gcc/arm-none-eabi/6.3.1/../../../../arm-none-eabi/lib/thumb/v7e-m/fpv4-sp/hard/libm.a(lib_a-s_atan.o)
                              build/MPU6050.o (atan)
/Users/geekzjk/opt/gcc-arm-none-eabi-6-2017-q2-update/bin/../lib/gcc/arm-none-eabi/6.3.1/../../../../arm-none-eabi/lib/thumb/v7e-m/fpv4-sp/hard/libm.a(lib_a-s_fabs.o)
                              /Users/geekzjk/opt/gcc-arm-none-eabi-6-2017-q2-update/bin/../lib/gcc/arm-none-eabi/6.3.1/../../../../arm-none-eabi/lib/thumb/v7e-m/fpv4-sp/hard/libm.a(lib_a-s_atan.o) (fabs)
/Users/geekzjk/opt/gcc-arm-none-eabi-6-2017-q2-update/bin/../lib/gcc/arm-none-eabi/6.3.1/../../../../arm-none-eabi/lib/thumb/v7e-m/fpv4-sp/hard/libm.a(lib_a-w_pow.o)
                              build/MPU6050.o (pow)
/Users/geekzjk/opt/gcc-arm-none-eabi-6-2017-q2-update/bin/../lib/gcc/arm-none-eabi/6.3.1/../../../../arm-none-eabi/lib/thumb/v7e-m/fpv4-sp/hard/libm.a(lib_a-w_sqrt.o)
                              build/MPU6050.o (sqrt)
/Users/geekzjk/opt/gcc-arm-none-eabi-6-2017-q2-update/bin/../lib/gcc/arm-none-eabi/6.3.1/../../../../arm-none-eabi/lib/thumb/v7e-m/fpv4-sp/hard/libm.a(lib_a-e_pow.o)
                              /Users/geekzjk/opt/gcc-arm-none-eabi-6-2017-q2-update/bin/../lib/gcc/arm-none-eabi/6.3.1/../../../../arm-none-eabi/lib/thumb/v7e-m/fpv4-sp/hard/libm.a(lib_a-w_pow.o) (__ieee754_pow)
/Users/geekzjk/opt/gcc-arm-none-eabi-6-2017-q2-update/bin/../lib/gcc/arm-none-eabi/6.3.1/../../../../arm-none-eabi/lib/thumb/v7e-m/fpv4-sp/hard/libm.a(lib_a-e_sqrt.o)
                              /Users/geekzjk/opt/gcc-arm-none-eabi-6-2017-q2-update/bin/../lib/gcc/arm-none-eabi/6.3.1/../../../../arm-none-eabi/lib/thumb/v7e-m/fpv4-sp/hard/libm.a(lib_a-w_sqrt.o) (__ieee754_sqrt)
/Users/geekzjk/opt/gcc-arm-none-eabi-6-2017-q2-update/bin/../lib/gcc/arm-none-eabi/6.3.1/../../../../arm-none-eabi/lib/thumb/v7e-m/fpv4-sp/hard/libm.a(lib_a-s_finite.o)
                              /Users/geekzjk/opt/gcc-arm-none-eabi-6-2017-q2-update/bin/../lib/gcc/arm-none-eabi/6.3.1/../../../../arm-none-eabi/lib/thumb/v7e-m/fpv4-sp/hard/libm.a(lib_a-w_pow.o) (finite)
/Users/geekzjk/opt/gcc-arm-none-eabi-6-2017-q2-update/bin/../lib/gcc/arm-none-eabi/6.3.1/../../../../arm-none-eabi/lib/thumb/v7e-m/fpv4-sp/hard/libm.a(lib_a-s_lib_ver.o)
                              /Users/geekzjk/opt/gcc-arm-none-eabi-6-2017-q2-update/bin/../lib/gcc/arm-none-eabi/6.3.1/../../../../arm-none-eabi/lib/thumb/v7e-m/fpv4-sp/hard/libm.a(lib_a-w_pow.o) (__fdlib_version)
/Users/geekzjk/opt/gcc-arm-none-eabi-6-2017-q2-update/bin/../lib/gcc/arm-none-eabi/6.3.1/../../../../arm-none-eabi/lib/thumb/v7e-m/fpv4-sp/hard/libm.a(lib_a-s_matherr.o)
                              /Users/geekzjk/opt/gcc-arm-none-eabi-6-2017-q2-update/bin/../lib/gcc/arm-none-eabi/6.3.1/../../../../arm-none-eabi/lib/thumb/v7e-m/fpv4-sp/hard/libm.a(lib_a-w_pow.o) (matherr)
/Users/geekzjk/opt/gcc-arm-none-eabi-6-2017-q2-update/bin/../lib/gcc/arm-none-eabi/6.3.1/../../../../arm-none-eabi/lib/thumb/v7e-m/fpv4-sp/hard/libm.a(lib_a-s_nan.o)
                              /Users/geekzjk/opt/gcc-arm-none-eabi-6-2017-q2-update/bin/../lib/gcc/arm-none-eabi/6.3.1/../../../../arm-none-eabi/lib/thumb/v7e-m/fpv4-sp/hard/libm.a(lib_a-e_pow.o) (nan)
[...]
Memory Configuration

Name             Origin             Length             Attributes
RAM              0x0000000020000000 0x0000000000020000 xrw
CCMRAM           0x0000000010000000 0x0000000000010000 rw
FLASH            0x0000000008000000 0x0000000000100000 xr
*default*        0x0000000000000000 0xffffffffffffffff

Linker script and memory map

LOAD /Users/geekzjk/opt/gcc-arm-none-eabi-6-2017-q2-update/bin/../lib/gcc/arm-none-eabi/6.3.1/thumb/v7e-m/fpv4-sp/hard/crti.o
LOAD /Users/geekzjk/opt/gcc-arm-none-eabi-6-2017-q2-update/bin/../lib/gcc/arm-none-eabi/6.3.1/thumb/v7e-m/fpv4-sp/hard/crtbegin.o
LOAD /Users/geekzjk/opt/gcc-arm-none-eabi-6-2017-q2-update/bin/../lib/gcc/arm-none-eabi/6.3.1/../../../../arm-none-eabi/lib/thumb/v7e-m/fpv4-sp/hard/crt0.o
LOAD build/main.o
LOAD build/gpio.o
LOAD build/adc.o
LOAD build/dma.o
LOAD build/spi.o
LOAD build/tim.o
LOAD build/stm32f4xx_it.o
LOAD build/stm32f4xx_hal_msp.o
LOAD build/stm32f4xx_hal_adc.o
LOAD build/stm32f4xx_hal_adc_ex.o
LOAD build/stm32f4xx_hal_rcc.o
LOAD build/stm32f4xx_hal_rcc_ex.o
LOAD build/stm32f4xx_hal_flash.o
LOAD build/stm32f4xx_hal_flash_ex.o
LOAD build/stm32f4xx_hal_flash_ramfunc.o
LOAD build/stm32f4xx_hal_gpio.o
LOAD build/stm32f4xx_hal_dma_ex.o
LOAD build/stm32f4xx_hal_dma.o
LOAD build/stm32f4xx_hal_pwr.o
LOAD build/stm32f4xx_hal_pwr_ex.o
LOAD build/stm32f4xx_hal_cortex.o
LOAD build/stm32f4xx_hal.o
LOAD build/stm32f4xx_hal_exti.o
LOAD build/stm32f4xx_hal_spi.o
LOAD build/stm32f4xx_hal_tim.o
LOAD build/stm32f4xx_hal_tim_ex.o
LOAD build/system_stm32f4xx.o
LOAD build/user_main.o
LOAD build/motor_driver.o
LOAD build/algorithm.o
LOAD build/can_protocol.o
LOAD build/can.o
LOAD build/stm32f4xx_hal_can.o
LOAD build/LED.o
LOAD build/WS2812B.o
LOAD build/M3508.o
LOAD build/MPU6050.o
LOAD build/iic.o
LOAD build/user_control.o
LOAD build/startup_stm32f405xx.o
LOAD /Users/geekzjk/opt/gcc-arm-none-eabi-6-2017-q2-update/bin/../lib/gcc/arm-none-eabi/6.3.1/../../../../arm-none-eabi/lib/thumb/v7e-m/fpv4-sp/hard/libc_nano.a
LOAD /Users/geekzjk/opt/gcc-arm-none-eabi-6-2017-q2-update/bin/../lib/gcc/arm-none-eabi/6.3.1/../../../../arm-none-eabi/lib/thumb/v7e-m/fpv4-sp/hard/libm.a
LOAD /Users/geekzjk/opt/gcc-arm-none-eabi-6-2017-q2-update/bin/../lib/gcc/arm-none-eabi/6.3.1/../../../../arm-none-eabi/lib/thumb/v7e-m/fpv4-sp/hard/libnosys.a
START GROUP
LOAD /Users/geekzjk/opt/gcc-arm-none-eabi-6-2017-q2-update/bin/../lib/gcc/arm-none-eabi/6.3.1/thumb/v7e-m/fpv4-sp/hard/libgcc.a
LOAD /Users/geekzjk/opt/gcc-arm-none-eabi-6-2017-q2-update/bin/../lib/gcc/arm-none-eabi/6.3.1/../../../../arm-none-eabi/lib/thumb/v7e-m/fpv4-sp/hard/libc_nano.a
END GROUP
START GROUP
LOAD /Users/geekzjk/opt/gcc-arm-none-eabi-6-2017-q2-update/bin/../lib/gcc/arm-none-eabi/6.3.1/thumb/v7e-m/fpv4-sp/hard/libgcc.a
LOAD /Users/geekzjk/opt/gcc-arm-none-eabi-6-2017-q2-update/bin/../lib/gcc/arm-none-eabi/6.3.1/../../../../arm-none-eabi/lib/thumb/v7e-m/fpv4-sp/hard/libc_nano.a
END GROUP
LOAD /Users/geekzjk/opt/gcc-arm-none-eabi-6-2017-q2-update/bin/../lib/gcc/arm-none-eabi/6.3.1/thumb/v7e-m/fpv4-sp/hard/crtend.o
LOAD /Users/geekzjk/opt/gcc-arm-none-eabi-6-2017-q2-update/bin/../lib/gcc/arm-none-eabi/6.3.1/thumb/v7e-m/fpv4-sp/hard/crtn.o
                0x0000000020020000                _estack = 0x20020000
                0x0000000000000200                _Min_Heap_Size = 0x200
                0x0000000000000400                _Min_Stack_Size = 0x400

.isr_vector     0x0000000008000000      0x188
                0x0000000008000000                . = ALIGN (0x4)
 *(.isr_vector)
 .isr_vector    0x0000000008000000      0x188 build/startup_stm32f405xx.o
                0x0000000008000000                g_pfnVectors
                0x0000000008000188                . = ALIGN (0x4)

.text           0x0000000008000188     0x679c
                0x0000000008000188                . = ALIGN (0x4)
 *(.text)
 .text          0x0000000008000188       0x6c /Users/geekzjk/opt/gcc-arm-none-eabi-6-2017-q2-update/bin/../lib/gcc/arm-none-eabi/6.3.1/thumb/v7e-m/fpv4-sp/hard/crtbegin.o
 .text          0x00000000080001f4      0x370 /Users/geekzjk/opt/gcc-arm-none-eabi-6-2017-q2-update/bin/../lib/gcc/arm-none-eabi/6.3.1/thumb/v7e-m/fpv4-sp/hard/libgcc.a(_arm_addsubdf3.o)
                0x00000000080001f4                __aeabi_drsub
                0x00000000080001fc                __subdf3
                0x00000000080001fc                __aeabi_dsub
                0x0000000008000200                __aeabi_dadd
                0x0000000008000200                __adddf3
                0x0000000008000478                __aeabi_ui2d
                0x0000000008000478                __floatunsidf
                0x0000000008000498                __floatsidf
                0x0000000008000498                __aeabi_i2d
                0x00000000080004bc                __extendsfdf2
                0x00000000080004bc                __aeabi_f2d
                0x00000000080004f8                __aeabi_ul2d
                0x00000000080004f8                __floatundidf
                0x0000000008000508                __aeabi_l2d
                0x0000000008000508                __floatdidf
 .text          0x0000000008000564      0x424 /Users/geekzjk/opt/gcc-arm-none-eabi-6-2017-q2-update/bin/../lib/gcc/arm-none-eabi/6.3.1/thumb/v7e-m/fpv4-sp/hard/libgcc.a(_arm_muldivdf3.o)
                0x0000000008000564                __aeabi_dmul
                0x0000000008000564                __muldf3
                0x00000000080007b8                __aeabi_ddiv
                0x00000000080007b8                __divdf3
 .text          0x0000000008000988      0x110 /Users/geekzjk/opt/gcc-arm-none-eabi-6-2017-q2-update/bin/../lib/gcc/arm-none-eabi/6.3.1/thumb/v7e-m/fpv4-sp/hard/libgcc.a(_arm_cmpdf2.o)
                0x0000000008000988                __gedf2
                0x0000000008000988                __gtdf2
                0x0000000008000990                __ledf2
                0x0000000008000990                __ltdf2
                0x0000000008000998                __cmpdf2
                0x0000000008000998                __eqdf2
                0x0000000008000998                __nedf2
                0x0000000008000a14                __aeabi_cdrcmple
                0x0000000008000a24                __aeabi_cdcmple
                0x0000000008000a24                __aeabi_cdcmpeq
                0x0000000008000a34                __aeabi_dcmpeq
                0x0000000008000a48                __aeabi_dcmplt
                0x0000000008000a5c                __aeabi_dcmple
                0x0000000008000a70                __aeabi_dcmpge
                0x0000000008000a84                __aeabi_dcmpgt
 .text          0x0000000008000a98       0x2c /Users/geekzjk/opt/gcc-arm-none-eabi-6-2017-q2-update/bin/../lib/gcc/arm-none-eabi/6.3.1/thumb/v7e-m/fpv4-sp/hard/libgcc.a(_arm_unorddf2.o)
                0x0000000008000a98                __aeabi_dcmpun
                0x0000000008000a98                __unorddf2
 .text          0x0000000008000ac4       0xa0 /Users/geekzjk/opt/gcc-arm-none-eabi-6-2017-q2-update/bin/../lib/gcc/arm-none-eabi/6.3.1/thumb/v7e-m/fpv4-sp/hard/libgcc.a(_arm_truncdfsf2.o)
                0x0000000008000ac4                __aeabi_d2f
                0x0000000008000ac4                __truncdfsf2
 .text          0x0000000008000b64       0x30 /Users/geekzjk/opt/gcc-arm-none-eabi-6-2017-q2-update/bin/../lib/gcc/arm-none-eabi/6.3.1/thumb/v7e-m/fpv4-sp/hard/libgcc.a(_aeabi_uldivmod.o)
                0x0000000008000b64                __aeabi_uldivmod
 .text          0x0000000008000b94      0x2dc /Users/geekzjk/opt/gcc-arm-none-eabi-6-2017-q2-update/bin/../lib/gcc/arm-none-eabi/6.3.1/thumb/v7e-m/fpv4-sp/hard/libgcc.a(_udivmoddi4.o)
                0x0000000008000b94                __udivmoddi4
 .text          0x0000000008000e70        0x4 /Users/geekzjk/opt/gcc-arm-none-eabi-6-2017-q2-update/bin/../lib/gcc/arm-none-eabi/6.3.1/thumb/v7e-m/fpv4-sp/hard/libgcc.a(_dvmd_tls.o)
                0x0000000008000e70                __aeabi_ldiv0
                0x0000000008000e70                __aeabi_idiv0
 *(.text*)
 .text.SystemClock_Config
                0x0000000008000e74       0x94 build/main.o
                0x0000000008000e74                SystemClock_Config
 .text.main     0x0000000008000f08       0x38 build/main.o
                0x0000000008000f08                main
 .text.Error_Handler
                0x0000000008000f40        0x2 build/main.o
                0x0000000008000f40                Error_Handler
 *fill*         0x0000000008000f42        0x2 
 .text.MX_GPIO_Init
                0x0000000008000f44      0x198 build/gpio.o
                0x0000000008000f44                MX_GPIO_Init
 .text.MX_ADC1_Init
                0x00000000080010dc       0x88 build/adc.o
                0x00000000080010dc                MX_ADC1_Init
 .text.HAL_ADC_MspInit
                0x0000000008001164       0xd4 build/adc.o
                0x0000000008001164                HAL_ADC_MspInit
 .text.MX_DMA_Init
                0x0000000008001238       0x38 build/dma.o
                0x0000000008001238                MX_DMA_Init
 .text.MX_SPI3_Init
                0x0000000008001270       0x44 build/spi.o
                0x0000000008001270                MX_SPI3_Init
 .text.HAL_SPI_MspInit
                0x00000000080012b4       0xac build/spi.o
                0x00000000080012b4                HAL_SPI_MspInit
 .text.MX_TIM6_Init
                0x0000000008001360       0x54 build/tim.o
                0x0000000008001360                MX_TIM6_Init
 .text.MX_TIM7_Init
                0x00000000080013b4       0x50 build/tim.o
                0x00000000080013b4                MX_TIM7_Init
 .text.MX_TIM10_Init
                0x0000000008001404       0x34 build/tim.o
                0x0000000008001404                MX_TIM10_Init
 .text.HAL_TIM_Base_MspInit
                0x0000000008001438       0xd8 build/tim.o
                0x0000000008001438                HAL_TIM_Base_MspInit
 .text.HAL_TIM_MspPostInit
                0x0000000008001510       0x84 build/tim.o
                0x0000000008001510                HAL_TIM_MspPostInit
 .text.MX_TIM1_Init
                0x0000000008001594      0x110 build/tim.o
                0x0000000008001594                MX_TIM1_Init
 .text.NMI_Handler
                0x00000000080016a4        0x2 build/stm32f4xx_it.o
                0x00000000080016a4                NMI_Handler
 .text.HardFault_Handler
                0x00000000080016a6        0x2 build/stm32f4xx_it.o
                0x00000000080016a6                HardFault_Handler
 .text.MemManage_Handler
                0x00000000080016a8        0x2 build/stm32f4xx_it.o
                0x00000000080016a8                MemManage_Handler
 .text.BusFault_Handler
                0x00000000080016aa        0x2 build/stm32f4xx_it.o
                0x00000000080016aa                BusFault_Handler
 .text.UsageFault_Handler
                0x00000000080016ac        0x2 build/stm32f4xx_it.o
                0x00000000080016ac                UsageFault_Handler
 .text.SVC_Handler
                0x00000000080016ae        0x2 build/stm32f4xx_it.o
                0x00000000080016ae                SVC_Handler
 .text.DebugMon_Handler
                0x00000000080016b0        0x2 build/stm32f4xx_it.o
                0x00000000080016b0                DebugMon_Handler
 .text.PendSV_Handler
                0x00000000080016b2        0x2 build/stm32f4xx_it.o
                0x00000000080016b2                PendSV_Handler
 .text.SysTick_Handler
                0x00000000080016b4        0x8 build/stm32f4xx_it.o
                0x00000000080016b4                SysTick_Handler
 .text.EXTI4_IRQHandler
                0x00000000080016bc       0x12 build/stm32f4xx_it.o
                0x00000000080016bc                EXTI4_IRQHandler
 *fill*         0x00000000080016ce        0x2 
 .text.CAN1_RX0_IRQHandler
                0x00000000080016d0       0x14 build/stm32f4xx_it.o
                0x00000000080016d0                CAN1_RX0_IRQHandler
 .text.EXTI9_5_IRQHandler
                0x00000000080016e4       0x1a build/stm32f4xx_it.o
                0x00000000080016e4                EXTI9_5_IRQHandler
 *fill*         0x00000000080016fe        0x2 
 .text.TIM1_UP_TIM10_IRQHandler
                0x0000000008001700       0x18 build/stm32f4xx_it.o
                0x0000000008001700                TIM1_UP_TIM10_IRQHandler
 .text.TIM6_DAC_IRQHandler
                0x0000000008001718       0x30 build/stm32f4xx_it.o
                0x0000000008001718                TIM6_DAC_IRQHandler
 .text.TIM7_IRQHandler
                0x0000000008001748       0x20 build/stm32f4xx_it.o
                0x0000000008001748                TIM7_IRQHandler
 .text.HAL_MspInit
                0x0000000008001768       0x38 build/stm32f4xx_hal_msp.o
                0x0000000008001768                HAL_MspInit
 .text.ADC_Init
                0x00000000080017a0      0x134 build/stm32f4xx_hal_adc.o
 .text.HAL_ADC_Init
                0x00000000080018d4       0x56 build/stm32f4xx_hal_adc.o
                0x00000000080018d4                HAL_ADC_Init
 *fill*         0x000000000800192a        0x2 
 .text.HAL_ADC_Start_DMA
                0x000000000800192c      0x180 build/stm32f4xx_hal_adc.o
                0x000000000800192c                HAL_ADC_Start_DMA
 .text.HAL_ADC_ConvCpltCallback
                0x0000000008001aac        0x2 build/stm32f4xx_hal_adc.o
                0x0000000008001aac                HAL_ADC_ConvCpltCallback
 .text.HAL_ADC_ConvHalfCpltCallback
                0x0000000008001aae        0x2 build/stm32f4xx_hal_adc.o
                0x0000000008001aae                HAL_ADC_ConvHalfCpltCallback
 .text.ADC_DMAHalfConvCplt
                0x0000000008001ab0        0xa build/stm32f4xx_hal_adc.o
 .text.HAL_ADC_ErrorCallback
                0x0000000008001aba        0x2 build/stm32f4xx_hal_adc.o
                0x0000000008001aba                HAL_ADC_ErrorCallback
 .text.ADC_DMAError
                0x0000000008001abc       0x16 build/stm32f4xx_hal_adc.o
 .text.ADC_DMAConvCplt
                0x0000000008001ad2       0x72 build/stm32f4xx_hal_adc.o
 .text.HAL_ADC_ConfigChannel
                0x0000000008001b44      0x190 build/stm32f4xx_hal_adc.o
                0x0000000008001b44                HAL_ADC_ConfigChannel
 .text.HAL_RCC_OscConfig
                0x0000000008001cd4      0x3ec build/stm32f4xx_hal_rcc.o
                0x0000000008001cd4                HAL_RCC_OscConfig
 .text.HAL_RCC_GetSysClockFreq
                0x00000000080020c0       0xd4 build/stm32f4xx_hal_rcc.o
                0x00000000080020c0                HAL_RCC_GetSysClockFreq
 .text.HAL_RCC_ClockConfig
                0x0000000008002194      0x160 build/stm32f4xx_hal_rcc.o
                0x0000000008002194                HAL_RCC_ClockConfig
 .text.HAL_GPIO_Init
                0x00000000080022f4      0x1dc build/stm32f4xx_hal_gpio.o
                0x00000000080022f4                HAL_GPIO_Init
 .text.HAL_GPIO_ReadPin
                0x00000000080024d0        0xe build/stm32f4xx_hal_gpio.o
                0x00000000080024d0                HAL_GPIO_ReadPin
 .text.HAL_GPIO_WritePin
                0x00000000080024de        0xc build/stm32f4xx_hal_gpio.o
                0x00000000080024de                HAL_GPIO_WritePin
 .text.HAL_GPIO_TogglePin
                0x00000000080024ea       0x12 build/stm32f4xx_hal_gpio.o
                0x00000000080024ea                HAL_GPIO_TogglePin
 .text.HAL_GPIO_EXTI_Callback
                0x00000000080024fc        0x2 build/stm32f4xx_hal_gpio.o
                0x00000000080024fc                HAL_GPIO_EXTI_Callback
 *fill*         0x00000000080024fe        0x2 
 .text.HAL_GPIO_EXTI_IRQHandler
                0x0000000008002500       0x1c build/stm32f4xx_hal_gpio.o
                0x0000000008002500                HAL_GPIO_EXTI_IRQHandler
 .text.DMA_SetConfig
                0x000000000800251c       0x2c build/stm32f4xx_hal_dma.o
 .text.DMA_CalcBaseAndBitshift
                0x0000000008002548       0x3c build/stm32f4xx_hal_dma.o
 .text.DMA_CheckFifoParam
                0x0000000008002584       0x8e build/stm32f4xx_hal_dma.o
 *fill*         0x0000000008002612        0x2 
 .text.HAL_DMA_Init
                0x0000000008002614       0xd0 build/stm32f4xx_hal_dma.o
                0x0000000008002614                HAL_DMA_Init
 .text.HAL_DMA_Start_IT
                0x00000000080026e4       0x6a build/stm32f4xx_hal_dma.o
                0x00000000080026e4                HAL_DMA_Start_IT
 *fill*         0x000000000800274e        0x2 
 .text.HAL_NVIC_SetPriorityGrouping
                0x0000000008002750       0x24 build/stm32f4xx_hal_cortex.o
                0x0000000008002750                HAL_NVIC_SetPriorityGrouping
 .text.HAL_NVIC_SetPriority
                0x0000000008002774       0x64 build/stm32f4xx_hal_cortex.o
                0x0000000008002774                HAL_NVIC_SetPriority
 .text.HAL_NVIC_EnableIRQ
                0x00000000080027d8       0x1c build/stm32f4xx_hal_cortex.o
                0x00000000080027d8                HAL_NVIC_EnableIRQ
 .text.HAL_NVIC_SystemReset
                0x00000000080027f4       0x24 build/stm32f4xx_hal_cortex.o
                0x00000000080027f4                HAL_NVIC_SystemReset
 .text.HAL_SYSTICK_Config
                0x0000000008002818       0x2c build/stm32f4xx_hal_cortex.o
                0x0000000008002818                HAL_SYSTICK_Config
 .text.HAL_InitTick
                0x0000000008002844       0x4c build/stm32f4xx_hal.o
                0x0000000008002844                HAL_InitTick
 .text.HAL_Init
                0x0000000008002890       0x34 build/stm32f4xx_hal.o
                0x0000000008002890                HAL_Init
 .text.HAL_IncTick
                0x00000000080028c4       0x18 build/stm32f4xx_hal.o
                0x00000000080028c4                HAL_IncTick
 .text.HAL_GetTick
                0x00000000080028dc        0xc build/stm32f4xx_hal.o
                0x00000000080028dc                HAL_GetTick
 .text.HAL_Delay
                0x00000000080028e8       0x28 build/stm32f4xx_hal.o
                0x00000000080028e8                HAL_Delay
 .text.SPI_WaitFlagStateUntilTimeout
                0x0000000008002910       0x90 build/stm32f4xx_hal_spi.o
 .text.SPI_EndRxTxTransaction
                0x00000000080029a0       0x68 build/stm32f4xx_hal_spi.o
 .text.HAL_SPI_Init
                0x0000000008002a08       0x80 build/stm32f4xx_hal_spi.o
                0x0000000008002a08                HAL_SPI_Init
 .text.HAL_SPI_Transmit_DMA
                0x0000000008002a88       0xdc build/stm32f4xx_hal_spi.o
                0x0000000008002a88                HAL_SPI_Transmit_DMA
 .text.HAL_SPI_TxCpltCallback
                0x0000000008002b64        0x2 build/stm32f4xx_hal_spi.o
                0x0000000008002b64                HAL_SPI_TxCpltCallback
 .text.HAL_SPI_TxHalfCpltCallback
                0x0000000008002b66        0x2 build/stm32f4xx_hal_spi.o
                0x0000000008002b66                HAL_SPI_TxHalfCpltCallback
 .text.SPI_DMAHalfTransmitCplt
                0x0000000008002b68        0xa build/stm32f4xx_hal_spi.o
 .text.HAL_SPI_ErrorCallback
                0x0000000008002b72        0x2 build/stm32f4xx_hal_spi.o
                0x0000000008002b72                HAL_SPI_ErrorCallback
 .text.SPI_DMAError
                0x0000000008002b74       0x22 build/stm32f4xx_hal_spi.o
 .text.SPI_DMATransmitCplt
                0x0000000008002b96       0x70 build/stm32f4xx_hal_spi.o
 *fill*         0x0000000008002c06        0x2 
 .text.TIM_OC1_SetConfig
                0x0000000008002c08       0x6c build/stm32f4xx_hal_tim.o
 .text.TIM_OC3_SetConfig
                0x0000000008002c74       0x74 build/stm32f4xx_hal_tim.o
 .text.TIM_OC4_SetConfig
                0x0000000008002ce8       0x50 build/stm32f4xx_hal_tim.o
 .text.TIM_TI1_ConfigInputStage
                0x0000000008002d38       0x26 build/stm32f4xx_hal_tim.o
 .text.TIM_TI2_ConfigInputStage
                0x0000000008002d5e       0x28 build/stm32f4xx_hal_tim.o
 .text.TIM_ITRx_SetConfig
                0x0000000008002d86       0x10 build/stm32f4xx_hal_tim.o
 .text.HAL_TIM_Base_Start_IT
                0x0000000008002d96       0x22 build/stm32f4xx_hal_tim.o
                0x0000000008002d96                HAL_TIM_Base_Start_IT
 .text.HAL_TIM_PWM_MspInit
                0x0000000008002db8        0x2 build/stm32f4xx_hal_tim.o
                0x0000000008002db8                HAL_TIM_PWM_MspInit
 .text.HAL_TIM_PeriodElapsedCallback
                0x0000000008002dba        0x2 build/stm32f4xx_hal_tim.o
                0x0000000008002dba                HAL_TIM_PeriodElapsedCallback
 .text.HAL_TIM_OC_DelayElapsedCallback
                0x0000000008002dbc        0x2 build/stm32f4xx_hal_tim.o
                0x0000000008002dbc                HAL_TIM_OC_DelayElapsedCallback
 .text.HAL_TIM_IC_CaptureCallback
                0x0000000008002dbe        0x2 build/stm32f4xx_hal_tim.o
                0x0000000008002dbe                HAL_TIM_IC_CaptureCallback
 .text.HAL_TIM_PWM_PulseFinishedCallback
                0x0000000008002dc0        0x2 build/stm32f4xx_hal_tim.o
                0x0000000008002dc0                HAL_TIM_PWM_PulseFinishedCallback
 .text.HAL_TIM_TriggerCallback
                0x0000000008002dc2        0x2 build/stm32f4xx_hal_tim.o
                0x0000000008002dc2                HAL_TIM_TriggerCallback
 .text.HAL_TIM_IRQHandler
                0x0000000008002dc4      0x17a build/stm32f4xx_hal_tim.o
                0x0000000008002dc4                HAL_TIM_IRQHandler
 *fill*         0x0000000008002f3e        0x2 
 .text.TIM_Base_SetConfig
                0x0000000008002f40       0xcc build/stm32f4xx_hal_tim.o
                0x0000000008002f40                TIM_Base_SetConfig
 .text.HAL_TIM_Base_Init
                0x000000000800300c       0x32 build/stm32f4xx_hal_tim.o
                0x000000000800300c                HAL_TIM_Base_Init
 .text.HAL_TIM_PWM_Init
                0x000000000800303e       0x32 build/stm32f4xx_hal_tim.o
                0x000000000800303e                HAL_TIM_PWM_Init
 .text.TIM_OC2_SetConfig
                0x0000000008003070       0x74 build/stm32f4xx_hal_tim.o
                0x0000000008003070                TIM_OC2_SetConfig
 .text.HAL_TIM_PWM_ConfigChannel
                0x00000000080030e4       0xdc build/stm32f4xx_hal_tim.o
                0x00000000080030e4                HAL_TIM_PWM_ConfigChannel
 .text.TIM_ETR_SetConfig
                0x00000000080031c0       0x18 build/stm32f4xx_hal_tim.o
                0x00000000080031c0                TIM_ETR_SetConfig
 .text.HAL_TIM_ConfigClockSource
                0x00000000080031d8       0xda build/stm32f4xx_hal_tim.o
                0x00000000080031d8                HAL_TIM_ConfigClockSource
 .text.TIM_CCxChannelCmd
                0x00000000080032b2       0x22 build/stm32f4xx_hal_tim.o
                0x00000000080032b2                TIM_CCxChannelCmd
 .text.HAL_TIM_PWM_Start
                0x00000000080032d4       0x4c build/stm32f4xx_hal_tim.o
                0x00000000080032d4                HAL_TIM_PWM_Start
 .text.HAL_TIM_PWM_Stop
                0x0000000008003320       0x70 build/stm32f4xx_hal_tim.o
                0x0000000008003320                HAL_TIM_PWM_Stop
 .text.TIM_CCxNChannelCmd
                0x0000000008003390       0x22 build/stm32f4xx_hal_tim_ex.o
 .text.HAL_TIMEx_PWMN_Start
                0x00000000080033b2       0x2e build/stm32f4xx_hal_tim_ex.o
                0x00000000080033b2                HAL_TIMEx_PWMN_Start
 .text.HAL_TIMEx_PWMN_Stop
                0x00000000080033e0       0x4c build/stm32f4xx_hal_tim_ex.o
                0x00000000080033e0                HAL_TIMEx_PWMN_Stop
 .text.HAL_TIMEx_MasterConfigSynchronization
                0x000000000800342c       0x88 build/stm32f4xx_hal_tim_ex.o
                0x000000000800342c                HAL_TIMEx_MasterConfigSynchronization
 .text.HAL_TIMEx_ConfigBreakDeadTime
                0x00000000080034b4       0x52 build/stm32f4xx_hal_tim_ex.o
                0x00000000080034b4                HAL_TIMEx_ConfigBreakDeadTime
 .text.HAL_TIMEx_CommutCallback
                0x0000000008003506        0x2 build/stm32f4xx_hal_tim_ex.o
                0x0000000008003506                HAL_TIMEx_CommutCallback
 .text.HAL_TIMEx_BreakCallback
                0x0000000008003508        0x2 build/stm32f4xx_hal_tim_ex.o
                0x0000000008003508                HAL_TIMEx_BreakCallback
 *fill*         0x000000000800350a        0x2 
 .text.SystemInit
                0x000000000800350c       0x1c build/system_stm32f4xx.o
                0x000000000800350c                SystemInit
 .text.user_setup
                0x0000000008003528       0x50 build/user_main.o
                0x0000000008003528                user_setup
 .text.user_loop
                0x0000000008003578       0x22 build/user_main.o
                0x0000000008003578                user_loop
 *fill*         0x000000000800359a        0x2 
 .text.read_hall
                0x000000000800359c       0x48 build/motor_driver.o
                0x000000000800359c                read_hall
 .text.mosfet_control
                0x00000000080035e4      0x19c build/motor_driver.o
                0x00000000080035e4                mosfet_control
 .text.phase_select
                0x0000000008003780       0xc8 build/motor_driver.o
                0x0000000008003780                phase_select
 .text.motor_start
                0x0000000008003848       0x40 build/motor_driver.o
                0x0000000008003848                motor_start
 .text.motor_change_phase
                0x0000000008003888       0x48 build/motor_driver.o
                0x0000000008003888                motor_change_phase
 .text.motor_get_speed
                0x00000000080038d0       0x18 build/motor_driver.o
                0x00000000080038d0                motor_get_speed
 .text.motor_check_0_speed
                0x00000000080038e8       0x30 build/motor_driver.o
                0x00000000080038e8                motor_check_0_speed
 .text.motor_get_position
                0x0000000008003918       0xa4 build/motor_driver.o
                0x0000000008003918                motor_get_position
 .text.motor_speed_loop
                0x00000000080039bc       0x30 build/motor_driver.o
                0x00000000080039bc                motor_speed_loop
 .text.motor_pwm_buffer
                0x00000000080039ec       0x28 build/motor_driver.o
                0x00000000080039ec                motor_pwm_buffer
 .text.abs_limit
                0x0000000008003a14       0x2a build/algorithm.o
 .text.pid_init
                0x0000000008003a3e       0x1a build/algorithm.o
                0x0000000008003a3e                pid_init
 .text.pid_calculate
                0x0000000008003a58       0x9a build/algorithm.o
                0x0000000008003a58                pid_calculate
 *fill*         0x0000000008003af2        0x2 
 .text.can_init
                0x0000000008003af4       0x54 build/can_protocol.o
                0x0000000008003af4                can_init
 .text.update_speed
                0x0000000008003b48       0x38 build/can_protocol.o
                0x0000000008003b48                update_speed
 .text.encoder_data_handler
                0x0000000008003b80       0x44 build/can_protocol.o
                0x0000000008003b80                encoder_data_handler
 .text.feedback_decode
                0x0000000008003bc4       0x50 build/can_protocol.o
                0x0000000008003bc4                feedback_decode
 .text.can_rx_data
                0x0000000008003c14       0x34 build/can_protocol.o
                0x0000000008003c14                can_rx_data
 .text.can_tx_data
                0x0000000008003c48       0x48 build/can_protocol.o
                0x0000000008003c48                can_tx_data
 .text.MX_CAN1_Init
                0x0000000008003c90       0x40 build/can.o
                0x0000000008003c90                MX_CAN1_Init
 .text.HAL_CAN_MspInit
                0x0000000008003cd0       0x80 build/can.o
                0x0000000008003cd0                HAL_CAN_MspInit
 .text.HAL_CAN_Init
                0x0000000008003d50      0x14c build/stm32f4xx_hal_can.o
                0x0000000008003d50                HAL_CAN_Init
 .text.HAL_CAN_ConfigFilter
                0x0000000008003e9c      0x12c build/stm32f4xx_hal_can.o
                0x0000000008003e9c                HAL_CAN_ConfigFilter
 .text.HAL_CAN_Start
                0x0000000008003fc8       0x5c build/stm32f4xx_hal_can.o
                0x0000000008003fc8                HAL_CAN_Start
 .text.HAL_CAN_AddTxMessage
                0x0000000008004024       0xea build/stm32f4xx_hal_can.o
                0x0000000008004024                HAL_CAN_AddTxMessage
 .text.HAL_CAN_GetTxMailboxesFreeLevel
                0x000000000800410e       0x36 build/stm32f4xx_hal_can.o
                0x000000000800410e                HAL_CAN_GetTxMailboxesFreeLevel
 .text.HAL_CAN_GetRxMessage
                0x0000000008004144      0x134 build/stm32f4xx_hal_can.o
                0x0000000008004144                HAL_CAN_GetRxMessage
 .text.HAL_CAN_GetRxFifoFillLevel
                0x0000000008004278       0x26 build/stm32f4xx_hal_can.o
                0x0000000008004278                HAL_CAN_GetRxFifoFillLevel
 .text.HAL_CAN_ActivateNotification
                0x000000000800429e       0x24 build/stm32f4xx_hal_can.o
                0x000000000800429e                HAL_CAN_ActivateNotification
 .text.HAL_CAN_TxMailbox0CompleteCallback
                0x00000000080042c2        0x2 build/stm32f4xx_hal_can.o
                0x00000000080042c2                HAL_CAN_TxMailbox0CompleteCallback
 .text.HAL_CAN_TxMailbox1CompleteCallback
                0x00000000080042c4        0x2 build/stm32f4xx_hal_can.o
                0x00000000080042c4                HAL_CAN_TxMailbox1CompleteCallback
 .text.HAL_CAN_TxMailbox2CompleteCallback
                0x00000000080042c6        0x2 build/stm32f4xx_hal_can.o
                0x00000000080042c6                HAL_CAN_TxMailbox2CompleteCallback
 .text.HAL_CAN_TxMailbox0AbortCallback
                0x00000000080042c8        0x2 build/stm32f4xx_hal_can.o
                0x00000000080042c8                HAL_CAN_TxMailbox0AbortCallback
 .text.HAL_CAN_TxMailbox1AbortCallback
                0x00000000080042ca        0x2 build/stm32f4xx_hal_can.o
                0x00000000080042ca                HAL_CAN_TxMailbox1AbortCallback
 .text.HAL_CAN_TxMailbox2AbortCallback
                0x00000000080042cc        0x2 build/stm32f4xx_hal_can.o
                0x00000000080042cc                HAL_CAN_TxMailbox2AbortCallback
 .text.HAL_CAN_RxFifo0MsgPendingCallback
                0x00000000080042ce        0x2 build/stm32f4xx_hal_can.o
                0x00000000080042ce                HAL_CAN_RxFifo0MsgPendingCallback
 .text.HAL_CAN_RxFifo0FullCallback
                0x00000000080042d0        0x2 build/stm32f4xx_hal_can.o
                0x00000000080042d0                HAL_CAN_RxFifo0FullCallback
 .text.HAL_CAN_RxFifo1MsgPendingCallback
                0x00000000080042d2        0x2 build/stm32f4xx_hal_can.o
                0x00000000080042d2                HAL_CAN_RxFifo1MsgPendingCallback
 .text.HAL_CAN_RxFifo1FullCallback
                0x00000000080042d4        0x2 build/stm32f4xx_hal_can.o
                0x00000000080042d4                HAL_CAN_RxFifo1FullCallback
 .text.HAL_CAN_SleepCallback
                0x00000000080042d6        0x2 build/stm32f4xx_hal_can.o
                0x00000000080042d6                HAL_CAN_SleepCallback
 .text.HAL_CAN_WakeUpFromRxMsgCallback
                0x00000000080042d8        0x2 build/stm32f4xx_hal_can.o
                0x00000000080042d8                HAL_CAN_WakeUpFromRxMsgCallback
 .text.HAL_CAN_ErrorCallback
                0x00000000080042da        0x2 build/stm32f4xx_hal_can.o
                0x00000000080042da                HAL_CAN_ErrorCallback
 .text.HAL_CAN_IRQHandler
                0x00000000080042dc      0x258 build/stm32f4xx_hal_can.o
                0x00000000080042dc                HAL_CAN_IRQHandler
 .text.LED_init
                0x0000000008004534       0x48 build/LED.o
                0x0000000008004534                LED_init
 .text.LED_stop
                0x000000000800457c       0x2c build/LED.o
                0x000000000800457c                LED_stop
 .text.LED_go   0x00000000080045a8       0x2c build/LED.o
                0x00000000080045a8                LED_go
 .text.LED_left
                0x00000000080045d4       0x2c build/LED.o
                0x00000000080045d4                LED_left
 .text.LED_right
                0x0000000008004600       0x2c build/LED.o
                0x0000000008004600                LED_right
 .text.LED_off  0x000000000800462c       0x28 build/LED.o
                0x000000000800462c                LED_off
 .text.WS2812_init
                0x0000000008004654       0x18 build/WS2812B.o
                0x0000000008004654                WS2812_init
 .text.WS2812_update
                0x000000000800466c       0xe8 build/WS2812B.o
                0x000000000800466c                WS2812_update
 .text.M3508_init
                0x0000000008004754       0x70 build/M3508.o
                0x0000000008004754                M3508_init
 .text.set_motor_speed
                0x00000000080047c4        0xc build/M3508.o
                0x00000000080047c4                set_motor_speed
 .text.set_motor_angle
                0x00000000080047d0       0x54 build/M3508.o
                0x00000000080047d0                set_motor_angle
 .text.M3508_update_control
                0x0000000008004824      0x250 build/M3508.o
                0x0000000008004824                M3508_update_control
 .text.MPU6050_write_byte
                0x0000000008004a74       0x2e build/MPU6050.o
                0x0000000008004a74                MPU6050_write_byte
 .text.MPU6050_init
                0x0000000008004aa2       0x48 build/MPU6050.o
                0x0000000008004aa2                MPU6050_init
 .text.MPU6050_read_byte
                0x0000000008004aea       0x3c build/MPU6050.o
                0x0000000008004aea                MPU6050_read_byte
 *fill*         0x0000000008004b26        0x2 
 .text.MPU6050_update_data
                0x0000000008004b28      0x258 build/MPU6050.o
                0x0000000008004b28                MPU6050_update_data
 .text.delay_us
                0x0000000008004d80       0x24 build/iic.o
                0x0000000008004d80                delay_us
 .text.iic_sda_out
                0x0000000008004da4       0x2c build/iic.o
                0x0000000008004da4                iic_sda_out
 .text.iic_sda_in
                0x0000000008004dd0       0x2c build/iic.o
                0x0000000008004dd0                iic_sda_in
 .text.iic_config_sda
                0x0000000008004dfc        0xc build/iic.o
                0x0000000008004dfc                iic_config_sda
 .text.iic_config_scl
                0x0000000008004e08        0xc build/iic.o
                0x0000000008004e08                iic_config_scl
 .text.iic_init
                0x0000000008004e14       0x1c build/iic.o
                0x0000000008004e14                iic_init
 .text.iic_send_start
                0x0000000008004e30       0x48 build/iic.o
                0x0000000008004e30                iic_send_start
 .text.iic_send_stop
                0x0000000008004e78       0x48 build/iic.o
                0x0000000008004e78                iic_send_stop
 .text.iic_send_byte
                0x0000000008004ec0       0x68 build/iic.o
                0x0000000008004ec0                iic_send_byte
 .text.iic_read_byte
                0x0000000008004f28       0x54 build/iic.o
                0x0000000008004f28                iic_read_byte
 .text.iic_wait_ack
                0x0000000008004f7c       0x5c build/iic.o
                0x0000000008004f7c                iic_wait_ack
 .text.iic_send_nack
                0x0000000008004fd8       0x44 build/iic.o
                0x0000000008004fd8                iic_send_nack
 .text.wait_for_system_start
                0x000000000800501c       0x80 build/user_control.o
                0x000000000800501c                wait_for_system_start
 .text.check_system_halt
                0x000000000800509c       0x80 build/user_control.o
                0x000000000800509c                check_system_halt
 .text.user_control_init
                0x000000000800511c       0x18 build/user_control.o
                0x000000000800511c                user_control_init
 .text.user_update_throttle
                0x0000000008005134       0x90 build/user_control.o
                0x0000000008005134                user_update_throttle
 .text.LED_control
                0x00000000080051c4       0x4c build/user_control.o
                0x00000000080051c4                LED_control
 .text.Reset_Handler
                0x0000000008005210       0x50 build/startup_stm32f405xx.o
                0x0000000008005210                Reset_Handler
 .text.Default_Handler
                0x0000000008005260        0x2 build/startup_stm32f405xx.o
                0x0000000008005260                DMA1_Stream3_IRQHandler
                0x0000000008005260                HASH_RNG_IRQHandler
                0x0000000008005260                EXTI2_IRQHandler
                0x0000000008005260                TIM8_CC_IRQHandler
                0x0000000008005260                TIM1_CC_IRQHandler
                0x0000000008005260                DMA2_Stream5_IRQHandler
                0x0000000008005260                DMA1_Stream5_IRQHandler
                0x0000000008005260                PVD_IRQHandler
                0x0000000008005260                SDIO_IRQHandler
                0x0000000008005260                TAMP_STAMP_IRQHandler
                0x0000000008005260                CAN2_RX1_IRQHandler
                0x0000000008005260                EXTI3_IRQHandler
                0x0000000008005260                TIM8_TRG_COM_TIM14_IRQHandler
                0x0000000008005260                TIM8_UP_TIM13_IRQHandler
                0x0000000008005260                I2C3_ER_IRQHandler
                0x0000000008005260                EXTI0_IRQHandler
                0x0000000008005260                I2C2_EV_IRQHandler
                0x0000000008005260                DMA1_Stream2_IRQHandler
                0x0000000008005260                FPU_IRQHandler
                0x0000000008005260                OTG_HS_WKUP_IRQHandler
                0x0000000008005260                CAN2_SCE_IRQHandler
                0x0000000008005260                DMA2_Stream2_IRQHandler
                0x0000000008005260                SPI1_IRQHandler
                0x0000000008005260                TIM1_BRK_TIM9_IRQHandler
                0x0000000008005260                CAN2_RX0_IRQHandler
                0x0000000008005260                DMA2_Stream3_IRQHandler
                0x0000000008005260                USART6_IRQHandler
                0x0000000008005260                USART3_IRQHandler
                0x0000000008005260                CAN1_RX1_IRQHandler
                0x0000000008005260                UART5_IRQHandler
                0x0000000008005260                DMA2_Stream0_IRQHandler
                0x0000000008005260                TIM4_IRQHandler
                0x0000000008005260                I2C1_EV_IRQHandler
                0x0000000008005260                DMA1_Stream6_IRQHandler
                0x0000000008005260                DMA1_Stream1_IRQHandler
                0x0000000008005260                UART4_IRQHandler
                0x0000000008005260                TIM3_IRQHandler
                0x0000000008005260                RCC_IRQHandler
                0x0000000008005260                TIM8_BRK_TIM12_IRQHandler
                0x0000000008005260                Default_Handler
                0x0000000008005260                EXTI15_10_IRQHandler
                0x0000000008005260                ADC_IRQHandler
                0x0000000008005260                DMA1_Stream7_IRQHandler
                0x0000000008005260                CAN2_TX_IRQHandler
                0x0000000008005260                TIM5_IRQHandler
                0x0000000008005260                DMA2_Stream7_IRQHandler
                0x0000000008005260                I2C3_EV_IRQHandler
                0x0000000008005260                RTC_WKUP_IRQHandler
                0x0000000008005260                SPI2_IRQHandler
                0x0000000008005260                OTG_HS_EP1_IN_IRQHandler
                0x0000000008005260                DMA1_Stream0_IRQHandler
                0x0000000008005260                CAN1_TX_IRQHandler
                0x0000000008005260                FSMC_IRQHandler
                0x0000000008005260                OTG_HS_EP1_OUT_IRQHandler
                0x0000000008005260                WWDG_IRQHandler
                0x0000000008005260                TIM2_IRQHandler
                0x0000000008005260                OTG_FS_WKUP_IRQHandler
                0x0000000008005260                TIM1_TRG_COM_TIM11_IRQHandler
                0x0000000008005260                OTG_HS_IRQHandler
                0x0000000008005260                EXTI1_IRQHandler
                0x0000000008005260                USART2_IRQHandler
                0x0000000008005260                I2C2_ER_IRQHandler
                0x0000000008005260                DMA2_Stream1_IRQHandler
                0x0000000008005260                CAN1_SCE_IRQHandler
                0x0000000008005260                FLASH_IRQHandler
                0x0000000008005260                DMA2_Stream4_IRQHandler
                0x0000000008005260                USART1_IRQHandler
                0x0000000008005260                OTG_FS_IRQHandler
                0x0000000008005260                SPI3_IRQHandler
                0x0000000008005260                DMA1_Stream4_IRQHandler
                0x0000000008005260                I2C1_ER_IRQHandler
                0x0000000008005260                DMA2_Stream6_IRQHandler
                0x0000000008005260                RTC_Alarm_IRQHandler
 *fill*         0x0000000008005262        0x2 
 .text.__libc_init_array
                0x0000000008005264       0x48 /Users/geekzjk/opt/gcc-arm-none-eabi-6-2017-q2-update/bin/../lib/gcc/arm-none-eabi/6.3.1/../../../../arm-none-eabi/lib/thumb/v7e-m/fpv4-sp/hard/libc_nano.a(lib_a-init.o)
                0x0000000008005264                __libc_init_array
 .text.memset   0x00000000080052ac       0x10 /Users/geekzjk/opt/gcc-arm-none-eabi-6-2017-q2-update/bin/../lib/gcc/arm-none-eabi/6.3.1/../../../../arm-none-eabi/lib/thumb/v7e-m/fpv4-sp/hard/libc_nano.a(lib_a-memset.o)
                0x00000000080052ac                memset
 *fill*         0x00000000080052bc        0x4 
 .text.atan     0x00000000080052c0      0x368 /Users/geekzjk/opt/gcc-arm-none-eabi-6-2017-q2-update/bin/../lib/gcc/arm-none-eabi/6.3.1/../../../../arm-none-eabi/lib/thumb/v7e-m/fpv4-sp/hard/libm.a(lib_a-s_atan.o)
                0x00000000080052c0                atan
 .text.fabs     0x0000000008005628       0x10 /Users/geekzjk/opt/gcc-arm-none-eabi-6-2017-q2-update/bin/../lib/gcc/arm-none-eabi/6.3.1/../../../../arm-none-eabi/lib/thumb/v7e-m/fpv4-sp/hard/libm.a(lib_a-s_fabs.o)
                0x0000000008005628                fabs
 .text.pow      0x0000000008005638      0x320 /Users/geekzjk/opt/gcc-arm-none-eabi-6-2017-q2-update/bin/../lib/gcc/arm-none-eabi/6.3.1/../../../../arm-none-eabi/lib/thumb/v7e-m/fpv4-sp/hard/libm.a(lib_a-w_pow.o)
                0x0000000008005638                pow
 .text.sqrt     0x0000000008005958       0xb8 /Users/geekzjk/opt/gcc-arm-none-eabi-6-2017-q2-update/bin/../lib/gcc/arm-none-eabi/6.3.1/../../../../arm-none-eabi/lib/thumb/v7e-m/fpv4-sp/hard/libm.a(lib_a-w_sqrt.o)
                0x0000000008005958                sqrt
 .text.__ieee754_pow
                0x0000000008005a10      0xae0 /Users/geekzjk/opt/gcc-arm-none-eabi-6-2017-q2-update/bin/../lib/gcc/arm-none-eabi/6.3.1/../../../../arm-none-eabi/lib/thumb/v7e-m/fpv4-sp/hard/libm.a(lib_a-e_pow.o)
                0x0000000008005a10                __ieee754_pow
 .text.__ieee754_sqrt
                0x00000000080064f0      0x198 /Users/geekzjk/opt/gcc-arm-none-eabi-6-2017-q2-update/bin/../lib/gcc/arm-none-eabi/6.3.1/../../../../arm-none-eabi/lib/thumb/v7e-m/fpv4-sp/hard/libm.a(lib_a-e_sqrt.o)
                0x00000000080064f0                __ieee754_sqrt
 .text.finite   0x0000000008006688       0x10 /Users/geekzjk/opt/gcc-arm-none-eabi-6-2017-q2-update/bin/../lib/gcc/arm-none-eabi/6.3.1/../../../../arm-none-eabi/lib/thumb/v7e-m/fpv4-sp/hard/libm.a(lib_a-s_finite.o)
                0x0000000008006688                finite
 .text.matherr  0x0000000008006698        0x4 /Users/geekzjk/opt/gcc-arm-none-eabi-6-2017-q2-update/bin/../lib/gcc/arm-none-eabi/6.3.1/../../../../arm-none-eabi/lib/thumb/v7e-m/fpv4-sp/hard/libm.a(lib_a-s_matherr.o)
                0x0000000008006698                matherr
 *fill*         0x000000000800669c        0x4 
 .text.nan      0x00000000080066a0       0x10 /Users/geekzjk/opt/gcc-arm-none-eabi-6-2017-q2-update/bin/../lib/gcc/arm-none-eabi/6.3.1/../../../../arm-none-eabi/lib/thumb/v7e-m/fpv4-sp/hard/libm.a(lib_a-s_nan.o)
                0x00000000080066a0                nan
 .text.rint     0x00000000080066b0      0x124 /Users/geekzjk/opt/gcc-arm-none-eabi-6-2017-q2-update/bin/../lib/gcc/arm-none-eabi/6.3.1/../../../../arm-none-eabi/lib/thumb/v7e-m/fpv4-sp/hard/libm.a(lib_a-s_rint.o)
                0x00000000080066b0                rint
 *fill*         0x00000000080067d4        0x4 
 .text.scalbn   0x00000000080067d8      0x10c /Users/geekzjk/opt/gcc-arm-none-eabi-6-2017-q2-update/bin/../lib/gcc/arm-none-eabi/6.3.1/../../../../arm-none-eabi/lib/thumb/v7e-m/fpv4-sp/hard/libm.a(lib_a-s_scalbn.o)
                0x00000000080067d8                scalbn
 .text.copysign
                0x00000000080068e4       0x1c /Users/geekzjk/opt/gcc-arm-none-eabi-6-2017-q2-update/bin/../lib/gcc/arm-none-eabi/6.3.1/../../../../arm-none-eabi/lib/thumb/v7e-m/fpv4-sp/hard/libm.a(lib_a-s_copysign.o)
                0x00000000080068e4                copysign
 .text.__errno  0x0000000008006900        0xc /Users/geekzjk/opt/gcc-arm-none-eabi-6-2017-q2-update/bin/../lib/gcc/arm-none-eabi/6.3.1/../../../../arm-none-eabi/lib/thumb/v7e-m/fpv4-sp/hard/libc_nano.a(lib_a-errno.o)
                0x0000000008006900                __errno
 *(.glue_7)
 .glue_7        0x000000000800690c        0x0 linker stubs
 *(.glue_7t)
 .glue_7t       0x000000000800690c        0x0 linker stubs
 *(.eh_frame)
 .eh_frame      0x000000000800690c        0x0 /Users/geekzjk/opt/gcc-arm-none-eabi-6-2017-q2-update/bin/../lib/gcc/arm-none-eabi/6.3.1/thumb/v7e-m/fpv4-sp/hard/crtbegin.o
 *(.init)
 .init          0x000000000800690c        0x4 /Users/geekzjk/opt/gcc-arm-none-eabi-6-2017-q2-update/bin/../lib/gcc/arm-none-eabi/6.3.1/thumb/v7e-m/fpv4-sp/hard/crti.o
                0x000000000800690c                _init
 .init          0x0000000008006910        0x8 /Users/geekzjk/opt/gcc-arm-none-eabi-6-2017-q2-update/bin/../lib/gcc/arm-none-eabi/6.3.1/thumb/v7e-m/fpv4-sp/hard/crtn.o
 *(.fini)
 .fini          0x0000000008006918        0x4 /Users/geekzjk/opt/gcc-arm-none-eabi-6-2017-q2-update/bin/../lib/gcc/arm-none-eabi/6.3.1/thumb/v7e-m/fpv4-sp/hard/crti.o
                0x0000000008006918                _fini
 .fini          0x000000000800691c        0x8 /Users/geekzjk/opt/gcc-arm-none-eabi-6-2017-q2-update/bin/../lib/gcc/arm-none-eabi/6.3.1/thumb/v7e-m/fpv4-sp/hard/crtn.o
                0x0000000008006924                . = ALIGN (0x4)
                0x0000000008006924                _etext = .

.vfp11_veneer   0x0000000008006924        0x0
 .vfp11_veneer  0x0000000008006924        0x0 linker stubs

.v4_bx          0x0000000008006924        0x0
 .v4_bx         0x0000000008006924        0x0 linker stubs

.iplt           0x0000000008006924        0x0
 .iplt          0x0000000008006924        0x0 /Users/geekzjk/opt/gcc-arm-none-eabi-6-2017-q2-update/bin/../lib/gcc/arm-none-eabi/6.3.1/thumb/v7e-m/fpv4-sp/hard/crtbegin.o

.rodata         0x0000000008006928       0x80
                0x0000000008006928                . = ALIGN (0x4)
 *(.rodata)
 *(.rodata*)
 .rodata.flagBitshiftOffset.8167
                0x0000000008006928        0x8 build/stm32f4xx_hal_dma.o
 .rodata.AHBPrescTable
                0x0000000008006930       0x10 build/system_stm32f4xx.o
                0x0000000008006930                AHBPrescTable
 .rodata.hall_state_sequence
                0x0000000008006940        0x8 build/motor_driver.o
                0x0000000008006940                hall_state_sequence
 .rodata.atanhi
                0x0000000008006948       0x20 /Users/geekzjk/opt/gcc-arm-none-eabi-6-2017-q2-update/bin/../lib/gcc/arm-none-eabi/6.3.1/../../../../arm-none-eabi/lib/thumb/v7e-m/fpv4-sp/hard/libm.a(lib_a-s_atan.o)
 .rodata.atanlo
                0x0000000008006968       0x20 /Users/geekzjk/opt/gcc-arm-none-eabi-6-2017-q2-update/bin/../lib/gcc/arm-none-eabi/6.3.1/../../../../arm-none-eabi/lib/thumb/v7e-m/fpv4-sp/hard/libm.a(lib_a-s_atan.o)
 .rodata.pow.str1.4
                0x0000000008006988        0x4 /Users/geekzjk/opt/gcc-arm-none-eabi-6-2017-q2-update/bin/../lib/gcc/arm-none-eabi/6.3.1/../../../../arm-none-eabi/lib/thumb/v7e-m/fpv4-sp/hard/libm.a(lib_a-w_pow.o)
 .rodata.sqrt.str1.4
                0x000000000800698c        0x5 /Users/geekzjk/opt/gcc-arm-none-eabi-6-2017-q2-update/bin/../lib/gcc/arm-none-eabi/6.3.1/../../../../arm-none-eabi/lib/thumb/v7e-m/fpv4-sp/hard/libm.a(lib_a-w_sqrt.o)
 .rodata.__ieee754_pow.str1.4
                0x0000000008006991        0x8 /Users/geekzjk/opt/gcc-arm-none-eabi-6-2017-q2-update/bin/../lib/gcc/arm-none-eabi/6.3.1/../../../../arm-none-eabi/lib/thumb/v7e-m/fpv4-sp/hard/libm.a(lib_a-e_pow.o)
                                          0x1 (size before relaxing)
 *fill*         0x0000000008006991        0x7 
 .rodata.TWO52  0x0000000008006998       0x10 /Users/geekzjk/opt/gcc-arm-none-eabi-6-2017-q2-update/bin/../lib/gcc/arm-none-eabi/6.3.1/../../../../arm-none-eabi/lib/thumb/v7e-m/fpv4-sp/hard/libm.a(lib_a-s_rint.o)
                0x00000000080069a8                . = ALIGN (0x4)

.ARM.extab
 *(.ARM.extab* .gnu.linkonce.armextab.*)

.ARM            0x00000000080069a8        0x8
                0x00000000080069a8                __exidx_start = .
 *(.ARM.exidx*)
 .ARM.exidx     0x00000000080069a8        0x8 /Users/geekzjk/opt/gcc-arm-none-eabi-6-2017-q2-update/bin/../lib/gcc/arm-none-eabi/6.3.1/thumb/v7e-m/fpv4-sp/hard/libgcc.a(_udivmoddi4.o)
                0x00000000080069b0                __exidx_end = .

.rel.dyn        0x00000000080069b0        0x0
 .rel.iplt      0x00000000080069b0        0x0 /Users/geekzjk/opt/gcc-arm-none-eabi-6-2017-q2-update/bin/../lib/gcc/arm-none-eabi/6.3.1/thumb/v7e-m/fpv4-sp/hard/crtbegin.o

.preinit_array  0x00000000080069b0        0x0
                0x00000000080069b0                PROVIDE (__preinit_array_start, .)
 *(.preinit_array*)
                0x00000000080069b0                PROVIDE (__preinit_array_end, .)

.init_array     0x00000000080069b0        0x4
                0x00000000080069b0                PROVIDE (__init_array_start, .)
 *(SORT(.init_array.*))
 *(.init_array*)
 .init_array    0x00000000080069b0        0x4 /Users/geekzjk/opt/gcc-arm-none-eabi-6-2017-q2-update/bin/../lib/gcc/arm-none-eabi/6.3.1/thumb/v7e-m/fpv4-sp/hard/crtbegin.o
                0x00000000080069b4                PROVIDE (__init_array_end, .)

.fini_array     0x00000000080069b4        0x4
                [!provide]                        PROVIDE (__fini_array_start, .)
 *(SORT(.fini_array.*))
 *(.fini_array*)
 .fini_array    0x00000000080069b4        0x4 /Users/geekzjk/opt/gcc-arm-none-eabi-6-2017-q2-update/bin/../lib/gcc/arm-none-eabi/6.3.1/thumb/v7e-m/fpv4-sp/hard/crtbegin.o
                [!provide]                        PROVIDE (__fini_array_end, .)
                0x00000000080069b8                _sidata = LOADADDR (.data)

.data           0x0000000020000000       0x78 load address 0x00000000080069b8
                0x0000000020000000                . = ALIGN (0x4)
                0x0000000020000000                _sdata = .
 *(.data)
 *(.data*)
 .data.uwTickFreq
                0x0000000020000000        0x1 build/stm32f4xx_hal.o
                0x0000000020000000                uwTickFreq
 *fill*         0x0000000020000001        0x3 
 .data.uwTickPrio
                0x0000000020000004        0x4 build/stm32f4xx_hal.o
                0x0000000020000004                uwTickPrio
 .data.SystemCoreClock
                0x0000000020000008        0x4 build/system_stm32f4xx.o
                0x0000000020000008                SystemCoreClock
 .data.TxMailBox
                0x000000002000000c        0x4 build/can_protocol.o
                0x000000002000000c                TxMailBox
 .data._impure_ptr
                0x0000000020000010        0x4 /Users/geekzjk/opt/gcc-arm-none-eabi-6-2017-q2-update/bin/../lib/gcc/arm-none-eabi/6.3.1/../../../../arm-none-eabi/lib/thumb/v7e-m/fpv4-sp/hard/libc_nano.a(lib_a-impure.o)
                0x0000000020000010                _impure_ptr
 .data.impure_data
                0x0000000020000014       0x60 /Users/geekzjk/opt/gcc-arm-none-eabi-6-2017-q2-update/bin/../lib/gcc/arm-none-eabi/6.3.1/../../../../arm-none-eabi/lib/thumb/v7e-m/fpv4-sp/hard/libc_nano.a(lib_a-impure.o)
 .data.__fdlib_version
                0x0000000020000074        0x1 /Users/geekzjk/opt/gcc-arm-none-eabi-6-2017-q2-update/bin/../lib/gcc/arm-none-eabi/6.3.1/../../../../arm-none-eabi/lib/thumb/v7e-m/fpv4-sp/hard/libm.a(lib_a-s_lib_ver.o)
                0x0000000020000074                __fdlib_version
                0x0000000020000078                . = ALIGN (0x4)
 *fill*         0x0000000020000075        0x3 
                0x0000000020000078                _edata = .
                0x0000000008006a30                _siccmram = LOADADDR (.ccmram)

.jcr            0x0000000020000078        0x0 load address 0x0000000008006a30
 .jcr           0x0000000020000078        0x0 /Users/geekzjk/opt/gcc-arm-none-eabi-6-2017-q2-update/bin/../lib/gcc/arm-none-eabi/6.3.1/thumb/v7e-m/fpv4-sp/hard/crtbegin.o

.igot.plt       0x0000000020000078        0x0 load address 0x0000000008006a30
 .igot.plt      0x0000000020000078        0x0 /Users/geekzjk/opt/gcc-arm-none-eabi-6-2017-q2-update/bin/../lib/gcc/arm-none-eabi/6.3.1/thumb/v7e-m/fpv4-sp/hard/crtbegin.o

.ccmram         0x0000000010000000        0x0 load address 0x0000000008006a30
                0x0000000010000000                . = ALIGN (0x4)
                0x0000000010000000                _sccmram = .
 *(.ccmram)
 *(.ccmram*)
                0x0000000010000000                . = ALIGN (0x4)
                0x0000000010000000                _eccmram = .
                0x0000000010000000                . = ALIGN (0x4)

.bss            0x0000000020000078      0x6bc
                0x0000000020000078                _sbss = .
                0x0000000020000078                __bss_start__ = _sbss
 *(.bss)
 .bss           0x0000000020000078       0x1c /Users/geekzjk/opt/gcc-arm-none-eabi-6-2017-q2-update/bin/../lib/gcc/arm-none-eabi/6.3.1/thumb/v7e-m/fpv4-sp/hard/crtbegin.o
 *(.bss*)
 .bss.braking_flag
                0x0000000020000094        0x1 build/user_main.o
                0x0000000020000094                braking_flag
 .bss.last_hall_state.9088
                0x0000000020000095        0x1 build/motor_driver.o
 *fill*         0x0000000020000096        0x2 
 .bss.last_position.9083
                0x0000000020000098        0x4 build/motor_driver.o
 .bss.led_string
                0x000000002000009c       0x18 build/WS2812B.o
                0x000000002000009c                led_string
 .bss.M3508_speed
                0x00000000200000b4        0x2 build/M3508.o
                0x00000000200000b4                M3508_speed
 .bss.calibrate_flag
                0x00000000200000b6        0x1 build/M3508.o
                0x00000000200000b6                calibrate_flag
 .bss.stuck_flag.9053
                0x00000000200000b7        0x1 build/M3508.o
 .bss.stuck_flag.9055
                0x00000000200000b8        0x1 build/M3508.o
 *fill*         0x00000000200000b9        0x3 
 .bss.stuck_tick.9052
                0x00000000200000bc        0x4 build/M3508.o
 .bss.stuck_tick.9054
                0x00000000200000c0        0x4 build/M3508.o
 .bss.accelStruct
                0x00000000200000c4        0xc build/MPU6050.o
                0x00000000200000c4                accelStruct
 .bss.gyroStruct
                0x00000000200000d0        0xc build/MPU6050.o
                0x00000000200000d0                gyroStruct
 .bss.throttle  0x00000000200000dc        0x4 build/user_control.o
                0x00000000200000dc                throttle
 .bss.triggered_flag.9040
                0x00000000200000e0        0x1 build/user_control.o
 .bss.triggered_flag.9044
                0x00000000200000e1        0x1 build/user_control.o
 *fill*         0x00000000200000e2        0x2 
 .bss.triggered_tick.9041
                0x00000000200000e4        0x4 build/user_control.o
 .bss.triggered_tick.9045
                0x00000000200000e8        0x4 build/user_control.o
 *(COMMON)
 COMMON         0x00000000200000ec       0xa8 build/adc.o
                0x00000000200000ec                hadc1
                0x0000000020000134                hdma_adc1
 COMMON         0x0000000020000194       0xb8 build/spi.o
                0x0000000020000194                hspi3
                0x00000000200001ec                hdma_spi3_tx
 COMMON         0x000000002000024c      0x100 build/tim.o
                0x000000002000024c                htim10
                0x000000002000028c                htim6
                0x00000000200002cc                htim1
                0x000000002000030c                htim7
 COMMON         0x000000002000034c        0x4 build/stm32f4xx_hal.o
                0x000000002000034c                uwTick
 COMMON         0x0000000020000350       0xca build/motor_driver.o
                0x0000000020000350                motor_pid_current
                0x0000000020000388                drv8301_spi_tx_dat
                0x000000002000038c                motor_pid_position
                0x00000000200003c4                adc_result
                0x00000000200003c6                hall
                0x00000000200003c8                adc_result_raw
                0x00000000200003cc                current_dc_offset
                0x00000000200003d0                motor_pid_speed
                0x0000000020000408                motor
                0x0000000020000418                drv8301_spi_rx_dat
 *fill*         0x000000002000041a        0x2 
 COMMON         0x000000002000041c       0xac build/can_protocol.o
                0x000000002000041c                CanTxState
                0x0000000020000420                CanTxHeader
                0x0000000020000438                CanRxHeader
                0x0000000020000454                motor_data
                0x00000000200004b4                CanRxState
                0x00000000200004b8                CanTxData
                0x00000000200004c0                CanRxData
 COMMON         0x00000000200004c8       0x28 build/can.o
                0x00000000200004c8                hcan1
 COMMON         0x00000000200004f0      0x192 build/WS2812B.o
                0x00000000200004f0                DMADataBuf
 *fill*         0x0000000020000682        0x2 
 COMMON         0x0000000020000684       0x7c build/M3508.o
                0x0000000020000684                M3508_speed_pid
                0x00000000200006bc                M3508_position
                0x00000000200006c0                right_position
                0x00000000200006c4                M3508_position_pid
                0x00000000200006fc                left_position
 COMMON         0x0000000020000700       0x24 build/MPU6050.o
                0x0000000020000700                gyroAngle
                0x000000002000070c                filteredAngle
                0x0000000020000718                accAngle
 COMMON         0x0000000020000724       0x10 build/iic.o
                0x0000000020000724                IIC_GPIO
                0x0000000020000734                . = ALIGN (0x4)
                0x0000000020000734                _ebss = .
                0x0000000020000734                __bss_end__ = _ebss

._user_heap_stack
                0x0000000020000734      0x604
                0x0000000020000738                . = ALIGN (0x8)
 *fill*         0x0000000020000734        0x4 
                [!provide]                        PROVIDE (end, .)
                [!provide]                        PROVIDE (_end, .)
                0x0000000020000938                . = (. + _Min_Heap_Size)
 *fill*         0x0000000020000738      0x200 
                0x0000000020000d38                . = (. + _Min_Stack_Size)
 *fill*         0x0000000020000938      0x400 
                0x0000000020000d38                . = ALIGN (0x8)

/DISCARD/
 libc.a(*)
 libm.a(*)
 libgcc.a(*)

.ARM.attributes
                0x0000000000000000       0x30
 *(.ARM.attributes)
 .ARM.attributes
                0x0000000000000000       0x22 /Users/geekzjk/opt/gcc-arm-none-eabi-6-2017-q2-update/bin/../lib/gcc/arm-none-eabi/6.3.1/thumb/v7e-m/fpv4-sp/hard/crti.o
 .ARM.attributes
                0x0000000000000022       0x34 /Users/geekzjk/opt/gcc-arm-none-eabi-6-2017-q2-update/bin/../lib/gcc/arm-none-eabi/6.3.1/thumb/v7e-m/fpv4-sp/hard/crtbegin.o
 .ARM.attributes
                0x0000000000000056       0x39 build/main.o
 .ARM.attributes
                0x000000000000008f       0x39 build/gpio.o
 .ARM.attributes
                0x00000000000000c8       0x39 build/adc.o
 .ARM.attributes
                0x0000000000000101       0x39 build/dma.o
 .ARM.attributes
                0x000000000000013a       0x39 build/spi.o
 .ARM.attributes
                0x0000000000000173       0x39 build/tim.o
 .ARM.attributes
                0x00000000000001ac       0x39 build/stm32f4xx_it.o
 .ARM.attributes
                0x00000000000001e5       0x39 build/stm32f4xx_hal_msp.o
 .ARM.attributes
                0x000000000000021e       0x39 build/stm32f4xx_hal_adc.o
 .ARM.attributes
                0x0000000000000257       0x39 build/stm32f4xx_hal_rcc.o
 .ARM.attributes
                0x0000000000000290       0x39 build/stm32f4xx_hal_gpio.o
 .ARM.attributes
                0x00000000000002c9       0x39 build/stm32f4xx_hal_dma.o
 .ARM.attributes
                0x0000000000000302       0x39 build/stm32f4xx_hal_cortex.o
 .ARM.attributes
                0x000000000000033b       0x39 build/stm32f4xx_hal.o
 .ARM.attributes
                0x0000000000000374       0x39 build/stm32f4xx_hal_spi.o
 .ARM.attributes
                0x00000000000003ad       0x39 build/stm32f4xx_hal_tim.o
 .ARM.attributes
                0x00000000000003e6       0x39 build/stm32f4xx_hal_tim_ex.o
 .ARM.attributes
                0x000000000000041f       0x39 build/system_stm32f4xx.o
 .ARM.attributes
                0x0000000000000458       0x39 build/user_main.o
 .ARM.attributes
                0x0000000000000491       0x39 build/motor_driver.o
 .ARM.attributes
                0x00000000000004ca       0x39 build/algorithm.o
 .ARM.attributes
                0x0000000000000503       0x39 build/can_protocol.o
 .ARM.attributes
                0x000000000000053c       0x39 build/can.o
 .ARM.attributes
                0x0000000000000575       0x39 build/stm32f4xx_hal_can.o
 .ARM.attributes
                0x00000000000005ae       0x39 build/LED.o
 .ARM.attributes
                0x00000000000005e7       0x39 build/WS2812B.o
 .ARM.attributes
                0x0000000000000620       0x39 build/M3508.o
 .ARM.attributes
                0x0000000000000659       0x39 build/MPU6050.o
 .ARM.attributes
                0x0000000000000692       0x39 build/iic.o
 .ARM.attributes
                0x00000000000006cb       0x39 build/user_control.o
 .ARM.attributes
                0x0000000000000704       0x21 build/startup_stm32f405xx.o
 .ARM.attributes
                0x0000000000000725       0x34 /Users/geekzjk/opt/gcc-arm-none-eabi-6-2017-q2-update/bin/../lib/gcc/arm-none-eabi/6.3.1/../../../../arm-none-eabi/lib/thumb/v7e-m/fpv4-sp/hard/libc_nano.a(lib_a-impure.o)
 .ARM.attributes
                0x0000000000000759       0x34 /Users/geekzjk/opt/gcc-arm-none-eabi-6-2017-q2-update/bin/../lib/gcc/arm-none-eabi/6.3.1/../../../../arm-none-eabi/lib/thumb/v7e-m/fpv4-sp/hard/libc_nano.a(lib_a-init.o)
 .ARM.attributes
                0x000000000000078d       0x34 /Users/geekzjk/opt/gcc-arm-none-eabi-6-2017-q2-update/bin/../lib/gcc/arm-none-eabi/6.3.1/../../../../arm-none-eabi/lib/thumb/v7e-m/fpv4-sp/hard/libc_nano.a(lib_a-memset.o)
 .ARM.attributes
                0x00000000000007c1       0x34 /Users/geekzjk/opt/gcc-arm-none-eabi-6-2017-q2-update/bin/../lib/gcc/arm-none-eabi/6.3.1/../../../../arm-none-eabi/lib/thumb/v7e-m/fpv4-sp/hard/libm.a(lib_a-s_atan.o)
 .ARM.attributes
                0x00000000000007f5       0x34 /Users/geekzjk/opt/gcc-arm-none-eabi-6-2017-q2-update/bin/../lib/gcc/arm-none-eabi/6.3.1/../../../../arm-none-eabi/lib/thumb/v7e-m/fpv4-sp/hard/libm.a(lib_a-s_fabs.o)
 .ARM.attributes
                0x0000000000000829       0x34 /Users/geekzjk/opt/gcc-arm-none-eabi-6-2017-q2-update/bin/../lib/gcc/arm-none-eabi/6.3.1/../../../../arm-none-eabi/lib/thumb/v7e-m/fpv4-sp/hard/libm.a(lib_a-w_pow.o)
 .ARM.attributes
                0x000000000000085d       0x34 /Users/geekzjk/opt/gcc-arm-none-eabi-6-2017-q2-update/bin/../lib/gcc/arm-none-eabi/6.3.1/../../../../arm-none-eabi/lib/thumb/v7e-m/fpv4-sp/hard/libm.a(lib_a-w_sqrt.o)
 .ARM.attributes
                0x0000000000000891       0x34 /Users/geekzjk/opt/gcc-arm-none-eabi-6-2017-q2-update/bin/../lib/gcc/arm-none-eabi/6.3.1/../../../../arm-none-eabi/lib/thumb/v7e-m/fpv4-sp/hard/libm.a(lib_a-e_pow.o)
 .ARM.attributes
                0x00000000000008c5       0x34 /Users/geekzjk/opt/gcc-arm-none-eabi-6-2017-q2-update/bin/../lib/gcc/arm-none-eabi/6.3.1/../../../../arm-none-eabi/lib/thumb/v7e-m/fpv4-sp/hard/libm.a(lib_a-e_sqrt.o)
 .ARM.attributes
                0x00000000000008f9       0x34 /Users/geekzjk/opt/gcc-arm-none-eabi-6-2017-q2-update/bin/../lib/gcc/arm-none-eabi/6.3.1/../../../../arm-none-eabi/lib/thumb/v7e-m/fpv4-sp/hard/libm.a(lib_a-s_finite.o)
 .ARM.attributes
                0x000000000000092d       0x34 /Users/geekzjk/opt/gcc-arm-none-eabi-6-2017-q2-update/bin/../lib/gcc/arm-none-eabi/6.3.1/../../../../arm-none-eabi/lib/thumb/v7e-m/fpv4-sp/hard/libm.a(lib_a-s_lib_ver.o)
 .ARM.attributes
                0x0000000000000961       0x34 /Users/geekzjk/opt/gcc-arm-none-eabi-6-2017-q2-update/bin/../lib/gcc/arm-none-eabi/6.3.1/../../../../arm-none-eabi/lib/thumb/v7e-m/fpv4-sp/hard/libm.a(lib_a-s_matherr.o)
 .ARM.attributes
                0x0000000000000995       0x34 /Users/geekzjk/opt/gcc-arm-none-eabi-6-2017-q2-update/bin/../lib/gcc/arm-none-eabi/6.3.1/../../../../arm-none-eabi/lib/thumb/v7e-m/fpv4-sp/hard/libm.a(lib_a-s_nan.o)
 .ARM.attributes
                0x00000000000009c9       0x34 /Users/geekzjk/opt/gcc-arm-none-eabi-6-2017-q2-update/bin/../lib/gcc/arm-none-eabi/6.3.1/../../../../arm-none-eabi/lib/thumb/v7e-m/fpv4-sp/hard/libm.a(lib_a-s_rint.o)
 .ARM.attributes
                0x00000000000009fd       0x34 /Users/geekzjk/opt/gcc-arm-none-eabi-6-2017-q2-update/bin/../lib/gcc/arm-none-eabi/6.3.1/../../../../arm-none-eabi/lib/thumb/v7e-m/fpv4-sp/hard/libm.a(lib_a-s_scalbn.o)
 .ARM.attributes
                0x0000000000000a31       0x34 /Users/geekzjk/opt/gcc-arm-none-eabi-6-2017-q2-update/bin/../lib/gcc/arm-none-eabi/6.3.1/../../../../arm-none-eabi/lib/thumb/v7e-m/fpv4-sp/hard/libm.a(lib_a-s_copysign.o)
 .ARM.attributes
                0x0000000000000a65       0x22 /Users/geekzjk/opt/gcc-arm-none-eabi-6-2017-q2-update/bin/../lib/gcc/arm-none-eabi/6.3.1/thumb/v7e-m/fpv4-sp/hard/libgcc.a(_arm_addsubdf3.o)
 .ARM.attributes
                0x0000000000000a87       0x22 /Users/geekzjk/opt/gcc-arm-none-eabi-6-2017-q2-update/bin/../lib/gcc/arm-none-eabi/6.3.1/thumb/v7e-m/fpv4-sp/hard/libgcc.a(_arm_muldivdf3.o)
 .ARM.attributes
                0x0000000000000aa9       0x22 /Users/geekzjk/opt/gcc-arm-none-eabi-6-2017-q2-update/bin/../lib/gcc/arm-none-eabi/6.3.1/thumb/v7e-m/fpv4-sp/hard/libgcc.a(_arm_cmpdf2.o)
 .ARM.attributes
                0x0000000000000acb       0x22 /Users/geekzjk/opt/gcc-arm-none-eabi-6-2017-q2-update/bin/../lib/gcc/arm-none-eabi/6.3.1/thumb/v7e-m/fpv4-sp/hard/libgcc.a(_arm_unorddf2.o)
 .ARM.attributes
                0x0000000000000aed       0x22 /Users/geekzjk/opt/gcc-arm-none-eabi-6-2017-q2-update/bin/../lib/gcc/arm-none-eabi/6.3.1/thumb/v7e-m/fpv4-sp/hard/libgcc.a(_arm_truncdfsf2.o)
 .ARM.attributes
                0x0000000000000b0f       0x22 /Users/geekzjk/opt/gcc-arm-none-eabi-6-2017-q2-update/bin/../lib/gcc/arm-none-eabi/6.3.1/thumb/v7e-m/fpv4-sp/hard/libgcc.a(_aeabi_uldivmod.o)
 .ARM.attributes
                0x0000000000000b31       0x34 /Users/geekzjk/opt/gcc-arm-none-eabi-6-2017-q2-update/bin/../lib/gcc/arm-none-eabi/6.3.1/thumb/v7e-m/fpv4-sp/hard/libgcc.a(_udivmoddi4.o)
 .ARM.attributes
                0x0000000000000b65       0x22 /Users/geekzjk/opt/gcc-arm-none-eabi-6-2017-q2-update/bin/../lib/gcc/arm-none-eabi/6.3.1/thumb/v7e-m/fpv4-sp/hard/libgcc.a(_dvmd_tls.o)
 .ARM.attributes
                0x0000000000000b87       0x34 /Users/geekzjk/opt/gcc-arm-none-eabi-6-2017-q2-update/bin/../lib/gcc/arm-none-eabi/6.3.1/../../../../arm-none-eabi/lib/thumb/v7e-m/fpv4-sp/hard/libc_nano.a(lib_a-errno.o)
 .ARM.attributes
                0x0000000000000bbb       0x22 /Users/geekzjk/opt/gcc-arm-none-eabi-6-2017-q2-update/bin/../lib/gcc/arm-none-eabi/6.3.1/thumb/v7e-m/fpv4-sp/hard/crtn.o
OUTPUT(build/ODriveSingleMotor.elf elf32-littlearm)

.debug_info     0x0000000000000000    0x276b1
 .debug_info    0x0000000000000000     0x2305 build/main.o
 .debug_info    0x0000000000002305      0x979 build/gpio.o
 .debug_info    0x0000000000002c7e      0xc91 build/adc.o
 .debug_info    0x000000000000390f      0x3b9 build/dma.o
 .debug_info    0x0000000000003cc8      0xbac build/spi.o
 .debug_info    0x0000000000004874     0x13c5 build/tim.o
 .debug_info    0x0000000000005c39     0x206e build/stm32f4xx_it.o
 .debug_info    0x0000000000007ca7      0x3b9 build/stm32f4xx_hal_msp.o
 .debug_info    0x0000000000008060      0xf45 build/stm32f4xx_hal_adc.o
 .debug_info    0x0000000000008fa5      0xb7a build/stm32f4xx_hal_rcc.o
 .debug_info    0x0000000000009b1f      0x867 build/stm32f4xx_hal_gpio.o
 .debug_info    0x000000000000a386      0xb46 build/stm32f4xx_hal_dma.o
 .debug_info    0x000000000000aecc     0x1064 build/stm32f4xx_hal_cortex.o
 .debug_info    0x000000000000bf30      0xac3 build/stm32f4xx_hal.o
 .debug_info    0x000000000000c9f3     0x1d82 build/stm32f4xx_hal_spi.o
 .debug_info    0x000000000000e775     0x34d0 build/stm32f4xx_hal_tim.o
 .debug_info    0x0000000000011c45     0x166c build/stm32f4xx_hal_tim_ex.o
 .debug_info    0x00000000000132b1      0x5de build/system_stm32f4xx.o
 .debug_info    0x000000000001388f     0x1eef build/user_main.o
 .debug_info    0x000000000001577e     0x28b1 build/motor_driver.o
 .debug_info    0x000000000001802f      0x3da build/algorithm.o
 .debug_info    0x0000000000018409     0x21a9 build/can_protocol.o
 .debug_info    0x000000000001a5b2      0xc92 build/can.o
 .debug_info    0x000000000001b244     0x127a build/stm32f4xx_hal_can.o
 .debug_info    0x000000000001c4be     0x1526 build/LED.o
 .debug_info    0x000000000001d9e4     0x140a build/WS2812B.o
 .debug_info    0x000000000001edee     0x2047 build/M3508.o
 .debug_info    0x0000000000020e35     0x22b8 build/MPU6050.o
 .debug_info    0x00000000000230ed     0x2503 build/iic.o
 .debug_info    0x00000000000255f0     0x205d build/user_control.o
 .debug_info    0x000000000002764d       0x64 build/startup_stm32f405xx.o

.debug_abbrev   0x0000000000000000     0x4280
 .debug_abbrev  0x0000000000000000      0x286 build/main.o
 .debug_abbrev  0x0000000000000286      0x17b build/gpio.o
 .debug_abbrev  0x0000000000000401      0x1ce build/adc.o
 .debug_abbrev  0x00000000000005cf      0x106 build/dma.o
 .debug_abbrev  0x00000000000006d5      0x1ce build/spi.o
 .debug_abbrev  0x00000000000008a3      0x217 build/tim.o
 .debug_abbrev  0x0000000000000aba      0x25c build/stm32f4xx_it.o
 .debug_abbrev  0x0000000000000d16      0x106 build/stm32f4xx_hal_msp.o
 .debug_abbrev  0x0000000000000e1c      0x28f build/stm32f4xx_hal_adc.o
 .debug_abbrev  0x00000000000010ab      0x28b build/stm32f4xx_hal_rcc.o
 .debug_abbrev  0x0000000000001336      0x21a build/stm32f4xx_hal_gpio.o
 .debug_abbrev  0x0000000000001550      0x2aa build/stm32f4xx_hal_dma.o
 .debug_abbrev  0x00000000000017fa      0x33b build/stm32f4xx_hal_cortex.o
 .debug_abbrev  0x0000000000001b35      0x1eb build/stm32f4xx_hal.o
 .debug_abbrev  0x0000000000001d20      0x296 build/stm32f4xx_hal_spi.o
 .debug_abbrev  0x0000000000001fb6      0x270 build/stm32f4xx_hal_tim.o
 .debug_abbrev  0x0000000000002226      0x269 build/stm32f4xx_hal_tim_ex.o
 .debug_abbrev  0x000000000000248f      0x128 build/system_stm32f4xx.o
 .debug_abbrev  0x00000000000025b7      0x22a build/user_main.o
 .debug_abbrev  0x00000000000027e1      0x35b build/motor_driver.o
 .debug_abbrev  0x0000000000002b3c      0x171 build/algorithm.o
 .debug_abbrev  0x0000000000002cad      0x290 build/can_protocol.o
 .debug_abbrev  0x0000000000002f3d      0x1c7 build/can.o
 .debug_abbrev  0x0000000000003104      0x26a build/stm32f4xx_hal_can.o
 .debug_abbrev  0x000000000000336e      0x23f build/LED.o
 .debug_abbrev  0x00000000000035ad      0x242 build/WS2812B.o
 .debug_abbrev  0x00000000000037ef      0x295 build/M3508.o
 .debug_abbrev  0x0000000000003a84      0x289 build/MPU6050.o
 .debug_abbrev  0x0000000000003d0d      0x2dc build/iic.o
 .debug_abbrev  0x0000000000003fe9      0x285 build/user_control.o
 .debug_abbrev  0x000000000000426e       0x12 build/startup_stm32f405xx.o

.debug_loc      0x0000000000000000     0xcd19
 .debug_loc     0x0000000000000000       0x59 build/main.o
 .debug_loc     0x0000000000000059       0x39 build/gpio.o
 .debug_loc     0x0000000000000092      0x10b build/adc.o
 .debug_loc     0x000000000000019d       0x2c build/dma.o
 .debug_loc     0x00000000000001c9       0xe7 build/spi.o
 .debug_loc     0x00000000000002b0      0x29a build/tim.o
 .debug_loc     0x000000000000054a       0xe0 build/stm32f4xx_it.o
 .debug_loc     0x000000000000062a       0x2c build/stm32f4xx_hal_msp.o
 .debug_loc     0x0000000000000656      0xc8a build/stm32f4xx_hal_adc.o
 .debug_loc     0x00000000000012e0      0x55c build/stm32f4xx_hal_rcc.o
 .debug_loc     0x000000000000183c      0x4f2 build/stm32f4xx_hal_gpio.o
 .debug_loc     0x0000000000001d2e      0xc1d build/stm32f4xx_hal_dma.o
 .debug_loc     0x000000000000294b      0x6a6 build/stm32f4xx_hal_cortex.o
 .debug_loc     0x0000000000002ff1      0x1ad build/stm32f4xx_hal.o
 .debug_loc     0x000000000000319e     0x2172 build/stm32f4xx_hal_spi.o
 .debug_loc     0x0000000000005310     0x4343 build/stm32f4xx_hal_tim.o
 .debug_loc     0x0000000000009653     0x1648 build/stm32f4xx_hal_tim_ex.o
 .debug_loc     0x000000000000ac9b      0x13e build/system_stm32f4xx.o
 .debug_loc     0x000000000000add9       0x40 build/user_main.o
 .debug_loc     0x000000000000ae19      0x56d build/motor_driver.o
 .debug_loc     0x000000000000b386       0xda build/algorithm.o
 .debug_loc     0x000000000000b460      0x124 build/can_protocol.o
 .debug_loc     0x000000000000b584       0xf8 build/can.o
 .debug_loc     0x000000000000b67c      0xddf build/stm32f4xx_hal_can.o
 .debug_loc     0x000000000000c45b      0x242 build/LED.o
 .debug_loc     0x000000000000c69d       0xdb build/WS2812B.o
 .debug_loc     0x000000000000c778       0xb2 build/M3508.o
 .debug_loc     0x000000000000c82a      0x131 build/MPU6050.o
 .debug_loc     0x000000000000c95b      0x274 build/iic.o
 .debug_loc     0x000000000000cbcf      0x14a build/user_control.o

.debug_aranges  0x0000000000000000     0x1128
 .debug_aranges
                0x0000000000000000       0x30 build/main.o
 .debug_aranges
                0x0000000000000030       0x20 build/gpio.o
 .debug_aranges
                0x0000000000000050       0x30 build/adc.o
 .debug_aranges
                0x0000000000000080       0x20 build/dma.o
 .debug_aranges
                0x00000000000000a0       0x30 build/spi.o
 .debug_aranges
                0x00000000000000d0       0x50 build/tim.o
 .debug_aranges
                0x0000000000000120       0x90 build/stm32f4xx_it.o
 .debug_aranges
                0x00000000000001b0       0x20 build/stm32f4xx_hal_msp.o
 .debug_aranges
                0x00000000000001d0       0xe8 build/stm32f4xx_hal_adc.o
 .debug_aranges
                0x00000000000002b8       0x88 build/stm32f4xx_hal_rcc.o
 .debug_aranges
                0x0000000000000340       0x58 build/stm32f4xx_hal_gpio.o
 .debug_aranges
                0x0000000000000398       0x90 build/stm32f4xx_hal_dma.o
 .debug_aranges
                0x0000000000000428       0xa8 build/stm32f4xx_hal_cortex.o
 .debug_aranges
                0x00000000000004d0       0xf0 build/stm32f4xx_hal.o
 .debug_aranges
                0x00000000000005c0      0x1d0 build/stm32f4xx_hal_spi.o
 .debug_aranges
                0x0000000000000790      0x3a8 build/stm32f4xx_hal_tim.o
 .debug_aranges
                0x0000000000000b38      0x150 build/stm32f4xx_hal_tim_ex.o
 .debug_aranges
                0x0000000000000c88       0x28 build/system_stm32f4xx.o
 .debug_aranges
                0x0000000000000cb0       0x28 build/user_main.o
 .debug_aranges
                0x0000000000000cd8       0x98 build/motor_driver.o
 .debug_aranges
                0x0000000000000d70       0x38 build/algorithm.o
 .debug_aranges
                0x0000000000000da8       0x48 build/can_protocol.o
 .debug_aranges
                0x0000000000000df0       0x30 build/can.o
 .debug_aranges
                0x0000000000000e20      0x138 build/stm32f4xx_hal_can.o
 .debug_aranges
                0x0000000000000f58       0x50 build/LED.o
 .debug_aranges
                0x0000000000000fa8       0x28 build/WS2812B.o
 .debug_aranges
                0x0000000000000fd0       0x38 build/M3508.o
 .debug_aranges
                0x0000000000001008       0x38 build/MPU6050.o
 .debug_aranges
                0x0000000000001040       0x80 build/iic.o
 .debug_aranges
                0x00000000000010c0       0x40 build/user_control.o
 .debug_aranges
                0x0000000000001100       0x28 build/startup_stm32f405xx.o

.debug_ranges   0x0000000000000000      0xfe8
 .debug_ranges  0x0000000000000000       0x20 build/main.o
 .debug_ranges  0x0000000000000020       0x10 build/gpio.o
 .debug_ranges  0x0000000000000030       0x20 build/adc.o
 .debug_ranges  0x0000000000000050       0x10 build/dma.o
 .debug_ranges  0x0000000000000060       0x20 build/spi.o
 .debug_ranges  0x0000000000000080       0x40 build/tim.o
 .debug_ranges  0x00000000000000c0       0x80 build/stm32f4xx_it.o
 .debug_ranges  0x0000000000000140       0x10 build/stm32f4xx_hal_msp.o
 .debug_ranges  0x0000000000000150       0xd8 build/stm32f4xx_hal_adc.o
 .debug_ranges  0x0000000000000228       0x90 build/stm32f4xx_hal_rcc.o
 .debug_ranges  0x00000000000002b8       0x48 build/stm32f4xx_hal_gpio.o
 .debug_ranges  0x0000000000000300       0x80 build/stm32f4xx_hal_dma.o
 .debug_ranges  0x0000000000000380       0xf8 build/stm32f4xx_hal_cortex.o
 .debug_ranges  0x0000000000000478       0xe0 build/stm32f4xx_hal.o
 .debug_ranges  0x0000000000000558      0x1c0 build/stm32f4xx_hal_spi.o
 .debug_ranges  0x0000000000000718      0x398 build/stm32f4xx_hal_tim.o
 .debug_ranges  0x0000000000000ab0      0x140 build/stm32f4xx_hal_tim_ex.o
 .debug_ranges  0x0000000000000bf0       0x18 build/system_stm32f4xx.o
 .debug_ranges  0x0000000000000c08       0x18 build/user_main.o
 .debug_ranges  0x0000000000000c20       0x88 build/motor_driver.o
 .debug_ranges  0x0000000000000ca8       0x28 build/algorithm.o
 .debug_ranges  0x0000000000000cd0       0x50 build/can_protocol.o
 .debug_ranges  0x0000000000000d20       0x20 build/can.o
 .debug_ranges  0x0000000000000d40      0x128 build/stm32f4xx_hal_can.o
 .debug_ranges  0x0000000000000e68       0x40 build/LED.o
 .debug_ranges  0x0000000000000ea8       0x30 build/WS2812B.o
 .debug_ranges  0x0000000000000ed8       0x28 build/M3508.o
 .debug_ranges  0x0000000000000f00       0x28 build/MPU6050.o
 .debug_ranges  0x0000000000000f28       0x70 build/iic.o
 .debug_ranges  0x0000000000000f98       0x30 build/user_control.o
 .debug_ranges  0x0000000000000fc8       0x20 build/startup_stm32f405xx.o

.debug_line     0x0000000000000000     0x9217
 .debug_line    0x0000000000000000      0x454 build/main.o
 .debug_line    0x0000000000000454      0x20f build/gpio.o
 .debug_line    0x0000000000000663      0x291 build/adc.o
 .debug_line    0x00000000000008f4      0x1aa build/dma.o
 .debug_line    0x0000000000000a9e      0x26c build/spi.o
 .debug_line    0x0000000000000d0a      0x35f build/tim.o
 .debug_line    0x0000000000001069      0x4e3 build/stm32f4xx_it.o
 .debug_line    0x000000000000154c      0x1b9 build/stm32f4xx_hal_msp.o
 .debug_line    0x0000000000001705      0x6eb build/stm32f4xx_hal_adc.o
 .debug_line    0x0000000000001df0      0x4b2 build/stm32f4xx_hal_rcc.o
 .debug_line    0x00000000000022a2      0x389 build/stm32f4xx_hal_gpio.o
 .debug_line    0x000000000000262b      0x51f build/stm32f4xx_hal_dma.o
 .debug_line    0x0000000000002b4a      0x426 build/stm32f4xx_hal_cortex.o
 .debug_line    0x0000000000002f70      0x3f8 build/stm32f4xx_hal.o
 .debug_line    0x0000000000003368      0xc3d build/stm32f4xx_hal_spi.o
 .debug_line    0x0000000000003fa5     0x1496 build/stm32f4xx_hal_tim.o
 .debug_line    0x000000000000543b      0x85f build/stm32f4xx_hal_tim_ex.o
 .debug_line    0x0000000000005c9a      0x1e2 build/system_stm32f4xx.o
 .debug_line    0x0000000000005e7c      0x41f build/user_main.o
 .debug_line    0x000000000000629b      0x5ab build/motor_driver.o
 .debug_line    0x0000000000006846      0x203 build/algorithm.o
 .debug_line    0x0000000000006a49      0x467 build/can_protocol.o
 .debug_line    0x0000000000006eb0      0x271 build/can.o
 .debug_line    0x0000000000007121      0x6db build/stm32f4xx_hal_can.o
 .debug_line    0x00000000000077fc      0x402 build/LED.o
 .debug_line    0x0000000000007bfe      0x30e build/WS2812B.o
 .debug_line    0x0000000000007f0c      0x488 build/M3508.o
 .debug_line    0x0000000000008394      0x44a build/MPU6050.o
 .debug_line    0x00000000000087de      0x53b build/iic.o
 .debug_line    0x0000000000008d19      0x48a build/user_control.o
 .debug_line    0x00000000000091a3       0x74 build/startup_stm32f405xx.o

.debug_str      0x0000000000000000     0x515f
 .debug_str     0x0000000000000000     0x1444 build/main.o
                                       0x159e (size before relaxing)
 .debug_str     0x0000000000001444      0x5a4 build/gpio.o
                                        0x93b (size before relaxing)
 .debug_str     0x00000000000019e8       0xbb build/adc.o
                                        0x8db (size before relaxing)
 .debug_str     0x0000000000001aa3        0xa build/dma.o
                                        0x387 (size before relaxing)
 .debug_str     0x0000000000001aad       0x50 build/spi.o
                                        0x8e6 (size before relaxing)
 .debug_str     0x0000000000001afd      0x299 build/tim.o
                                       0x1055 (size before relaxing)
 .debug_str     0x0000000000001d96      0x211 build/stm32f4xx_it.o
                                       0x14b7 (size before relaxing)
 .debug_str     0x0000000000001fa7       0x24 build/stm32f4xx_hal_msp.o
                                        0x395 (size before relaxing)
 .debug_str     0x0000000000001fcb      0x2e6 build/stm32f4xx_hal_adc.o
                                        0xa10 (size before relaxing)
 .debug_str     0x00000000000022b1      0x1d1 build/stm32f4xx_hal_rcc.o
                                        0x78b (size before relaxing)
 .debug_str     0x0000000000002482      0x103 build/stm32f4xx_hal_gpio.o
                                        0x5ad (size before relaxing)
 .debug_str     0x0000000000002585      0x2c6 build/stm32f4xx_hal_dma.o
                                        0x833 (size before relaxing)
 .debug_str     0x000000000000284b      0x4c4 build/stm32f4xx_hal_cortex.o
                                        0xcc6 (size before relaxing)
 .debug_str     0x0000000000002d0f      0x229 build/stm32f4xx_hal.o
                                        0xb87 (size before relaxing)
 .debug_str     0x0000000000002f38      0x510 build/stm32f4xx_hal_spi.o
                                        0xc96 (size before relaxing)
 .debug_str     0x0000000000003448      0xcdd build/stm32f4xx_hal_tim.o
                                       0x158a (size before relaxing)
 .debug_str     0x0000000000004125      0x423 build/stm32f4xx_hal_tim_ex.o
                                        0xda2 (size before relaxing)
 .debug_str     0x0000000000004548       0x42 build/system_stm32f4xx.o
                                        0x411 (size before relaxing)
 .debug_str     0x000000000000458a       0xad build/user_main.o
                                       0x139d (size before relaxing)
 .debug_str     0x0000000000004637      0x1b4 build/motor_driver.o
                                       0x15c5 (size before relaxing)
 .debug_str     0x00000000000047eb       0x56 build/algorithm.o
                                        0x31b (size before relaxing)
 .debug_str     0x0000000000004841      0x23a build/can_protocol.o
                                       0x1566 (size before relaxing)
 .debug_str     0x0000000000004a7b       0x43 build/can.o
                                        0xbfc (size before relaxing)
 .debug_str     0x0000000000004abe      0x394 build/stm32f4xx_hal_can.o
                                        0xb18 (size before relaxing)
 .debug_str     0x0000000000004e52       0x5d build/LED.o
                                        0xd0e (size before relaxing)
 .debug_str     0x0000000000004eaf       0x1e build/WS2812B.o
                                        0xcdd (size before relaxing)
 .debug_str     0x0000000000004ecd       0xb0 build/M3508.o
                                       0x13a5 (size before relaxing)
 .debug_str     0x0000000000004f7d      0x108 build/MPU6050.o
                                       0x13d6 (size before relaxing)
 .debug_str     0x0000000000005085       0xa4 build/iic.o
                                       0x1470 (size before relaxing)
 .debug_str     0x0000000000005129       0x36 build/user_control.o
                                       0x13d2 (size before relaxing)

.comment        0x0000000000000000       0x7f
 .comment       0x0000000000000000       0x7f build/main.o
                                         0x80 (size before relaxing)
 .comment       0x000000000000007f       0x80 build/gpio.o
 .comment       0x000000000000007f       0x80 build/adc.o
 .comment       0x000000000000007f       0x80 build/dma.o
 .comment       0x000000000000007f       0x80 build/spi.o
 .comment       0x000000000000007f       0x80 build/tim.o
 .comment       0x000000000000007f       0x80 build/stm32f4xx_it.o
 .comment       0x000000000000007f       0x80 build/stm32f4xx_hal_msp.o
 .comment       0x000000000000007f       0x80 build/stm32f4xx_hal_adc.o
 .comment       0x000000000000007f       0x80 build/stm32f4xx_hal_rcc.o
 .comment       0x000000000000007f       0x80 build/stm32f4xx_hal_gpio.o
 .comment       0x000000000000007f       0x80 build/stm32f4xx_hal_dma.o
 .comment       0x000000000000007f       0x80 build/stm32f4xx_hal_cortex.o
 .comment       0x000000000000007f       0x80 build/stm32f4xx_hal.o
 .comment       0x000000000000007f       0x80 build/stm32f4xx_hal_spi.o
 .comment       0x000000000000007f       0x80 build/stm32f4xx_hal_tim.o
 .comment       0x000000000000007f       0x80 build/stm32f4xx_hal_tim_ex.o
 .comment       0x000000000000007f       0x80 build/system_stm32f4xx.o
 .comment       0x000000000000007f       0x80 build/user_main.o
 .comment       0x000000000000007f       0x80 build/motor_driver.o
 .comment       0x000000000000007f       0x80 build/algorithm.o
 .comment       0x000000000000007f       0x80 build/can_protocol.o
 .comment       0x000000000000007f       0x80 build/can.o
 .comment       0x000000000000007f       0x80 build/stm32f4xx_hal_can.o
 .comment       0x000000000000007f       0x80 build/LED.o
 .comment       0x000000000000007f       0x80 build/WS2812B.o
 .comment       0x000000000000007f       0x80 build/M3508.o
 .comment       0x000000000000007f       0x80 build/MPU6050.o
 .comment       0x000000000000007f       0x80 build/iic.o
 .comment       0x000000000000007f       0x80 build/user_control.o

.debug_frame    0x0000000000000000     0x34f0
 .debug_frame   0x0000000000000000       0x60 build/main.o
 .debug_frame   0x0000000000000060       0x40 build/gpio.o
 .debug_frame   0x00000000000000a0       0x78 build/adc.o
 .debug_frame   0x0000000000000118       0x28 build/dma.o
 .debug_frame   0x0000000000000140       0x70 build/spi.o
 .debug_frame   0x00000000000001b0       0xf8 build/tim.o
 .debug_frame   0x00000000000002a8      0x154 build/stm32f4xx_it.o
 .debug_frame   0x00000000000003fc       0x28 build/stm32f4xx_hal_msp.o
 .debug_frame   0x0000000000000424      0x2b8 build/stm32f4xx_hal_adc.o
 .debug_frame   0x00000000000006dc      0x1ac build/stm32f4xx_hal_rcc.o
 .debug_frame   0x0000000000000888       0xf0 build/stm32f4xx_hal_gpio.o
 .debug_frame   0x0000000000000978      0x1a8 build/stm32f4xx_hal_dma.o
 .debug_frame   0x0000000000000b20      0x16c build/stm32f4xx_hal_cortex.o
 .debug_frame   0x0000000000000c8c      0x200 build/stm32f4xx_hal.o
 .debug_frame   0x0000000000000e8c      0x628 build/stm32f4xx_hal_spi.o
 .debug_frame   0x00000000000014b4      0xbd0 build/stm32f4xx_hal_tim.o
 .debug_frame   0x0000000000002084      0x428 build/stm32f4xx_hal_tim_ex.o
 .debug_frame   0x00000000000024ac       0x30 build/system_stm32f4xx.o
 .debug_frame   0x00000000000024dc       0x48 build/user_main.o
 .debug_frame   0x0000000000002524      0x1b0 build/motor_driver.o
 .debug_frame   0x00000000000026d4       0x5c build/algorithm.o
 .debug_frame   0x0000000000002730       0xb8 build/can_protocol.o
 .debug_frame   0x00000000000027e8       0x6c build/can.o
 .debug_frame   0x0000000000002854      0x318 build/stm32f4xx_hal_can.o
 .debug_frame   0x0000000000002b6c       0xd8 build/LED.o
 .debug_frame   0x0000000000002c44       0x48 build/WS2812B.o
 .debug_frame   0x0000000000002c8c       0x7c build/M3508.o
 .debug_frame   0x0000000000002d08       0xb0 build/MPU6050.o
 .debug_frame   0x0000000000002db8      0x168 build/iic.o
 .debug_frame   0x0000000000002f20       0x90 build/user_control.o
 .debug_frame   0x0000000000002fb0       0x2c /Users/geekzjk/opt/gcc-arm-none-eabi-6-2017-q2-update/bin/../lib/gcc/arm-none-eabi/6.3.1/../../../../arm-none-eabi/lib/thumb/v7e-m/fpv4-sp/hard/libc_nano.a(lib_a-init.o)
 .debug_frame   0x0000000000002fdc       0x20 /Users/geekzjk/opt/gcc-arm-none-eabi-6-2017-q2-update/bin/../lib/gcc/arm-none-eabi/6.3.1/../../../../arm-none-eabi/lib/thumb/v7e-m/fpv4-sp/hard/libc_nano.a(lib_a-memset.o)
 .debug_frame   0x0000000000002ffc       0x38 /Users/geekzjk/opt/gcc-arm-none-eabi-6-2017-q2-update/bin/../lib/gcc/arm-none-eabi/6.3.1/../../../../arm-none-eabi/lib/thumb/v7e-m/fpv4-sp/hard/libm.a(lib_a-s_atan.o)
 .debug_frame   0x0000000000003034       0x20 /Users/geekzjk/opt/gcc-arm-none-eabi-6-2017-q2-update/bin/../lib/gcc/arm-none-eabi/6.3.1/../../../../arm-none-eabi/lib/thumb/v7e-m/fpv4-sp/hard/libm.a(lib_a-s_fabs.o)
 .debug_frame   0x0000000000003054       0x50 /Users/geekzjk/opt/gcc-arm-none-eabi-6-2017-q2-update/bin/../lib/gcc/arm-none-eabi/6.3.1/../../../../arm-none-eabi/lib/thumb/v7e-m/fpv4-sp/hard/libm.a(lib_a-w_pow.o)
 .debug_frame   0x00000000000030a4       0x4c /Users/geekzjk/opt/gcc-arm-none-eabi-6-2017-q2-update/bin/../lib/gcc/arm-none-eabi/6.3.1/../../../../arm-none-eabi/lib/thumb/v7e-m/fpv4-sp/hard/libm.a(lib_a-w_sqrt.o)
 .debug_frame   0x00000000000030f0       0x64 /Users/geekzjk/opt/gcc-arm-none-eabi-6-2017-q2-update/bin/../lib/gcc/arm-none-eabi/6.3.1/../../../../arm-none-eabi/lib/thumb/v7e-m/fpv4-sp/hard/libm.a(lib_a-e_pow.o)
 .debug_frame   0x0000000000003154       0x30 /Users/geekzjk/opt/gcc-arm-none-eabi-6-2017-q2-update/bin/../lib/gcc/arm-none-eabi/6.3.1/../../../../arm-none-eabi/lib/thumb/v7e-m/fpv4-sp/hard/libm.a(lib_a-e_sqrt.o)
 .debug_frame   0x0000000000003184       0x20 /Users/geekzjk/opt/gcc-arm-none-eabi-6-2017-q2-update/bin/../lib/gcc/arm-none-eabi/6.3.1/../../../../arm-none-eabi/lib/thumb/v7e-m/fpv4-sp/hard/libm.a(lib_a-s_finite.o)
 .debug_frame   0x00000000000031a4       0x20 /Users/geekzjk/opt/gcc-arm-none-eabi-6-2017-q2-update/bin/../lib/gcc/arm-none-eabi/6.3.1/../../../../arm-none-eabi/lib/thumb/v7e-m/fpv4-sp/hard/libm.a(lib_a-s_matherr.o)
 .debug_frame   0x00000000000031c4       0x20 /Users/geekzjk/opt/gcc-arm-none-eabi-6-2017-q2-update/bin/../lib/gcc/arm-none-eabi/6.3.1/../../../../arm-none-eabi/lib/thumb/v7e-m/fpv4-sp/hard/libm.a(lib_a-s_nan.o)
 .debug_frame   0x00000000000031e4       0x3c /Users/geekzjk/opt/gcc-arm-none-eabi-6-2017-q2-update/bin/../lib/gcc/arm-none-eabi/6.3.1/../../../../arm-none-eabi/lib/thumb/v7e-m/fpv4-sp/hard/libm.a(lib_a-s_rint.o)
 .debug_frame   0x0000000000003220       0x2c /Users/geekzjk/opt/gcc-arm-none-eabi-6-2017-q2-update/bin/../lib/gcc/arm-none-eabi/6.3.1/../../../../arm-none-eabi/lib/thumb/v7e-m/fpv4-sp/hard/libm.a(lib_a-s_scalbn.o)
 .debug_frame   0x000000000000324c       0x20 /Users/geekzjk/opt/gcc-arm-none-eabi-6-2017-q2-update/bin/../lib/gcc/arm-none-eabi/6.3.1/../../../../arm-none-eabi/lib/thumb/v7e-m/fpv4-sp/hard/libm.a(lib_a-s_copysign.o)
 .debug_frame   0x000000000000326c       0xac /Users/geekzjk/opt/gcc-arm-none-eabi-6-2017-q2-update/bin/../lib/gcc/arm-none-eabi/6.3.1/thumb/v7e-m/fpv4-sp/hard/libgcc.a(_arm_addsubdf3.o)